1.202.218.70 - - [20/Jan/2013:14:54:00 -0600] "HEAD / HTTP/1.1" 302 0 "-" "Mozilla/5.0 (compatible; JikeSpider; +http://shoulu.jike.com/spider.html)"
1.202.218.70 - - [20/Jan/2013:14:54:01 -0600] "GET / HTTP/1.1" 302 5 "-" "Mozilla/5.0 (compatible; JikeSpider; +http://shoulu.jike.com/spider.html)"
1.202.218.70 - - [20/Jan/2013:14:54:25 -0600] "HEAD /blog/ HTTP/1.1" 200 0 "-" "Mozilla/5.0 (compatible; JikeSpider; +http://shoulu.jike.com/spider.html)"
1.202.218.70 - - [20/Jan/2013:14:54:26 -0600] "GET /blog/ HTTP/1.1" 200 12993 "-" "Mozilla/5.0 (compatible; JikeSpider; +http://shoulu.jike.com/spider.html)"
66.249.74.38 - - [20/Jan/2013:14:56:38 -0600] "GET /blog/wp-content/themes/thesis_185/custom/layout.css HTTP/1.1" 200 31442 "-" "Mozilla/5.0 (compatible; Googlebot/2.1; +http://www.google.com/bot.html)"
66.249.74.38 - - [20/Jan/2013:14:56:39 -0600] "GET /blog/wp-content/themes/thesis_185/custom/custom.css HTTP/1.1" 200 1976 "-" "Mozilla/5.0 (compatible; Googlebot/2.1; +http://www.google.com/bot.html)"
66.249.74.38 - - [20/Jan/2013:14:56:39 -0600] "GET /blog/wp-includes/js/comment-reply.js?ver=3.4.2 HTTP/1.1" 200 1222 "-" "Mozilla/5.0 (compatible; Googlebot/2.1; +http://www.google.com/bot.html)"
178.154.163.29 - - [20/Jan/2013:14:56:40 -0600] "GET /blog/new-word/ HTTP/1.1" 200 3504 "-" "Mozilla/5.0 (compatible; YandexBot/3.0; +http://yandex.com/bots)"
106.187.97.211 - - [20/Jan/2013:15:00:01 -0600] "GET /blog/wp-cron.php?doing_wp_cron HTTP/1.1" 200 5 "-" "curl/7.27.0"
106.187.97.211 - - [20/Jan/2013:15:00:01 -0600] "GET /bauer/wp-cron.php?doing_wp_cron HTTP/1.1" 200 5 "-" "curl/7.27.0"
106.187.97.211 - - [20/Jan/2013:15:00:01 -0600] "GET /homesite/wp-cron.php?doing_wp_cron HTTP/1.1" 200 5 "-" "curl/7.27.0"
188.143.232.211 - - [20/Jan/2013:15:06:19 -0600] "GET /blog/?cal_m=1&cal_y=1999 HTTP/1.1" 200 40347 "-" "Mozilla/4.0 (compatible; MSIE 6.0; Windows NT 5.1; SV1)"
188.143.232.211 - - [20/Jan/2013:15:06:23 -0600] "GET /blog HTTP/1.1" 301 178 "-" "Mozilla/4.0 (compatible; MSIE 6.0; Windows NT 5.1; SV1)"
188.143.232.211 - - [20/Jan/2013:15:06:36 -0600] "GET /blog/ HTTP/1.1" 200 40323 "-" "Mozilla/4.0 (compatible; MSIE 6.0; Windows NT 5.1; SV1)"
188.143.232.211 - - [20/Jan/2013:15:06:42 -0600] "GET /blog/feed/ HTTP/1.1" 200 38214 "-" "Mozilla/4.0 (compatible; MSIE 6.0; Windows NT 5.1; SV1)"
188.143.232.211 - - [20/Jan/2013:15:06:46 -0600] "GET /blog/about/ HTTP/1.1" 200 6721 "-" "Mozilla/4.0 (compatible; MSIE 6.0; Windows NT 5.1; SV1)"
188.143.232.211 - - [20/Jan/2013:15:06:51 -0600] "GET /blog/life-list/ HTTP/1.1" 200 6009 "-" "Mozilla/4.0 (compatible; MSIE 6.0; Windows NT 5.1; SV1)"
188.143.232.211 - - [20/Jan/2013:15:06:52 -0600] "GET /blog/remove-ubuntudebian-version-from-sshd-server-string/ HTTP/1.1" 200 10212 "-" "Mozilla/4.0 (compatible; MSIE 6.0; Windows NT 5.1; SV1)"
188.143.232.211 - - [20/Jan/2013:15:06:58 -0600] "POST /blog/wp-comments-post.php HTTP/1.1" 500 4144 "http://ngmarley.com/blog/remove-ubuntudebian-version-from-sshd-server-string/" "Mozilla/4.0 (compatible; MSIE 6.0; Windows NT 5.1; SV1)"
139.52.219.176 - - [20/Jan/2013:15:20:55 -0600] "GET /blog/linux-shared-library-error/ HTTP/1.1" 200 3715 "http://www.google.com/url?sa=t&rct=j&q=&esrc=s&source=web&cd=4&ved=0CFYQFjAD&url=http%3A%2F%2Fngmarley.com%2Fblog%2Flinux-shared-library-error%2F&ei=iF_8UO6qIauu2gWV6YHIAg&usg=AFQjCNEqOGaw6N0t-o1fgvyTViwCNRQQzA&sig2=gyxPRmMDw8BHCb4t7gbo3A" "Mozilla/5.0 (X11; Ubuntu; Linux x86_64; rv:18.0) Gecko/20100101 Firefox/18.0"
139.52.219.176 - - [20/Jan/2013:15:20:55 -0600] "GET /blog/wp-content/plugins/codecolorer/codecolorer.css?ver=0.9.9 HTTP/1.1" 200 11358 "http://ngmarley.com/blog/linux-shared-library-error/" "Mozilla/5.0 (X11; Ubuntu; Linux x86_64; rv:18.0) Gecko/20100101 Firefox/18.0"
139.52.219.176 - - [20/Jan/2013:15:20:55 -0600] "GET /blog/wp-content/themes/koi-improved/style.css HTTP/1.1" 200 15888 "http://ngmarley.com/blog/linux-shared-library-error/" "Mozilla/5.0 (X11; Ubuntu; Linux x86_64; rv:18.0) Gecko/20100101 Firefox/18.0"
139.52.219.176 - - [20/Jan/2013:15:20:55 -0600] "GET /blog/wp-content/themes/koi-improved/img/socialmedia/rss.png HTTP/1.1" 200 1484 "http://ngmarley.com/blog/linux-shared-library-error/" "Mozilla/5.0 (X11; Ubuntu; Linux x86_64; rv:18.0) Gecko/20100101 Firefox/18.0"
139.52.219.176 - - [20/Jan/2013:15:20:55 -0600] "GET /blog/wp-includes/js/comment-reply.min.js?ver=3.5 HTTP/1.1" 200 786 "http://ngmarley.com/blog/linux-shared-library-error/" "Mozilla/5.0 (X11; Ubuntu; Linux x86_64; rv:18.0) Gecko/20100101 Firefox/18.0"
139.52.219.176 - - [20/Jan/2013:15:20:56 -0600] "GET /blog/wp-content/themes/koi-improved/yellow.css HTTP/1.1" 404 13019 "http://ngmarley.com/blog/linux-shared-library-error/" "Mozilla/5.0 (X11; Ubuntu; Linux x86_64; rv:18.0) Gecko/20100101 Firefox/18.0"
139.52.219.176 - - [20/Jan/2013:15:20:56 -0600] "GET /blog/wp-content/themes/koi-improved/img/paper-bg.jpg HTTP/1.1" 200 15033 "http://ngmarley.com/blog/wp-content/themes/koi-improved/style.css" "Mozilla/5.0 (X11; Ubuntu; Linux x86_64; rv:18.0) Gecko/20100101 Firefox/18.0"
139.52.219.176 - - [20/Jan/2013:15:20:56 -0600] "GET /blog/wp-content/themes/koi-improved/img/post-nav-rule.png HTTP/1.1" 200 256 "http://ngmarley.com/blog/wp-content/themes/koi-improved/style.css" "Mozilla/5.0 (X11; Ubuntu; Linux x86_64; rv:18.0) Gecko/20100101 Firefox/18.0"
139.52.219.176 - - [20/Jan/2013:15:20:56 -0600] "GET /blog/wp-content/themes/koi-improved/img/post-nav-bg.png HTTP/1.1" 200 1956 "http://ngmarley.com/blog/wp-content/themes/koi-improved/style.css" "Mozilla/5.0 (X11; Ubuntu; Linux x86_64; rv:18.0) Gecko/20100101 Firefox/18.0"
139.52.219.176 - - [20/Jan/2013:15:20:56 -0600] "GET /blog/wp-content/themes/koi-improved/img/header.gif HTTP/1.1" 200 61208 "http://ngmarley.com/blog/wp-content/themes/koi-improved/style.css" "Mozilla/5.0 (X11; Ubuntu; Linux x86_64; rv:18.0) Gecko/20100101 Firefox/18.0"
139.52.219.176 - - [20/Jan/2013:15:20:56 -0600] "GET /blog/wp-content/themes/koi-improved/img/top-illustration.gif HTTP/1.1" 200 73399 "http://ngmarley.com/blog/wp-content/themes/koi-improved/style.css" "Mozilla/5.0 (X11; Ubuntu; Linux x86_64; rv:18.0) Gecko/20100101 Firefox/18.0"
139.52.219.176 - - [20/Jan/2013:15:20:56 -0600] "GET /blog/wp-content/themes/koi-improved/img/footer.gif HTTP/1.1" 200 44030 "http://ngmarley.com/blog/wp-content/themes/koi-improved/style.css" "Mozilla/5.0 (X11; Ubuntu; Linux x86_64; rv:18.0) Gecko/20100101 Firefox/18.0"
139.52.219.176 - - [20/Jan/2013:15:20:56 -0600] "GET /favicon.ico HTTP/1.1" 404 136 "-" "Mozilla/5.0 (X11; Ubuntu; Linux x86_64; rv:18.0) Gecko/20100101 Firefox/18.0"
139.52.219.176 - - [20/Jan/2013:15:20:57 -0600] "GET /blog/dreaming-of-andalusia-oklahoma/ HTTP/1.1" 200 3140 "http://ngmarley.com/blog/linux-shared-library-error/" "Mozilla/5.0 (X11; Ubuntu; Linux x86_64; rv:18.0) Gecko/20100101 Firefox/18.0"
123.151.148.207 - - [20/Jan/2013:15:23:08 -0600] "GET / HTTP/1.1" 302 5 "-" "Sosospider+(+http://help.soso.com/webspider.htm)"
123.151.148.207 - - [20/Jan/2013:15:23:08 -0600] "GET /blog/ HTTP/1.1" 200 12993 "-" "Sosospider+(+http://help.soso.com/webspider.htm)"
123.151.148.207 - - [20/Jan/2013:15:23:18 -0600] "GET /blog/wp-content/themes/koi-improved/yellow.css HTTP/1.1" 404 13019 "http://ngmarley.com/" "Sosospider+(+http://help.soso.com/webspider.htm)"
66.249.74.38 - - [20/Jan/2013:15:24:58 -0600] "GET /blog/?cal_d=ilmxckrydhm HTTP/1.1" 200 13011 "-" "Mozilla/5.0 (compatible; Googlebot/2.1; +http://www.google.com/bot.html)"
68.224.3.165 - - [20/Jan/2013:15:28:33 -0600] "GET /blog/disable-speed-dial-feature-in-firefox-13/ HTTP/1.1" 200 3841 "-" "Mozilla/5.0 (Windows NT 6.2; rv:17.0) Gecko/20100101 Firefox/17.0"
68.224.3.165 - - [20/Jan/2013:15:28:34 -0600] "GET /blog/wp-content/themes/koi-improved/style.css HTTP/1.1" 200 15888 "http://ngmarley.com/blog/disable-speed-dial-feature-in-firefox-13/" "Mozilla/5.0 (Windows NT 6.2; rv:17.0) Gecko/20100101 Firefox/17.0"
68.224.3.165 - - [20/Jan/2013:15:28:34 -0600] "GET /blog/wp-content/plugins/codecolorer/codecolorer.css?ver=0.9.9 HTTP/1.1" 200 11358 "http://ngmarley.com/blog/disable-speed-dial-feature-in-firefox-13/" "Mozilla/5.0 (Windows NT 6.2; rv:17.0) Gecko/20100101 Firefox/17.0"
68.224.3.165 - - [20/Jan/2013:15:28:34 -0600] "GET /blog/wp-content/themes/koi-improved/img/socialmedia/rss.png HTTP/1.1" 200 1484 "http://ngmarley.com/blog/disable-speed-dial-feature-in-firefox-13/" "Mozilla/5.0 (Windows NT 6.2; rv:17.0) Gecko/20100101 Firefox/17.0"
68.224.3.165 - - [20/Jan/2013:15:28:34 -0600] "GET /blog/wp-content/themes/koi-improved/yellow.css HTTP/1.1" 404 13019 "http://ngmarley.com/blog/disable-speed-dial-feature-in-firefox-13/" "Mozilla/5.0 (Windows NT 6.2; rv:17.0) Gecko/20100101 Firefox/17.0"
68.224.3.165 - - [20/Jan/2013:15:28:34 -0600] "GET /blog/wp-content/themes/koi-improved/img/paper-bg.jpg HTTP/1.1" 200 15033 "http://ngmarley.com/blog/wp-content/themes/koi-improved/style.css" "Mozilla/5.0 (Windows NT 6.2; rv:17.0) Gecko/20100101 Firefox/17.0"
68.224.3.165 - - [20/Jan/2013:15:28:34 -0600] "GET /blog/wp-content/themes/koi-improved/img/post-nav-rule.png HTTP/1.1" 200 256 "http://ngmarley.com/blog/wp-content/themes/koi-improved/style.css" "Mozilla/5.0 (Windows NT 6.2; rv:17.0) Gecko/20100101 Firefox/17.0"
68.224.3.165 - - [20/Jan/2013:15:28:35 -0600] "GET /blog/wp-content/themes/koi-improved/img/top-illustration.gif HTTP/1.1" 200 73399 "http://ngmarley.com/blog/wp-content/themes/koi-improved/style.css" "Mozilla/5.0 (Windows NT 6.2; rv:17.0) Gecko/20100101 Firefox/17.0"
68.224.3.165 - - [20/Jan/2013:15:28:35 -0600] "GET /blog/wp-content/themes/koi-improved/img/reply.png HTTP/1.1" 200 547 "http://ngmarley.com/blog/wp-content/themes/koi-improved/style.css" "Mozilla/5.0 (Windows NT 6.2; rv:17.0) Gecko/20100101 Firefox/17.0"
68.224.3.165 - - [20/Jan/2013:15:28:35 -0600] "GET /blog/wp-content/themes/koi-improved/img/post-nav-bg.png HTTP/1.1" 200 1956 "http://ngmarley.com/blog/wp-content/themes/koi-improved/style.css" "Mozilla/5.0 (Windows NT 6.2; rv:17.0) Gecko/20100101 Firefox/17.0"
68.224.3.165 - - [20/Jan/2013:15:28:35 -0600] "GET /blog/wp-content/themes/koi-improved/img/header.gif HTTP/1.1" 200 61208 "http://ngmarley.com/blog/wp-content/themes/koi-improved/style.css" "Mozilla/5.0 (Windows NT 6.2; rv:17.0) Gecko/20100101 Firefox/17.0"
68.224.3.165 - - [20/Jan/2013:15:28:35 -0600] "GET /blog/wp-content/themes/koi-improved/img/submit-btn.png HTTP/1.1" 200 1112 "http://ngmarley.com/blog/wp-content/themes/koi-improved/style.css" "Mozilla/5.0 (Windows NT 6.2; rv:17.0) Gecko/20100101 Firefox/17.0"
68.224.3.165 - - [20/Jan/2013:15:28:35 -0600] "GET /blog/wp-content/themes/koi-improved/img/footer.gif HTTP/1.1" 200 44030 "http://ngmarley.com/blog/wp-content/themes/koi-improved/style.css" "Mozilla/5.0 (Windows NT 6.2; rv:17.0) Gecko/20100101 Firefox/17.0"
68.224.3.165 - - [20/Jan/2013:15:28:35 -0600] "GET /favicon.ico HTTP/1.1" 404 136 "-" "Mozilla/5.0 (Windows NT 6.2; rv:17.0) Gecko/20100101 Firefox/17.0"
68.224.3.165 - - [20/Jan/2013:15:28:35 -0600] "GET /favicon.ico HTTP/1.1" 404 136 "-" "Mozilla/5.0 (Windows NT 6.2; rv:17.0) Gecko/20100101 Firefox/17.0"
68.224.3.165 - - [20/Jan/2013:15:28:36 -0600] "GET /favicon.ico HTTP/1.1" 404 136 "-" "Mozilla/5.0 (Windows NT 6.2; rv:17.0) Gecko/20100101 Firefox/17.0"
68.224.3.165 - - [20/Jan/2013:15:28:36 -0600] "GET /blog/sailing/ HTTP/1.1" 200 3747 "http://ngmarley.com/blog/disable-speed-dial-feature-in-firefox-13/" "Mozilla/5.0 (Windows NT 6.2; rv:17.0) Gecko/20100101 Firefox/17.0"
68.224.3.165 - - [20/Jan/2013:15:30:38 -0600] "GET /blog/disable-speed-dial-feature-in-firefox-13/ HTTP/1.1" 200 3841 "-" "Mozilla/5.0 (Windows NT 6.2; rv:17.0) Gecko/20100101 Firefox/17.0"
68.224.3.165 - - [20/Jan/2013:15:30:39 -0600] "GET /blog/wp-content/plugins/codecolorer/codecolorer.css?ver=0.9.9 HTTP/1.1" 304 0 "http://ngmarley.com/blog/disable-speed-dial-feature-in-firefox-13/" "Mozilla/5.0 (Windows NT 6.2; rv:17.0) Gecko/20100101 Firefox/17.0"
68.224.3.165 - - [20/Jan/2013:15:30:40 -0600] "GET /blog/wp-content/themes/koi-improved/yellow.css HTTP/1.1" 404 13019 "http://ngmarley.com/blog/disable-speed-dial-feature-in-firefox-13/" "Mozilla/5.0 (Windows NT 6.2; rv:17.0) Gecko/20100101 Firefox/17.0"
68.224.3.165 - - [20/Jan/2013:15:30:40 -0600] "GET /blog/sailing/ HTTP/1.1" 200 3747 "http://ngmarley.com/blog/disable-speed-dial-feature-in-firefox-13/" "Mozilla/5.0 (Windows NT 6.2; rv:17.0) Gecko/20100101 Firefox/17.0"
208.115.111.70 - - [20/Jan/2013:15:31:00 -0600] "GET /blog/contact/ HTTP/1.1" 404 5222 "-" "Mozilla/5.0 (compatible; Ezooms/1.0; ezooms.bot@gmail.com)"
66.249.74.38 - - [20/Jan/2013:15:31:00 -0600] "GET /blog/arrival-at-quebec-city/ HTTP/1.1" 200 3503 "-" "Mozilla/5.0 (compatible; Googlebot/2.1; +http://www.google.com/bot.html)"
208.115.111.70 - - [20/Jan/2013:15:31:02 -0600] "GET /blog/for-better-or-for-awesome/ HTTP/1.1" 200 9956 "-" "Mozilla/5.0 (compatible; Ezooms/1.0; ezooms.bot@gmail.com)"
208.115.111.70 - - [20/Jan/2013:15:31:04 -0600] "GET /blog/purple-carrot/ HTTP/1.1" 200 10103 "-" "Mozilla/5.0 (compatible; Ezooms/1.0; ezooms.bot@gmail.com)"
208.115.111.70 - - [20/Jan/2013:15:31:07 -0600] "GET /blog/tag/short-tags/ HTTP/1.1" 200 13589 "-" "Mozilla/5.0 (compatible; Ezooms/1.0; ezooms.bot@gmail.com)"
208.115.111.70 - - [20/Jan/2013:15:31:11 -0600] "GET /blog/tag/terminal/feed/ HTTP/1.1" 200 4349 "-" "Mozilla/5.0 (compatible; Ezooms/1.0; ezooms.bot@gmail.com)"
66.249.74.38 - - [20/Jan/2013:15:33:23 -0600] "GET /moodle/calendar/view.php?view=month&cal_d=1&cal_m=10&cal_y=2140&course=1 HTTP/1.1" 404 136 "-" "Mozilla/5.0 (compatible; Googlebot/2.1; +http://www.google.com/bot.html)"
119.247.227.238 - - [20/Jan/2013:15:42:08 -0600] "GET /mydci/entries/view/359 HTTP/1.1" 404 564 "-" "Mozilla/4.0 (compatible; MSIE 5.5; Windows NT)"
190.141.228.211 - - [20/Jan/2013:15:43:59 -0600] "GET /?feed=rss2 HTTP/1.1" 302 5 "http://ngmarley.com/?feed=rss2" "Mozilla/5.0 (Windows NT 6.1) AppleWebKit/535.2 (KHTML, like Gecko) Chrome/15.0.861.0 Safari/535.2"
190.141.228.211 - - [20/Jan/2013:15:44:00 -0600] "GET /blog/ HTTP/1.1" 200 40331 "http://ngmarley.com/?feed=rss2" "Mozilla/5.0 (Windows NT 6.1) AppleWebKit/535.2 (KHTML, like Gecko) Chrome/15.0.861.0 Safari/535.2"
64.246.165.190 - - [20/Jan/2013:15:48:44 -0600] "GET / HTTP/1.1" 302 5 "http://whois.domaintools.com/ninjavegan.com" "Mozilla/5.0 (Windows; U; Windows NT 5.1; en; rv:1.9.0.13) Gecko/2009073022 Firefox/3.5.2 (.NET CLR 3.5.30729) SurveyBot/2.3 (DomainTools)"
64.246.165.190 - - [20/Jan/2013:15:48:44 -0600] "GET / HTTP/1.1" 302 5 "http://whois.domaintools.com/ninjavegan.com" "Mozilla/5.0 (Windows; U; Windows NT 5.1; en; rv:1.9.0.13) Gecko/2009073022 Firefox/3.5.2 (.NET CLR 3.5.30729) SurveyBot/2.3 (DomainTools)"
173.199.117.251 - - [20/Jan/2013:15:52:27 -0600] "GET /blog/tag/ff13/ HTTP/1.1" 200 2556 "-" "Mozilla/5.0 (compatible; AhrefsBot/4.0; +http://ahrefs.com/robot/)"
64.246.165.140 - - [20/Jan/2013:15:59:44 -0600] "GET /robots.txt HTTP/1.0" 200 15 "-" "Mozilla/5.0 (Windows; U; Windows NT 5.1; en; rv:1.9.0.13) Gecko/2009073022 Firefox/3.5.2 (.NET CLR 3.5.30729) SurveyBot/2.3 (DomainTools)"
64.246.165.140 - - [20/Jan/2013:15:59:44 -0600] "GET / HTTP/1.1" 302 5 "http://whois.domaintools.com/ngmarley.com" "Mozilla/5.0 (Windows; U; Windows NT 5.1; en; rv:1.9.0.13) Gecko/2009073022 Firefox/3.5.2 (.NET CLR 3.5.30729) SurveyBot/2.3 (DomainTools)"
64.246.165.140 - - [20/Jan/2013:15:59:45 -0600] "GET /blog/ HTTP/1.1" 301 5 "http://whois.domaintools.com/ngmarley.com" "Mozilla/5.0 (Windows; U; Windows NT 5.1; en; rv:1.9.0.13) Gecko/2009073022 Firefox/3.5.2 (.NET CLR 3.5.30729) SurveyBot/2.3 (DomainTools)"
64.246.165.140 - - [20/Jan/2013:15:59:46 -0600] "GET /blog/ HTTP/1.1" 200 12993 "http://whois.domaintools.com/ngmarley.com" "Mozilla/5.0 (Windows; U; Windows NT 5.1; en; rv:1.9.0.13) Gecko/2009073022 Firefox/3.5.2 (.NET CLR 3.5.30729) SurveyBot/2.3 (DomainTools)"
106.187.97.211 - - [20/Jan/2013:16:00:01 -0600] "GET /blog/wp-cron.php?doing_wp_cron HTTP/1.1" 200 5 "-" "curl/7.27.0"
106.187.97.211 - - [20/Jan/2013:16:00:02 -0600] "GET /bauer/wp-cron.php?doing_wp_cron HTTP/1.1" 200 5 "-" "curl/7.27.0"
106.187.97.211 - - [20/Jan/2013:16:00:02 -0600] "GET /homesite/wp-cron.php?doing_wp_cron HTTP/1.1" 200 5 "-" "curl/7.27.0"
178.154.163.29 - - [20/Jan/2013:16:10:32 -0600] "GET /blog/purple-carrot/ HTTP/1.1" 200 2983 "-" "Mozilla/5.0 (compatible; YandexBot/3.0; +http://yandex.com/bots)"
66.249.74.38 - - [20/Jan/2013:16:22:16 -0600] "GET /blog/wp-content/uploads/2010/10/columbus_monument-s.jpg HTTP/1.1" 200 51600 "-" "Googlebot-Image/1.0"
208.115.113.86 - - [20/Jan/2013:16:27:01 -0600] "GET /robots.txt HTTP/1.1" 200 15 "-" "Mozilla/5.0 (compatible; Ezooms/1.0; ezooms.bot@gmail.com)"
123.125.71.104 - - [20/Jan/2013:16:38:08 -0600] "GET / HTTP/1.1" 302 5 "-" "Mozilla/5.0 (compatible; Baiduspider/2.0; +http://www.baidu.com/search/spider.html)"
220.181.108.183 - - [20/Jan/2013:16:39:00 -0600] "GET / HTTP/1.1" 302 5 "-" "Mozilla/5.0 (compatible; Baiduspider/2.0; +http://www.baidu.com/search/spider.html)"
65.55.213.66 - - [20/Jan/2013:16:48:57 -0600] "GET /robots.txt HTTP/1.1" 200 15 "-" "msnbot/2.0b (+http://search.msn.com/msnbot.htm)"
65.55.213.66 - - [20/Jan/2013:16:48:58 -0600] "GET /blog HTTP/1.1" 301 178 "-" "msnbot/2.0b (+http://search.msn.com/msnbot.htm)"
65.55.213.66 - - [20/Jan/2013:16:49:00 -0600] "GET /blog/ HTTP/1.1" 200 12993 "-" "msnbot/2.0b (+http://search.msn.com/msnbot.htm)"
65.55.213.66 - - [20/Jan/2013:16:49:02 -0600] "GET /blog/about/ HTTP/1.1" 200 2573 "-" "msnbot/2.0b (+http://search.msn.com/msnbot.htm)"
65.55.213.66 - - [20/Jan/2013:16:49:07 -0600] "GET /blog/category/tech/ HTTP/1.1" 200 29999 "-" "msnbot/2.0b (+http://search.msn.com/msnbot.htm)"
65.55.213.66 - - [20/Jan/2013:16:49:09 -0600] "GET /blog/category/adventuring/ HTTP/1.1" 200 8193 "-" "msnbot/2.0b (+http://search.msn.com/msnbot.htm)"
65.55.213.66 - - [20/Jan/2013:16:49:10 -0600] "GET /blog/tag/carrot-soup/ HTTP/1.1" 200 2758 "-" "msnbot/2.0b (+http://search.msn.com/msnbot.htm)"
65.55.213.67 - - [20/Jan/2013:16:49:12 -0600] "GET /blog/spicnspan/ HTTP/1.1" 200 5216 "-" "msnbot/2.0b (+http://search.msn.com/msnbot.htm)"
65.55.213.67 - - [20/Jan/2013:16:49:15 -0600] "GET /blog/page/2/ HTTP/1.1" 200 18157 "-" "msnbot/2.0b (+http://search.msn.com/msnbot.htm)"
65.55.213.67 - - [20/Jan/2013:16:49:17 -0600] "GET /blog/black-carrots/ HTTP/1.1" 200 3140 "-" "msnbot/2.0b (+http://search.msn.com/msnbot.htm)"
65.55.213.67 - - [20/Jan/2013:16:49:20 -0600] "GET /blog/category/tech/information-security/ HTTP/1.1" 200 3892 "-" "msnbot/2.0b (+http://search.msn.com/msnbot.htm)"
65.55.213.67 - - [20/Jan/2013:16:49:22 -0600] "GET /blog/analysis-chinese-phishing-scam/ HTTP/1.1" 200 4083 "-" "msnbot/2.0b (+http://search.msn.com/msnbot.htm)"
65.55.213.67 - - [20/Jan/2013:16:49:24 -0600] "GET /blog/tag/purple-potatoes/ HTTP/1.1" 200 2625 "-" "msnbot/2.0b (+http://search.msn.com/msnbot.htm)"
65.55.213.67 - - [20/Jan/2013:16:49:26 -0600] "GET /blog/tag/beet-soup/ HTTP/1.1" 200 2619 "-" "msnbot/2.0b (+http://search.msn.com/msnbot.htm)"
65.55.213.67 - - [20/Jan/2013:16:49:28 -0600] "GET /blog/rare-ish-foods/ HTTP/1.1" 200 2887 "-" "msnbot/2.0b (+http://search.msn.com/msnbot.htm)"
65.55.213.67 - - [20/Jan/2013:16:49:30 -0600] "GET /blog/tag/yellow-carrots/ HTTP/1.1" 200 2760 "-" "msnbot/2.0b (+http://search.msn.com/msnbot.htm)"
65.55.213.67 - - [20/Jan/2013:16:49:32 -0600] "GET /blog/purple-carrot/ HTTP/1.1" 200 2983 "-" "msnbot/2.0b (+http://search.msn.com/msnbot.htm)"
65.55.213.67 - - [20/Jan/2013:16:49:34 -0600] "GET /blog/tag/purple-carrots/ HTTP/1.1" 200 2759 "-" "msnbot/2.0b (+http://search.msn.com/msnbot.htm)"
65.55.213.67 - - [20/Jan/2013:16:49:35 -0600] "GET /blog/tag/terminal/ HTTP/1.1" 200 2671 "-" "msnbot/2.0b (+http://search.msn.com/msnbot.htm)"
65.55.213.67 - - [20/Jan/2013:16:49:37 -0600] "GET /blog/tag/osx-terminal/ HTTP/1.1" 200 2672 "-" "msnbot/2.0b (+http://search.msn.com/msnbot.htm)"
65.55.213.76 - - [20/Jan/2013:16:49:39 -0600] "GET /blog/tag/osx-lion/ HTTP/1.1" 200 2669 "-" "msnbot/2.0b (+http://search.msn.com/msnbot.htm)"
65.55.213.76 - - [20/Jan/2013:16:49:41 -0600] "GET /blog/tag/osx-command-line/ HTTP/1.1" 200 2677 "-" "msnbot/2.0b (+http://search.msn.com/msnbot.htm)"
65.55.213.66 - - [20/Jan/2013:16:49:44 -0600] "GET /blog/tag/osx-2/ HTTP/1.1" 200 6770 "-" "msnbot/2.0b (+http://search.msn.com/msnbot.htm)"
65.55.213.66 - - [20/Jan/2013:16:49:46 -0600] "GET /blog/category/tech/osx/ HTTP/1.1" 200 7984 "-" "msnbot/2.0b (+http://search.msn.com/msnbot.htm)"
65.55.213.66 - - [20/Jan/2013:16:49:48 -0600] "GET /blog/osx-change-root-shell/ HTTP/1.1" 200 3462 "-" "msnbot/2.0b (+http://search.msn.com/msnbot.htm)"
65.55.213.66 - - [20/Jan/2013:16:49:49 -0600] "GET /blog/tag/firefox-speed-dial/ HTTP/1.1" 200 2562 "-" "msnbot/2.0b (+http://search.msn.com/msnbot.htm)"
65.55.213.66 - - [20/Jan/2013:16:49:51 -0600] "GET /blog/tag/firefox-13-speed-dial/ HTTP/1.1" 200 2560 "-" "msnbot/2.0b (+http://search.msn.com/msnbot.htm)"
65.55.213.66 - - [20/Jan/2013:16:49:53 -0600] "GET /blog/tag/firefox-13/ HTTP/1.1" 200 2555 "-" "msnbot/2.0b (+http://search.msn.com/msnbot.htm)"
65.55.213.66 - - [20/Jan/2013:16:49:55 -0600] "GET /blog/tag/ff13/ HTTP/1.1" 200 2556 "-" "msnbot/2.0b (+http://search.msn.com/msnbot.htm)"
65.55.213.66 - - [20/Jan/2013:16:49:56 -0600] "GET /blog/tag/disable-firefox-speed-dial/ HTTP/1.1" 200 2564 "-" "msnbot/2.0b (+http://search.msn.com/msnbot.htm)"
65.55.213.66 - - [20/Jan/2013:16:49:58 -0600] "GET /blog/disable-speed-dial-feature-in-firefox-13/ HTTP/1.1" 200 3841 "-" "msnbot/2.0b (+http://search.msn.com/msnbot.htm)"
65.55.213.66 - - [20/Jan/2013:16:50:00 -0600] "GET /blog/sailing/ HTTP/1.1" 200 3747 "-" "msnbot/2.0b (+http://search.msn.com/msnbot.htm)"
65.55.213.66 - - [20/Jan/2013:16:50:02 -0600] "GET /blog/category/freedom/ HTTP/1.1" 200 21993 "-" "msnbot/2.0b (+http://search.msn.com/msnbot.htm)"
65.55.213.66 - - [20/Jan/2013:16:50:04 -0600] "GET /blog/thailand-september-2012/ HTTP/1.1" 200 4621 "-" "msnbot/2.0b (+http://search.msn.com/msnbot.htm)"
65.55.213.66 - - [20/Jan/2013:16:50:06 -0600] "GET /blog/category/travel/ HTTP/1.1" 200 16723 "-" "msnbot/2.0b (+http://search.msn.com/msnbot.htm)"
65.55.213.66 - - [20/Jan/2013:16:50:07 -0600] "GET /blog/category/horticulture/ HTTP/1.1" 200 6714 "-" "msnbot/2.0b (+http://search.msn.com/msnbot.htm)"
65.55.213.66 - - [20/Jan/2013:16:50:09 -0600] "GET /blog/category/food/ HTTP/1.1" 200 6258 "-" "msnbot/2.0b (+http://search.msn.com/msnbot.htm)"
65.55.213.66 - - [20/Jan/2013:16:50:11 -0600] "GET /blog/almost-christmas/ HTTP/1.1" 200 5828 "-" "msnbot/2.0b (+http://search.msn.com/msnbot.htm)"
65.55.213.67 - - [20/Jan/2013:16:50:13 -0600] "GET /blog/category/tech/linux/ HTTP/1.1" 200 5394 "-" "msnbot/2.0b (+http://search.msn.com/msnbot.htm)"
65.55.213.67 - - [20/Jan/2013:16:50:15 -0600] "GET /blog/tag/ubuntu-sshd/ HTTP/1.1" 200 2567 "-" "msnbot/2.0b (+http://search.msn.com/msnbot.htm)"
65.55.213.67 - - [20/Jan/2013:16:50:16 -0600] "GET /blog/remove-ubuntudebian-version-from-sshd-server-string/ HTTP/1.1" 200 3300 "-" "msnbot/2.0b (+http://search.msn.com/msnbot.htm)"
65.55.213.67 - - [20/Jan/2013:16:50:18 -0600] "GET /blog/feed/ HTTP/1.1" 200 38222 "-" "msnbot/2.0b (+http://search.msn.com/msnbot.htm)"
65.55.213.67 - - [20/Jan/2013:16:50:20 -0600] "GET /blog/life-list/ HTTP/1.1" 200 2120 "-" "msnbot/2.0b (+http://search.msn.com/msnbot.htm)"
178.154.163.29 - - [20/Jan/2013:16:50:32 -0600] "GET /blog/tag/madplay/ HTTP/1.1" 200 4181 "-" "Mozilla/5.0 (compatible; YandexBot/3.0; +http://yandex.com/bots)"
66.249.74.38 - - [20/Jan/2013:16:56:06 -0600] "GET /blog/wp-content/uploads/2011/01/Firefox-Eating-IE-th.jpg HTTP/1.1" 200 13114 "-" "Mozilla/5.0 (compatible; Googlebot/2.1; +http://www.google.com/bot.html)"
106.187.97.211 - - [20/Jan/2013:17:00:02 -0600] "GET /blog/wp-cron.php?doing_wp_cron HTTP/1.1" 200 5 "-" "curl/7.27.0"
106.187.97.211 - - [20/Jan/2013:17:00:02 -0600] "GET /bauer/wp-cron.php?doing_wp_cron HTTP/1.1" 200 5 "-" "curl/7.27.0"
106.187.97.211 - - [20/Jan/2013:17:00:02 -0600] "GET /homesite/wp-cron.php?doing_wp_cron HTTP/1.1" 200 5 "-" "curl/7.27.0"
199.233.233.142 - - [20/Jan/2013:17:05:55 -0600] "GET /robots.txt HTTP/1.0" 200 15 "-" "Mozilla/5.0 (compatible; MJ12bot/v1.4.3; http://www.majestic12.co.uk/bot.php?+)"
199.233.233.142 - - [20/Jan/2013:17:05:57 -0600] "GET /blog HTTP/1.0" 301 178 "-" "Mozilla/5.0 (compatible; MJ12bot/v1.4.3; http://www.majestic12.co.uk/bot.php?+)"
199.233.233.142 - - [20/Jan/2013:17:05:59 -0600] "GET /blog/ HTTP/1.0" 200 40287 "-" "Mozilla/5.0 (compatible; MJ12bot/v1.4.3; http://www.majestic12.co.uk/bot.php?+)"
208.115.113.86 - - [20/Jan/2013:17:27:02 -0600] "GET /blog/category/tech/perl/feed/ HTTP/1.1" 200 60915 "-" "Mozilla/5.0 (compatible; Ezooms/1.0; ezooms.bot@gmail.com)"
208.115.113.86 - - [20/Jan/2013:17:27:05 -0600] "GET /blog/tag/beet-soup/ HTTP/1.1" 200 8235 "-" "Mozilla/5.0 (compatible; Ezooms/1.0; ezooms.bot@gmail.com)"
208.115.113.86 - - [20/Jan/2013:17:27:07 -0600] "GET /blog/tag/krav-maga/feed/ HTTP/1.1" 200 4634 "-" "Mozilla/5.0 (compatible; Ezooms/1.0; ezooms.bot@gmail.com)"
208.80.194.29 - - [20/Jan/2013:17:28:26 -0600] "GET /blog HTTP/1.0" 301 178 "-" "Mozilla/5.0 (Macintosh; Intel Mac OS X 10_6_6) AppleWebKit/535.1 (KHTML, like Gecko) Chrome/14.0.835.202 Safari/535.1"
180.76.6.35 - - [20/Jan/2013:17:28:37 -0600] "GET /blog/tag/perl-2/ HTTP/1.1" 200 8868 "-" "Mozilla/5.0 (compatible; Baiduspider/2.0; +http://www.baidu.com/search/spider.html)"
178.154.163.29 - - [20/Jan/2013:17:30:31 -0600] "GET /blog/tag/firefox-speed-dial/ HTTP/1.1" 200 2562 "-" "Mozilla/5.0 (compatible; YandexBot/3.0; +http://yandex.com/bots)"
208.80.194.29 - - [20/Jan/2013:17:36:16 -0600] "GET /blog/ HTTP/1.0" 200 40287 "-" "Mozilla/5.0 (Macintosh; Intel Mac OS X 10_6_7) AppleWebKit/534.24 (KHTML, like Gecko) Chrome/11.0.696.68 Safari/534.24"
173.199.117.251 - - [20/Jan/2013:17:39:33 -0600] "GET / HTTP/1.1" 302 5 "-" "Mozilla/5.0 (compatible; AhrefsBot/4.0; +http://ahrefs.com/robot/)"
98.23.232.73 - - [20/Jan/2013:17:39:54 -0600] "GET /blog/feed/ HTTP/1.1" 304 0 "-" "Vienna 3.0b.2821 rv:2821 (Macintosh; Mac OS X 10.7.4; en_US)"
67.86.57.139 - - [20/Jan/2013:17:49:40 -0600] "GET /blog/black-carrots/ HTTP/1.1" 200 3140 "http://www.google.com/url?sa=t&rct=j&q=black%20carrots%20what%20are%20they%5C&source=web&cd=14&ved=0CH8QFjAN&url=http%3A%2F%2Fngmarley.com%2Fblog%2Fblack-carrots%2F&ei=SIL8UJD_B4Tl0QHJ_ICwDw&usg=AFQjCNEEQOLEy6aLgJ-dYTCVydcr0EeNkQ" "Mozilla/5.0 (Windows NT 6.0) AppleWebKit/537.17 (KHTML, like Gecko) Chrome/24.0.1312.52 Safari/537.17"
67.86.57.139 - - [20/Jan/2013:17:49:40 -0600] "GET /blog/wp-content/themes/koi-improved/style.css HTTP/1.1" 200 15888 "http://ngmarley.com/blog/black-carrots/" "Mozilla/5.0 (Windows NT 6.0) AppleWebKit/537.17 (KHTML, like Gecko) Chrome/24.0.1312.52 Safari/537.17"
67.86.57.139 - - [20/Jan/2013:17:49:40 -0600] "GET /blog/wp-content/plugins/codecolorer/codecolorer.css?ver=0.9.9 HTTP/1.1" 200 11358 "http://ngmarley.com/blog/black-carrots/" "Mozilla/5.0 (Windows NT 6.0) AppleWebKit/537.17 (KHTML, like Gecko) Chrome/24.0.1312.52 Safari/537.17"
67.86.57.139 - - [20/Jan/2013:17:49:40 -0600] "GET /blog/wp-includes/js/comment-reply.min.js?ver=3.5 HTTP/1.1" 200 786 "http://ngmarley.com/blog/black-carrots/" "Mozilla/5.0 (Windows NT 6.0) AppleWebKit/537.17 (KHTML, like Gecko) Chrome/24.0.1312.52 Safari/537.17"
67.86.57.139 - - [20/Jan/2013:17:49:40 -0600] "GET /blog/wp-content/themes/koi-improved/img/paper-bg.jpg HTTP/1.1" 200 15033 "http://ngmarley.com/blog/black-carrots/" "Mozilla/5.0 (Windows NT 6.0) AppleWebKit/537.17 (KHTML, like Gecko) Chrome/24.0.1312.52 Safari/537.17"
67.86.57.139 - - [20/Jan/2013:17:49:40 -0600] "GET /blog/wp-content/themes/koi-improved/img/socialmedia/rss.png HTTP/1.1" 200 1484 "http://ngmarley.com/blog/black-carrots/" "Mozilla/5.0 (Windows NT 6.0) AppleWebKit/537.17 (KHTML, like Gecko) Chrome/24.0.1312.52 Safari/537.17"
67.86.57.139 - - [20/Jan/2013:17:49:41 -0600] "GET /blog/wp-content/themes/koi-improved/yellow.css HTTP/1.1" 404 13019 "http://ngmarley.com/blog/black-carrots/" "Mozilla/5.0 (Windows NT 6.0) AppleWebKit/537.17 (KHTML, like Gecko) Chrome/24.0.1312.52 Safari/537.17"
67.86.57.139 - - [20/Jan/2013:17:49:41 -0600] "GET /blog/wp-content/themes/koi-improved/img/top-illustration.gif HTTP/1.1" 200 73399 "http://ngmarley.com/blog/black-carrots/" "Mozilla/5.0 (Windows NT 6.0) AppleWebKit/537.17 (KHTML, like Gecko) Chrome/24.0.1312.52 Safari/537.17"
67.86.57.139 - - [20/Jan/2013:17:49:41 -0600] "GET /blog/wp-content/themes/koi-improved/img/post-nav-rule.png HTTP/1.1" 200 256 "http://ngmarley.com/blog/black-carrots/" "Mozilla/5.0 (Windows NT 6.0) AppleWebKit/537.17 (KHTML, like Gecko) Chrome/24.0.1312.52 Safari/537.17"
67.86.57.139 - - [20/Jan/2013:17:49:41 -0600] "GET /blog/wp-content/themes/koi-improved/img/post-nav-bg.png HTTP/1.1" 200 1956 "http://ngmarley.com/blog/black-carrots/" "Mozilla/5.0 (Windows NT 6.0) AppleWebKit/537.17 (KHTML, like Gecko) Chrome/24.0.1312.52 Safari/537.17"
67.86.57.139 - - [20/Jan/2013:17:49:41 -0600] "GET /blog/wp-content/themes/koi-improved/img/footer.gif HTTP/1.1" 200 44030 "http://ngmarley.com/blog/black-carrots/" "Mozilla/5.0 (Windows NT 6.0) AppleWebKit/537.17 (KHTML, like Gecko) Chrome/24.0.1312.52 Safari/537.17"
67.86.57.139 - - [20/Jan/2013:17:49:41 -0600] "GET /blog/wp-content/themes/koi-improved/img/header.gif HTTP/1.1" 200 61208 "http://ngmarley.com/blog/black-carrots/" "Mozilla/5.0 (Windows NT 6.0) AppleWebKit/537.17 (KHTML, like Gecko) Chrome/24.0.1312.52 Safari/537.17"
67.86.57.139 - - [20/Jan/2013:17:49:41 -0600] "GET /favicon.ico HTTP/1.1" 404 193 "-" "Mozilla/5.0 (Windows NT 6.0) AppleWebKit/537.17 (KHTML, like Gecko) Chrome/24.0.1312.52 Safari/537.17"
66.249.74.38 - - [20/Jan/2013:17:58:05 -0600] "GET /blog/tag/firefox-13/ HTTP/1.1" 200 2555 "-" "SAMSUNG-SGH-E250/1.0 Profile/MIDP-2.0 Configuration/CLDC-1.1 UP.Browser/6.2.3.3.c.1.101 (GUI) MMP/2.0 (compatible; Googlebot-Mobile/2.1; +http://www.google.com/bot.html)"
106.187.97.211 - - [20/Jan/2013:18:00:01 -0600] "GET /blog/wp-cron.php?doing_wp_cron HTTP/1.1" 200 5 "-" "curl/7.27.0"
106.187.97.211 - - [20/Jan/2013:18:00:01 -0600] "GET /bauer/wp-cron.php?doing_wp_cron HTTP/1.1" 200 5 "-" "curl/7.27.0"
106.187.97.211 - - [20/Jan/2013:18:00:02 -0600] "GET /homesite/wp-cron.php?doing_wp_cron HTTP/1.1" 200 5 "-" "curl/7.27.0"
91.223.75.117 - - [20/Jan/2013:18:03:34 -0600] "GET /blog/about/ HTTP/1.1" 200 6721 "http://uafilmstop.net/news.php?readmore=90" "Opera/7.54 (Windows NT 5.1; U)  [pl]"
91.223.75.117 - - [20/Jan/2013:18:03:35 -0600] "GET /blog/about/ HTTP/1.1" 200 6721 "http://uafilmstop.net/news.php?readmore=90" "Opera/7.54 (Windows NT 5.1; U)  [pl]"
123.125.71.115 - - [20/Jan/2013:18:37:17 -0600] "GET / HTTP/1.1" 302 5 "-" "Mozilla/5.0 (compatible; Baiduspider/2.0; +http://www.baidu.com/search/spider.html)"
173.199.117.251 - - [20/Jan/2013:18:37:25 -0600] "GET /blog/como-me-le-va/ HTTP/1.1" 200 3281 "-" "Mozilla/5.0 (compatible; AhrefsBot/4.0; +http://ahrefs.com/robot/)"
173.199.117.251 - - [20/Jan/2013:18:37:31 -0600] "GET /blog/tag/internet-cafe/ HTTP/1.1" 200 3397 "-" "Mozilla/5.0 (compatible; AhrefsBot/4.0; +http://ahrefs.com/robot/)"
220.181.108.169 - - [20/Jan/2013:18:37:59 -0600] "GET / HTTP/1.1" 302 5 "-" "Mozilla/5.0 (compatible; Baiduspider/2.0; +http://www.baidu.com/search/spider.html)"
173.199.117.251 - - [20/Jan/2013:18:39:46 -0600] "GET /blog/osx-change-root-shell/ HTTP/1.1" 200 3462 "-" "Mozilla/5.0 (compatible; AhrefsBot/4.0; +http://ahrefs.com/robot/)"
178.154.163.29 - - [20/Jan/2013:18:50:29 -0600] "GET /blog/tag/ff13/feed/ HTTP/1.1" 200 3022 "-" "Mozilla/5.0 (compatible; YandexBot/3.0; +http://yandex.com/bots)"
98.23.232.73 - - [20/Jan/2013:18:57:57 -0600] "GET / HTTP/1.1" 302 5 "-" "Mozilla/5.0 (Macintosh; Intel Mac OS X 10.6; rv:17.0) Gecko/20100101 Firefox/17.0"
98.23.232.73 - - [20/Jan/2013:18:57:57 -0600] "GET /blog/ HTTP/1.1" 200 12993 "-" "Mozilla/5.0 (Macintosh; Intel Mac OS X 10.6; rv:17.0) Gecko/20100101 Firefox/17.0"
98.23.232.73 - - [20/Jan/2013:18:57:58 -0600] "GET /blog/wp-content/themes/koi-improved/style.css HTTP/1.1" 200 15888 "http://ngmarley.com/blog/" "Mozilla/5.0 (Macintosh; Intel Mac OS X 10.6; rv:17.0) Gecko/20100101 Firefox/17.0"
98.23.232.73 - - [20/Jan/2013:18:57:58 -0600] "GET /blog/wp-content/themes/koi-improved/img/socialmedia/rss.png HTTP/1.1" 200 1484 "http://ngmarley.com/blog/" "Mozilla/5.0 (Macintosh; Intel Mac OS X 10.6; rv:17.0) Gecko/20100101 Firefox/17.0"
98.23.232.73 - - [20/Jan/2013:18:57:58 -0600] "GET /blog/wp-content/plugins/codecolorer/codecolorer.css?ver=0.9.9 HTTP/1.1" 200 11358 "http://ngmarley.com/blog/" "Mozilla/5.0 (Macintosh; Intel Mac OS X 10.6; rv:17.0) Gecko/20100101 Firefox/17.0"
98.23.232.73 - - [20/Jan/2013:18:57:58 -0600] "GET /blog/wp-content/themes/koi-improved/yellow.css HTTP/1.1" 404 13019 "http://ngmarley.com/blog/" "Mozilla/5.0 (Macintosh; Intel Mac OS X 10.6; rv:17.0) Gecko/20100101 Firefox/17.0"
98.23.232.73 - - [20/Jan/2013:18:57:59 -0600] "GET /blog/wp-content/themes/koi-improved/img/top-illustration.gif HTTP/1.1" 200 73399 "http://ngmarley.com/blog/wp-content/themes/koi-improved/style.css" "Mozilla/5.0 (Macintosh; Intel Mac OS X 10.6; rv:17.0) Gecko/20100101 Firefox/17.0"
98.23.232.73 - - [20/Jan/2013:18:57:59 -0600] "GET /blog/wp-content/themes/koi-improved/img/paper-bg.jpg HTTP/1.1" 200 15033 "http://ngmarley.com/blog/wp-content/themes/koi-improved/style.css" "Mozilla/5.0 (Macintosh; Intel Mac OS X 10.6; rv:17.0) Gecko/20100101 Firefox/17.0"
98.23.232.73 - - [20/Jan/2013:18:57:59 -0600] "GET /blog/wp-content/themes/koi-improved/img/header.gif HTTP/1.1" 200 61208 "http://ngmarley.com/blog/wp-content/themes/koi-improved/style.css" "Mozilla/5.0 (Macintosh; Intel Mac OS X 10.6; rv:17.0) Gecko/20100101 Firefox/17.0"
98.23.232.73 - - [20/Jan/2013:18:57:59 -0600] "GET /blog/wp-content/themes/koi-improved/img/footer.gif HTTP/1.1" 200 44030 "http://ngmarley.com/blog/wp-content/themes/koi-improved/style.css" "Mozilla/5.0 (Macintosh; Intel Mac OS X 10.6; rv:17.0) Gecko/20100101 Firefox/17.0"
98.23.232.73 - - [20/Jan/2013:18:57:59 -0600] "GET /blog/wp-content/themes/koi-improved/img/post-nav-bg.png HTTP/1.1" 200 1956 "http://ngmarley.com/blog/wp-content/themes/koi-improved/style.css" "Mozilla/5.0 (Macintosh; Intel Mac OS X 10.6; rv:17.0) Gecko/20100101 Firefox/17.0"
98.23.232.73 - - [20/Jan/2013:18:57:59 -0600] "GET /blog/wp-content/themes/koi-improved/img/post-nav-rule.png HTTP/1.1" 200 256 "http://ngmarley.com/blog/wp-content/themes/koi-improved/style.css" "Mozilla/5.0 (Macintosh; Intel Mac OS X 10.6; rv:17.0) Gecko/20100101 Firefox/17.0"
98.23.232.73 - - [20/Jan/2013:18:58:04 -0600] "GET /favicon.ico HTTP/1.1" 404 136 "-" "Mozilla/5.0 (Macintosh; Intel Mac OS X 10.6; rv:17.0) Gecko/20100101 Firefox/17.0"
106.187.97.211 - - [20/Jan/2013:19:00:02 -0600] "GET /blog/wp-cron.php?doing_wp_cron HTTP/1.1" 200 5 "-" "curl/7.27.0"
106.187.97.211 - - [20/Jan/2013:19:00:02 -0600] "GET /bauer/wp-cron.php?doing_wp_cron HTTP/1.1" 200 5 "-" "curl/7.27.0"
106.187.97.211 - - [20/Jan/2013:19:00:02 -0600] "GET /homesite/wp-cron.php?doing_wp_cron HTTP/1.1" 200 5 "-" "curl/7.27.0"
173.199.117.251 - - [20/Jan/2013:19:27:02 -0600] "GET /blog/spicnspan/ HTTP/1.1" 200 5216 "-" "Mozilla/5.0 (compatible; AhrefsBot/4.0; +http://ahrefs.com/robot/)"
108.34.225.90 - - [20/Jan/2013:19:29:46 -0600] "GET /blog/osx-universal-binary/ HTTP/1.1" 200 3561 "-" "Mozilla/5.0 (X11; Linux i686; rv:10.0.7) Gecko/20100101 Firefox/10.0.7"
108.34.225.90 - - [20/Jan/2013:19:29:46 -0600] "GET /blog/wp-content/themes/koi-improved/style.css HTTP/1.1" 200 15888 "http://ngmarley.com/blog/osx-universal-binary/" "Mozilla/5.0 (X11; Linux i686; rv:10.0.7) Gecko/20100101 Firefox/10.0.7"
108.34.225.90 - - [20/Jan/2013:19:29:46 -0600] "GET /blog/wp-content/plugins/codecolorer/codecolorer.css?ver=0.9.9 HTTP/1.1" 200 11358 "http://ngmarley.com/blog/osx-universal-binary/" "Mozilla/5.0 (X11; Linux i686; rv:10.0.7) Gecko/20100101 Firefox/10.0.7"
108.34.225.90 - - [20/Jan/2013:19:29:46 -0600] "GET /blog/wp-content/themes/koi-improved/img/socialmedia/rss.png HTTP/1.1" 200 1484 "http://ngmarley.com/blog/osx-universal-binary/" "Mozilla/5.0 (X11; Linux i686; rv:10.0.7) Gecko/20100101 Firefox/10.0.7"
108.34.225.90 - - [20/Jan/2013:19:29:46 -0600] "GET /blog/wp-content/themes/koi-improved/yellow.css HTTP/1.1" 404 13019 "http://ngmarley.com/blog/osx-universal-binary/" "Mozilla/5.0 (X11; Linux i686; rv:10.0.7) Gecko/20100101 Firefox/10.0.7"
108.34.225.90 - - [20/Jan/2013:19:29:47 -0600] "GET /blog/wp-content/themes/koi-improved/img/paper-bg.jpg HTTP/1.1" 200 15033 "http://ngmarley.com/blog/wp-content/themes/koi-improved/style.css" "Mozilla/5.0 (X11; Linux i686; rv:10.0.7) Gecko/20100101 Firefox/10.0.7"
108.34.225.90 - - [20/Jan/2013:19:29:47 -0600] "GET /blog/wp-content/themes/koi-improved/img/post-nav-rule.png HTTP/1.1" 200 256 "http://ngmarley.com/blog/wp-content/themes/koi-improved/style.css" "Mozilla/5.0 (X11; Linux i686; rv:10.0.7) Gecko/20100101 Firefox/10.0.7"
108.34.225.90 - - [20/Jan/2013:19:29:47 -0600] "GET /blog/wp-content/themes/koi-improved/img/top-illustration.gif HTTP/1.1" 200 73399 "http://ngmarley.com/blog/wp-content/themes/koi-improved/style.css" "Mozilla/5.0 (X11; Linux i686; rv:10.0.7) Gecko/20100101 Firefox/10.0.7"
108.34.225.90 - - [20/Jan/2013:19:29:47 -0600] "GET /blog/wp-content/themes/koi-improved/img/post-nav-bg.png HTTP/1.1" 200 1956 "http://ngmarley.com/blog/wp-content/themes/koi-improved/style.css" "Mozilla/5.0 (X11; Linux i686; rv:10.0.7) Gecko/20100101 Firefox/10.0.7"
108.34.225.90 - - [20/Jan/2013:19:29:47 -0600] "GET /blog/wp-content/themes/koi-improved/img/header.gif HTTP/1.1" 200 61208 "http://ngmarley.com/blog/wp-content/themes/koi-improved/style.css" "Mozilla/5.0 (X11; Linux i686; rv:10.0.7) Gecko/20100101 Firefox/10.0.7"
108.34.225.90 - - [20/Jan/2013:19:29:47 -0600] "GET /blog/wp-content/themes/koi-improved/img/footer.gif HTTP/1.1" 200 44030 "http://ngmarley.com/blog/wp-content/themes/koi-improved/style.css" "Mozilla/5.0 (X11; Linux i686; rv:10.0.7) Gecko/20100101 Firefox/10.0.7"
108.34.225.90 - - [20/Jan/2013:19:29:47 -0600] "GET /favicon.ico HTTP/1.1" 404 136 "-" "Mozilla/5.0 (X11; Linux i686; rv:10.0.7) Gecko/20100101 Firefox/10.0.7"
108.34.225.90 - - [20/Jan/2013:19:29:48 -0600] "GET /favicon.ico HTTP/1.1" 404 136 "-" "Mozilla/5.0 (X11; Linux i686; rv:10.0.7) Gecko/20100101 Firefox/10.0.7"
108.34.225.90 - - [20/Jan/2013:19:29:48 -0600] "GET /blog/added-life-list/ HTTP/1.1" 200 3322 "http://ngmarley.com/blog/osx-universal-binary/" "Mozilla/5.0 (X11; Linux i686; rv:10.0.7) Gecko/20100101 Firefox/10.0.7"
178.154.163.29 - - [20/Jan/2013:19:30:27 -0600] "GET /blog/tag/tokyo/ HTTP/1.1" 200 3258 "-" "Mozilla/5.0 (compatible; YandexBot/3.0; +http://yandex.com/bots)"
173.199.117.251 - - [20/Jan/2013:19:34:48 -0600] "GET /blog/tag/japanese/ HTTP/1.1" 200 3262 "-" "Mozilla/5.0 (compatible; AhrefsBot/4.0; +http://ahrefs.com/robot/)"
123.125.71.88 - - [20/Jan/2013:19:38:23 -0600] "GET / HTTP/1.1" 302 5 "-" "Mozilla/5.0 (compatible; Baiduspider/2.0; +http://www.baidu.com/search/spider.html)"
220.181.108.161 - - [20/Jan/2013:19:39:12 -0600] "GET / HTTP/1.1" 302 5 "-" "Mozilla/5.0 (compatible; Baiduspider/2.0; +http://www.baidu.com/search/spider.html)"
66.249.74.38 - - [20/Jan/2013:19:40:01 -0600] "GET /moodle/calendar/view.php?view=month&course=1&cal_d=1&cal_m=7&cal_y=1881 HTTP/1.1" 404 136 "-" "Mozilla/5.0 (compatible; Googlebot/2.1; +http://www.google.com/bot.html)"
173.199.117.251 - - [20/Jan/2013:19:43:51 -0600] "GET /blog/tag/osx-command-line/ HTTP/1.1" 200 2677 "-" "Mozilla/5.0 (compatible; AhrefsBot/4.0; +http://ahrefs.com/robot/)"
108.62.238.122 - - [20/Jan/2013:19:46:49 -0600] "GET /blog/ HTTP/1.0" 200 40287 "http://ngmarley.com/" "Mozilla/5.0 (Windows NT 6.1; rv:2.0b7pre) Gecko/20100921 Firefox/4.0b7pre"
108.62.238.122 - - [20/Jan/2013:19:46:52 -0600] "GET /blog/spicnspan/ HTTP/1.0" 200 19207 "http://ngmarley.com/" "Mozilla/5.0 (Windows NT 6.1; rv:2.0b7pre) Gecko/20100921 Firefox/4.0b7pre"
173.199.117.251 - - [20/Jan/2013:19:59:22 -0600] "GET /blog/thailand-september-2012/ HTTP/1.1" 200 4621 "-" "Mozilla/5.0 (compatible; AhrefsBot/4.0; +http://ahrefs.com/robot/)"
106.187.97.211 - - [20/Jan/2013:20:00:01 -0600] "GET /blog/wp-cron.php?doing_wp_cron HTTP/1.1" 200 5 "-" "curl/7.27.0"
106.187.97.211 - - [20/Jan/2013:20:00:02 -0600] "GET /bauer/wp-cron.php?doing_wp_cron HTTP/1.1" 200 5 "-" "curl/7.27.0"
106.187.97.211 - - [20/Jan/2013:20:00:02 -0600] "GET /homesite/wp-cron.php?doing_wp_cron HTTP/1.1" 200 5 "-" "curl/7.27.0"
178.154.163.29 - - [20/Jan/2013:20:00:19 -0600] "GET /blog/tag/itunes/ HTTP/1.1" 200 4183 "-" "Mozilla/5.0 (compatible; YandexBot/3.0; +http://yandex.com/bots)"
173.199.120.123 - - [20/Jan/2013:20:06:06 -0600] "GET /blog/convert-m4a-files-to-mp3-format-with-tags/ HTTP/1.1" 200 4807 "-" "Mozilla/5.0 (compatible; AhrefsBot/4.0; +http://ahrefs.com/robot/)"
173.199.117.251 - - [20/Jan/2013:20:13:30 -0600] "GET /blog/tag/goal-setting/ HTTP/1.1" 200 4950 "-" "Mozilla/5.0 (compatible; AhrefsBot/4.0; +http://ahrefs.com/robot/)"
178.154.163.29 - - [20/Jan/2013:20:20:14 -0600] "GET /blog/tag/language/ HTTP/1.1" 200 4952 "-" "Mozilla/5.0 (compatible; YandexBot/3.0; +http://yandex.com/bots)"
173.199.120.123 - - [20/Jan/2013:20:24:20 -0600] "GET /blog/osx-universal-binary/ HTTP/1.1" 200 3561 "-" "Mozilla/5.0 (compatible; AhrefsBot/4.0; +http://ahrefs.com/robot/)"
208.115.113.86 - - [20/Jan/2013:20:26:04 -0600] "GET /robots.txt HTTP/1.1" 200 15 "-" "Mozilla/5.0 (compatible; Ezooms/1.0; ezooms.bot@gmail.com)"
173.199.120.123 - - [20/Jan/2013:20:30:49 -0600] "GET /blog/category/language/spanish-language/ HTTP/1.1" 200 3357 "-" "Mozilla/5.0 (compatible; AhrefsBot/4.0; +http://ahrefs.com/robot/)"
178.154.163.29 - - [20/Jan/2013:20:33:30 -0600] "GET /blog/tag/belgium/ HTTP/1.1" 200 3544 "-" "Mozilla/5.0 (compatible; YandexBot/3.0; +http://yandex.com/bots)"
180.76.6.231 - - [20/Jan/2013:20:34:40 -0600] "GET /blog/category/uncategorized/ HTTP/1.1" 200 3698 "-" "Mozilla/5.0 (compatible; Baiduspider/2.0; +http://www.baidu.com/search/spider.html)"
119.247.227.238 - - [20/Jan/2013:20:35:47 -0600] "GET /mydci/entries/view/750 HTTP/1.1" 404 564 "-" "Mozilla/4.0 (compatible; MSIE 5.5; Windows NT)"
123.125.71.99 - - [20/Jan/2013:20:39:29 -0600] "GET / HTTP/1.1" 302 5 "-" "Mozilla/5.0 (compatible; Baiduspider/2.0; +http://www.baidu.com/search/spider.html)"
220.181.108.150 - - [20/Jan/2013:20:40:22 -0600] "GET / HTTP/1.1" 302 5 "-" "Mozilla/5.0 (compatible; Baiduspider/2.0; +http://www.baidu.com/search/spider.html)"
108.34.225.90 - - [20/Jan/2013:20:42:16 -0600] "GET /blog/osx-universal-binary/ HTTP/1.1" 200 3561 "-" "Mozilla/5.0 (X11; Linux i686; rv:10.0.7) Gecko/20100101 Firefox/10.0.7"
108.34.225.90 - - [20/Jan/2013:20:42:16 -0600] "GET /blog/wp-content/plugins/codecolorer/codecolorer.css?ver=0.9.9 HTTP/1.1" 304 0 "http://ngmarley.com/blog/osx-universal-binary/" "Mozilla/5.0 (X11; Linux i686; rv:10.0.7) Gecko/20100101 Firefox/10.0.7"
108.34.225.90 - - [20/Jan/2013:20:42:16 -0600] "GET /blog/wp-content/themes/koi-improved/yellow.css HTTP/1.1" 404 13019 "http://ngmarley.com/blog/osx-universal-binary/" "Mozilla/5.0 (X11; Linux i686; rv:10.0.7) Gecko/20100101 Firefox/10.0.7"
108.34.225.90 - - [20/Jan/2013:20:42:17 -0600] "GET /blog/added-life-list/ HTTP/1.1" 200 3322 "http://ngmarley.com/blog/osx-universal-binary/" "Mozilla/5.0 (X11; Linux i686; rv:10.0.7) Gecko/20100101 Firefox/10.0.7"
178.154.163.29 - - [20/Jan/2013:20:48:14 -0600] "GET /blog/category/tech/information-security/ HTTP/1.1" 200 3892 "-" "Mozilla/5.0 (compatible; YandexBot/3.0; +http://yandex.com/bots)"
178.154.163.29 - - [20/Jan/2013:20:52:10 -0600] "GET /blog/tag/exit-popups/ HTTP/1.1" 200 2735 "-" "Mozilla/5.0 (compatible; YandexBot/3.0; +http://yandex.com/bots)"
178.154.163.29 - - [20/Jan/2013:20:54:48 -0600] "GET /blog/tag/panama/ HTTP/1.1" 200 2956 "-" "Mozilla/5.0 (compatible; YandexBot/3.0; +http://yandex.com/bots)"
178.154.163.29 - - [20/Jan/2013:20:56:33 -0600] "GET /blog/tag/amazon-s3-perl-module/feed/ HTTP/1.1" 200 20918 "-" "Mozilla/5.0 (compatible; YandexBot/3.0; +http://yandex.com/bots)"
178.154.163.29 - - [20/Jan/2013:20:57:43 -0600] "GET /blog/tag/goal-setting/feed/ HTTP/1.1" 200 8273 "-" "Mozilla/5.0 (compatible; YandexBot/3.0; +http://yandex.com/bots)"
106.187.97.211 - - [20/Jan/2013:21:00:01 -0600] "GET /blog/wp-cron.php?doing_wp_cron HTTP/1.1" 200 5 "-" "curl/7.27.0"
106.187.97.211 - - [20/Jan/2013:21:00:02 -0600] "GET /bauer/wp-cron.php?doing_wp_cron HTTP/1.1" 200 5 "-" "curl/7.27.0"
106.187.97.211 - - [20/Jan/2013:21:00:03 -0600] "GET /homesite/wp-cron.php?doing_wp_cron HTTP/1.1" 200 5 "-" "curl/7.27.0"
173.199.117.251 - - [20/Jan/2013:21:06:50 -0600] "GET /blog/category/travel/ HTTP/1.1" 200 16723 "-" "Mozilla/5.0 (compatible; AhrefsBot/4.0; +http://ahrefs.com/robot/)"
208.115.113.86 - - [20/Jan/2013:21:24:25 -0600] "GET /blog/category/language/spanish-language/ HTTP/1.1" 200 8727 "-" "Mozilla/5.0 (compatible; Ezooms/1.0; ezooms.bot@gmail.com)"
208.115.113.86 - - [20/Jan/2013:21:24:28 -0600] "GET /blog/remove-who-to-follow/ HTTP/1.1" 200 9058 "-" "Mozilla/5.0 (compatible; Ezooms/1.0; ezooms.bot@gmail.com)"
208.115.113.86 - - [20/Jan/2013:21:24:30 -0600] "GET /blog/tag/bicycle/ HTTP/1.1" 200 11824 "-" "Mozilla/5.0 (compatible; Ezooms/1.0; ezooms.bot@gmail.com)"
173.199.120.123 - - [20/Jan/2013:21:54:29 -0600] "GET /blog/things-every-internet-cafe-should-do-to-improve-service/ HTTP/1.1" 200 3613 "-" "Mozilla/5.0 (compatible; AhrefsBot/4.0; +http://ahrefs.com/robot/)"
123.125.71.78 - - [20/Jan/2013:21:55:06 -0600] "GET /robots.txt HTTP/1.1" 200 15 "-" "Mozilla/5.0 (Windows NT 5.1; rv:6.0.2) Gecko/20100101 Firefox/6.0.2"
106.187.97.211 - - [20/Jan/2013:22:00:01 -0600] "GET /blog/wp-cron.php?doing_wp_cron HTTP/1.1" 200 5 "-" "curl/7.27.0"
106.187.97.211 - - [20/Jan/2013:22:00:01 -0600] "GET /bauer/wp-cron.php?doing_wp_cron HTTP/1.1" 200 5 "-" "curl/7.27.0"
106.187.97.211 - - [20/Jan/2013:22:00:01 -0600] "GET /homesite/wp-cron.php?doing_wp_cron HTTP/1.1" 200 5 "-" "curl/7.27.0"
27.154.20.164 - - [20/Jan/2013:22:16:10 -0600] "GET /blog/ HTTP/1.1" 200 12993 "-" "Mozilla/4.0 (compatible; MSIE 6.0; Windows NT 5.1; SV1;)"
123.125.71.95 - - [20/Jan/2013:22:38:25 -0600] "GET / HTTP/1.1" 302 5 "-" "Mozilla/5.0 (compatible; Baiduspider/2.0; +http://www.baidu.com/search/spider.html)"
173.199.117.251 - - [20/Jan/2013:22:38:59 -0600] "GET /blog/medellin-colombia/ HTTP/1.1" 200 3017 "-" "Mozilla/5.0 (compatible; AhrefsBot/4.0; +http://ahrefs.com/robot/)"
220.181.108.176 - - [20/Jan/2013:22:39:17 -0600] "GET / HTTP/1.1" 302 5 "-" "Mozilla/5.0 (compatible; Baiduspider/2.0; +http://www.baidu.com/search/spider.html)"
123.125.71.59 - - [20/Jan/2013:22:41:01 -0600] "GET /robots.txt HTTP/1.1" 200 15 "-" "Mozilla/5.0 (Windows NT 5.1; rv:6.0.2) Gecko/20100101 Firefox/6.0.2"
119.247.227.238 - - [20/Jan/2013:22:47:52 -0600] "GET /mydci/entries/edit/1193 HTTP/1.1" 404 564 "-" "Mozilla/4.0 (compatible; MSIE 5.5; Windows NT)"
124.115.6.13 - - [20/Jan/2013:22:49:43 -0600] "GET /robots.txt HTTP/1.1" 200 15 "-" "Mozilla/5.0(compatible; Sosospider/2.0; +http://help.soso.com/webspider.htm)"
202.46.51.126 - - [20/Jan/2013:22:50:41 -0600] "GET / HTTP/1.1" 302 5 "-" "Mozilla/4.0 (compatible; MSIE 7.0; Windows NT 6.0)"
119.63.193.196 - - [20/Jan/2013:22:51:09 -0600] "GET / HTTP/1.1" 302 5 "-" "Mozilla/4.0 (compatible; MSIE 7.0; Windows NT 6.0)"
178.154.163.29 - - [20/Jan/2013:22:58:30 -0600] "GET /blog/traveling-vs-living/feed/ HTTP/1.1" 200 4149 "-" "Mozilla/5.0 (compatible; YandexBot/3.0; +http://yandex.com/bots)"
122.144.14.46 - - [20/Jan/2013:22:59:31 -0600] "GET /blog/linux-shared-library-error/ HTTP/1.1" 200 3715 "http://www.google.com.bd/url?sa=t&rct=j&q=error%20while%20loading%20shared%20libraries%3A%20libcap.so.2%3A%20cannot%20open%20shared%20object%20file%3A%20no%20such%20file%20or%20directory&source=web&cd=12&cad=rja&ved=0CC0QFjABOAo&url=http%3A%2F%2Fngmarley.com%2Fblog%2Flinux-shared-library-error%2F&ei=Ksv8UOenM5GGrAfjk4EY&usg=AFQjCNEqOGaw6N0t-o1fgvyTViwCNRQQzA&bvm=bv.41248874,d.bmk" "Mozilla/5.0 (Windows NT 5.1) AppleWebKit/537.17 (KHTML, like Gecko) Chrome/24.0.1312.2 Safari/537.17"
122.144.14.46 - - [20/Jan/2013:22:59:32 -0600] "GET /blog/wp-content/themes/koi-improved/style.css HTTP/1.1" 200 15888 "http://ngmarley.com/blog/linux-shared-library-error/" "Mozilla/5.0 (Windows NT 5.1) AppleWebKit/537.17 (KHTML, like Gecko) Chrome/24.0.1312.2 Safari/537.17"
122.144.14.46 - - [20/Jan/2013:22:59:32 -0600] "GET /blog/wp-content/plugins/codecolorer/codecolorer.css?ver=0.9.9 HTTP/1.1" 200 11358 "http://ngmarley.com/blog/linux-shared-library-error/" "Mozilla/5.0 (Windows NT 5.1) AppleWebKit/537.17 (KHTML, like Gecko) Chrome/24.0.1312.2 Safari/537.17"
122.144.14.46 - - [20/Jan/2013:22:59:32 -0600] "GET /blog/wp-includes/js/comment-reply.min.js?ver=3.5 HTTP/1.1" 200 786 "http://ngmarley.com/blog/linux-shared-library-error/" "Mozilla/5.0 (Windows NT 5.1) AppleWebKit/537.17 (KHTML, like Gecko) Chrome/24.0.1312.2 Safari/537.17"
122.144.14.46 - - [20/Jan/2013:22:59:32 -0600] "GET /blog/wp-content/themes/koi-improved/img/paper-bg.jpg HTTP/1.1" 200 15033 "http://ngmarley.com/blog/linux-shared-library-error/" "Mozilla/5.0 (Windows NT 5.1) AppleWebKit/537.17 (KHTML, like Gecko) Chrome/24.0.1312.2 Safari/537.17"
122.144.14.46 - - [20/Jan/2013:22:59:32 -0600] "GET /blog/wp-content/themes/koi-improved/img/socialmedia/rss.png HTTP/1.1" 200 1484 "http://ngmarley.com/blog/linux-shared-library-error/" "Mozilla/5.0 (Windows NT 5.1) AppleWebKit/537.17 (KHTML, like Gecko) Chrome/24.0.1312.2 Safari/537.17"
