46.118.118.106 - - [19/Jan/2013:05:12:13 -0600] "GET /blog/about/ HTTP/1.1" 200 6721 "http://soft-d1z.ru/" "Mozilla/4.0 (compatible; MSIE 6.0; Windows NT 5.1; SV1; FunWebProducts; MRA 4.6 (build 01425); .NET CLR 1.1.4322; .NET CLR 2.0.50727)"
46.118.118.106 - - [19/Jan/2013:05:12:14 -0600] "GET /blog/about/ HTTP/1.1" 200 6721 "http://soft-d1z.ru/" "Mozilla/4.0 (compatible; MSIE 6.0; Windows NT 5.1; SV1; FunWebProducts; MRA 4.6 (build 01425); .NET CLR 1.1.4322; .NET CLR 2.0.50727)"
208.115.113.86 - - [19/Jan/2013:05:24:36 -0600] "GET /blog/tag/learn-spanish/ HTTP/1.1" 200 8712 "-" "Mozilla/5.0 (compatible; Ezooms/1.0; ezooms.bot@gmail.com)"
208.115.113.86 - - [19/Jan/2013:05:24:45 -0600] "GET /blog/tag/buenos-aires/feed/ HTTP/1.1" 200 4101 "-" "Mozilla/5.0 (compatible; Ezooms/1.0; ezooms.bot@gmail.com)"
123.125.71.113 - - [19/Jan/2013:05:39:17 -0600] "GET / HTTP/1.1" 302 5 "-" "Mozilla/5.0 (compatible; Baiduspider/2.0; +http://www.baidu.com/search/spider.html)"
220.181.108.178 - - [19/Jan/2013:05:40:08 -0600] "GET / HTTP/1.1" 302 5 "-" "Mozilla/5.0 (compatible; Baiduspider/2.0; +http://www.baidu.com/search/spider.html)"
188.165.248.204 - - [19/Jan/2013:05:43:37 -0600] "GET /robots.txt HTTP/1.0" 200 15 "-" "Mozilla/5.0 (compatible; MJ12bot/v1.4.3; http://www.majestic12.co.uk/bot.php?+)"
188.165.248.204 - - [19/Jan/2013:05:43:39 -0600] "GET / HTTP/1.0" 302 0 "-" "Mozilla/5.0 (compatible; MJ12bot/v1.4.3; http://www.majestic12.co.uk/bot.php?+)"
188.165.248.204 - - [19/Jan/2013:05:43:41 -0600] "GET /blog/ HTTP/1.0" 301 0 "-" "Mozilla/5.0 (compatible; MJ12bot/v1.4.3; http://www.majestic12.co.uk/bot.php?+)"
188.165.248.204 - - [19/Jan/2013:05:43:42 -0600] "GET /robots.txt HTTP/1.0" 200 15 "-" "Mozilla/5.0 (compatible; MJ12bot/v1.4.3; http://www.majestic12.co.uk/bot.php?+)"
188.165.248.204 - - [19/Jan/2013:05:43:46 -0600] "GET /blog/ HTTP/1.0" 200 40287 "-" "Mozilla/5.0 (compatible; MJ12bot/v1.4.3; http://www.majestic12.co.uk/bot.php?+)"
106.187.97.211 - - [19/Jan/2013:06:00:01 -0600] "GET /blog/wp-cron.php?doing_wp_cron HTTP/1.1" 200 5 "-" "curl/7.27.0"
106.187.97.211 - - [19/Jan/2013:06:00:01 -0600] "GET /bauer/wp-cron.php?doing_wp_cron HTTP/1.1" 200 5 "-" "curl/7.27.0"
106.187.97.211 - - [19/Jan/2013:06:00:02 -0600] "GET /homesite/wp-cron.php?doing_wp_cron HTTP/1.1" 200 5 "-" "curl/7.27.0"
65.111.177.188 - - [19/Jan/2013:06:02:38 -0600] "GET / HTTP/1.1" 302 5 "-" "Mozilla/5.0 (Windows NT 5.1) AppleWebKit/535.11 (KHTML, like Gecko) Chrome/17.0.963.56 Safari/535.11"
65.111.177.188 - - [19/Jan/2013:06:02:39 -0600] "GET /blog/ HTTP/1.1" 200 40331 "-" "Mozilla/5.0 (Windows NT 5.1) AppleWebKit/535.11 (KHTML, like Gecko) Chrome/17.0.963.56 Safari/535.11"
65.111.177.188 - - [19/Jan/2013:06:02:39 -0600] "GET / HTTP/1.1" 302 5 "-" "Mozilla/5.0 (Windows NT 5.1) AppleWebKit/535.11 (KHTML, like Gecko) Chrome/17.0.963.56 Safari/535.11"
65.111.177.188 - - [19/Jan/2013:06:02:40 -0600] "GET /blog/ HTTP/1.1" 200 40331 "-" "Mozilla/5.0 (Windows NT 5.1) AppleWebKit/535.11 (KHTML, like Gecko) Chrome/17.0.963.56 Safari/535.11"
65.111.177.188 - - [19/Jan/2013:06:02:40 -0600] "GET / HTTP/1.1" 302 5 "-" "Mozilla/5.0 (Windows NT 5.1) AppleWebKit/535.11 (KHTML, like Gecko) Chrome/17.0.963.56 Safari/535.11"
65.111.177.188 - - [19/Jan/2013:06:02:41 -0600] "GET /blog/ HTTP/1.1" 200 40331 "-" "Mozilla/5.0 (Windows NT 5.1) AppleWebKit/535.11 (KHTML, like Gecko) Chrome/17.0.963.56 Safari/535.11"
65.111.177.188 - - [19/Jan/2013:06:02:41 -0600] "GET / HTTP/1.1" 302 5 "-" "Mozilla/5.0 (Windows NT 5.1) AppleWebKit/535.11 (KHTML, like Gecko) Chrome/17.0.963.56 Safari/535.11"
65.111.177.188 - - [19/Jan/2013:06:02:42 -0600] "GET /blog/ HTTP/1.1" 200 40331 "-" "Mozilla/5.0 (Windows NT 5.1) AppleWebKit/535.11 (KHTML, like Gecko) Chrome/17.0.963.56 Safari/535.11"
178.154.163.29 - - [19/Jan/2013:06:09:25 -0600] "GET /robots.txt HTTP/1.1" 200 15 "-" "Mozilla/5.0 (compatible; YandexBot/3.0; +http://yandex.com/bots)"
178.154.163.29 - - [19/Jan/2013:06:09:27 -0600] "GET / HTTP/1.1" 302 5 "-" "Mozilla/5.0 (compatible; YandexBot/3.0; MirrorDetector; +http://yandex.com/bots)"
178.154.163.29 - - [19/Jan/2013:06:09:28 -0600] "GET / HTTP/1.1" 302 5 "-" "Mozilla/5.0 (compatible; YandexBot/3.0; MirrorDetector; +http://yandex.com/bots)"
178.154.163.29 - - [19/Jan/2013:06:09:31 -0600] "GET /blog/ HTTP/1.1" 200 12993 "-" "Mozilla/5.0 (compatible; YandexBot/3.0; MirrorDetector; +http://yandex.com/bots)"
178.154.163.29 - - [19/Jan/2013:06:09:32 -0600] "GET /blog/ HTTP/1.1" 301 5 "-" "Mozilla/5.0 (compatible; YandexBot/3.0; MirrorDetector; +http://yandex.com/bots)"
178.154.163.29 - - [19/Jan/2013:06:09:36 -0600] "GET /blog/ HTTP/1.1" 200 12993 "-" "Mozilla/5.0 (compatible; YandexBot/3.0; MirrorDetector; +http://yandex.com/bots)"
65.55.215.99 - - [19/Jan/2013:06:14:01 -0600] "GET /robots.txt HTTP/1.1" 200 15 "-" "msnbot-media/1.1 (+http://search.msn.com/msnbot.htm)"
65.55.215.99 - - [19/Jan/2013:06:14:01 -0600] "GET /blog/wp-includes/images/smilies/icon_smile.gif HTTP/1.1" 200 174 "-" "msnbot-media/1.1 (+http://search.msn.com/msnbot.htm)"
66.249.77.136 - - [19/Jan/2013:06:17:56 -0600] "GET /robots.txt HTTP/1.1" 200 15 "-" "Mozilla/5.0 (compatible; Googlebot/2.1; +http://www.google.com/bot.html)"
66.249.77.136 - - [19/Jan/2013:06:17:56 -0600] "GET /blog/?cal_d=ojlarwentecxmzq HTTP/1.1" 200 13016 "-" "Mozilla/5.0 (compatible; Googlebot/2.1; +http://www.google.com/bot.html)"
180.76.5.166 - - [19/Jan/2013:06:25:10 -0600] "GET /blog/tag/yellow-carrots/ HTTP/1.1" 200 2760 "-" "Mozilla/5.0 (compatible; Baiduspider/2.0; +http://www.baidu.com/search/spider.html)"
173.199.120.27 - - [19/Jan/2013:06:26:19 -0600] "GET /blog/tag/colombia/ HTTP/1.1" 200 3654 "-" "Mozilla/5.0 (compatible; AhrefsBot/4.0; +http://ahrefs.com/robot/)"
66.249.77.136 - - [19/Jan/2013:06:28:14 -0600] "GET / HTTP/1.1" 302 5 "-" "Mozilla/5.0 (compatible; Googlebot/2.1; +http://www.google.com/bot.html)"
66.249.77.136 - - [19/Jan/2013:06:28:15 -0600] "GET /blog/ HTTP/1.1" 200 12993 "-" "Mozilla/5.0 (compatible; Googlebot/2.1; +http://www.google.com/bot.html)"
208.115.111.70 - - [19/Jan/2013:06:28:48 -0600] "GET /robots.txt HTTP/1.1" 200 15 "-" "Mozilla/5.0 (compatible; Ezooms/1.0; ezooms.bot@gmail.com)"
66.249.77.136 - - [19/Jan/2013:06:31:33 -0600] "GET /blog/almost-christmas/ HTTP/1.1" 200 5828 "-" "SAMSUNG-SGH-E250/1.0 Profile/MIDP-2.0 Configuration/CLDC-1.1 UP.Browser/6.2.3.3.c.1.101 (GUI) MMP/2.0 (compatible; Googlebot-Mobile/2.1; +http://www.google.com/bot.html)"
123.125.71.106 - - [19/Jan/2013:06:39:18 -0600] "GET / HTTP/1.1" 302 5 "-" "Mozilla/5.0 (compatible; Baiduspider/2.0; +http://www.baidu.com/search/spider.html)"
220.181.108.167 - - [19/Jan/2013:06:40:08 -0600] "GET / HTTP/1.1" 302 5 "-" "Mozilla/5.0 (compatible; Baiduspider/2.0; +http://www.baidu.com/search/spider.html)"
119.63.193.131 - - [19/Jan/2013:06:40:27 -0600] "GET / HTTP/1.1" 302 5 "-" "Mozilla/4.0 (compatible; MSIE 7.0; Windows NT 6.0)"
106.187.97.211 - - [19/Jan/2013:07:00:01 -0600] "GET /blog/wp-cron.php?doing_wp_cron HTTP/1.1" 200 5 "-" "curl/7.27.0"
106.187.97.211 - - [19/Jan/2013:07:00:01 -0600] "GET /bauer/wp-cron.php?doing_wp_cron HTTP/1.1" 200 5 "-" "curl/7.27.0"
106.187.97.211 - - [19/Jan/2013:07:00:02 -0600] "GET /homesite/wp-cron.php?doing_wp_cron HTTP/1.1" 200 5 "-" "curl/7.27.0"
175.42.95.123 - - [19/Jan/2013:07:00:27 -0600] "GET / HTTP/1.1" 302 5 "-" "Mozilla/4.0 (compatible; MSIE 6.0; Windows NT 5.1; SV1;)"
175.42.95.123 - - [19/Jan/2013:07:00:27 -0600] "GET /blog/ HTTP/1.1" 200 12993 "-" "Mozilla/4.0 (compatible; MSIE 6.0; Windows NT 5.1; SV1;)"
65.55.213.66 - - [19/Jan/2013:07:11:23 -0600] "GET / HTTP/1.1" 302 5 "-" "msnbot/2.0b (+http://search.msn.com/msnbot.htm)"
65.55.213.66 - - [19/Jan/2013:07:11:24 -0600] "GET /blog/ HTTP/1.1" 200 12993 "-" "msnbot/2.0b (+http://search.msn.com/msnbot.htm)"
208.115.111.70 - - [19/Jan/2013:07:27:30 -0600] "GET /blog/category/language/spanish-language/feed/ HTTP/1.1" 200 4426 "-" "Mozilla/5.0 (compatible; Ezooms/1.0; ezooms.bot@gmail.com)"
208.115.111.70 - - [19/Jan/2013:07:27:32 -0600] "GET /blog/category/randomness/feed/ HTTP/1.1" 200 16157 "-" "Mozilla/5.0 (compatible; Ezooms/1.0; ezooms.bot@gmail.com)"
208.115.111.70 - - [19/Jan/2013:07:27:34 -0600] "GET /blog/category/warriorism/ HTTP/1.1" 200 17845 "-" "Mozilla/5.0 (compatible; Ezooms/1.0; ezooms.bot@gmail.com)"
208.115.111.70 - - [19/Jan/2013:07:27:36 -0600] "GET /blog/tag/internet-cafe/feed/ HTTP/1.1" 200 4103 "-" "Mozilla/5.0 (compatible; Ezooms/1.0; ezooms.bot@gmail.com)"
208.115.111.70 - - [19/Jan/2013:07:27:38 -0600] "GET /blog/tag/language/feed/ HTTP/1.1" 200 7654 "-" "Mozilla/5.0 (compatible; Ezooms/1.0; ezooms.bot@gmail.com)"
208.115.111.70 - - [19/Jan/2013:07:27:40 -0600] "GET /blog/tag/osx-lion/ HTTP/1.1" 200 8217 "-" "Mozilla/5.0 (compatible; Ezooms/1.0; ezooms.bot@gmail.com)"
178.154.163.29 - - [19/Jan/2013:07:43:42 -0600] "GET /blog/thailand-september-2012/feed/ HTTP/1.1" 200 799 "-" "Mozilla/5.0 (compatible; YandexBot/3.0; +http://yandex.com/bots)"
209.85.238.38 - - [19/Jan/2013:07:52:16 -0600] "GET / HTTP/1.1" 302 5 "-" "DoCoMo/2.0 N905i(c100;TB;W24H16) (compatible; Googlebot-Mobile/2.1; +http://www.google.com/bot.html)"
209.85.238.38 - - [19/Jan/2013:07:52:17 -0600] "GET /blog/ HTTP/1.1" 200 12993 "-" "DoCoMo/2.0 N905i(c100;TB;W24H16) (compatible; Googlebot-Mobile/2.1; +http://www.google.com/bot.html)"
106.187.97.211 - - [19/Jan/2013:08:00:02 -0600] "GET /blog/wp-cron.php?doing_wp_cron HTTP/1.1" 200 5 "-" "curl/7.27.0"
106.187.97.211 - - [19/Jan/2013:08:00:02 -0600] "GET /bauer/wp-cron.php?doing_wp_cron HTTP/1.1" 200 5 "-" "curl/7.27.0"
106.187.97.211 - - [19/Jan/2013:08:00:03 -0600] "GET /homesite/wp-cron.php?doing_wp_cron HTTP/1.1" 200 5 "-" "curl/7.27.0"
180.76.5.141 - - [19/Jan/2013:08:21:19 -0600] "GET /blog/wp-content/themes/koi-improved/yellow.css HTTP/1.1" 404 13019 "-" "Mozilla/5.0 (compatible; Baiduspider/2.0; +http://www.baidu.com/search/spider.html)"
180.76.5.95 - - [19/Jan/2013:08:24:45 -0600] "GET /blog/category/food/ HTTP/1.1" 200 6258 "-" "Mozilla/5.0 (compatible; Baiduspider/2.0; +http://www.baidu.com/search/spider.html)"
208.115.113.86 - - [19/Jan/2013:08:28:11 -0600] "GET /robots.txt HTTP/1.1" 200 15 "-" "Mozilla/5.0 (compatible; Ezooms/1.0; ezooms.bot@gmail.com)"
180.76.5.155 - - [19/Jan/2013:08:40:26 -0600] "GET /robots.txt HTTP/1.1" 200 15 "-" "Mozilla/5.0 (Windows NT 5.1; rv:6.0.2) Gecko/20100101 Firefox/6.0.2"
180.76.6.36 - - [19/Jan/2013:08:40:26 -0600] "GET /robots.txt HTTP/1.1" 200 15 "-" "Mozilla/5.0 (Windows NT 5.1; rv:6.0.2) Gecko/20100101 Firefox/6.0.2"
123.125.71.81 - - [19/Jan/2013:08:40:57 -0600] "GET / HTTP/1.1" 302 5 "-" "Mozilla/5.0 (compatible; Baiduspider/2.0; +http://www.baidu.com/search/spider.html)"
220.181.108.163 - - [19/Jan/2013:08:41:55 -0600] "GET / HTTP/1.1" 302 5 "-" "Mozilla/5.0 (compatible; Baiduspider/2.0; +http://www.baidu.com/search/spider.html)"
210.211.107.150 - - [19/Jan/2013:08:58:56 -0600] "GET /robots.txt HTTP/1.1" 200 15 "-" "Wada.vn Vietnamese Search"
106.187.97.211 - - [19/Jan/2013:09:00:02 -0600] "GET /blog/wp-cron.php?doing_wp_cron HTTP/1.1" 200 5 "-" "curl/7.27.0"
106.187.97.211 - - [19/Jan/2013:09:00:04 -0600] "GET /bauer/wp-cron.php?doing_wp_cron HTTP/1.1" 200 5 "-" "curl/7.27.0"
106.187.97.211 - - [19/Jan/2013:09:00:05 -0600] "GET /homesite/wp-cron.php?doing_wp_cron HTTP/1.1" 200 5 "-" "curl/7.27.0"
119.247.227.238 - - [19/Jan/2013:09:03:01 -0600] "GET /mydci/entries/view/1037 HTTP/1.1" 404 564 "-" "Mozilla/4.0 (compatible; MSIE 5.5; Windows NT)"
131.253.24.49 - - [19/Jan/2013:09:14:38 -0600] "GET /blog/about/ HTTP/1.1" 200 2573 "-" "Mozilla/4.0 (compatible; MSIE 7.0; Windows NT 5.2;  SV1)"
131.253.24.49 - - [19/Jan/2013:09:14:39 -0600] "GET /blog/wp-content/themes/koi-improved/style.css HTTP/1.1" 200 15888 "http://ngmarley.com/blog/about/" "Mozilla/4.0 (compatible; MSIE 7.0; Windows NT 5.2;  SV1)"
131.253.24.49 - - [19/Jan/2013:09:14:40 -0600] "GET /blog/wp-includes/js/comment-reply.min.js?ver=3.5 HTTP/1.1" 200 786 "http://ngmarley.com/blog/about/" "Mozilla/4.0 (compatible; MSIE 7.0; Windows NT 5.2;  SV1)"
131.253.24.49 - - [19/Jan/2013:09:14:40 -0600] "GET /blog/wp-content/plugins/codecolorer/codecolorer.css?ver=0.9.9 HTTP/1.1" 200 11358 "http://ngmarley.com/blog/about/" "Mozilla/4.0 (compatible; MSIE 7.0; Windows NT 5.2;  SV1)"
131.253.24.49 - - [19/Jan/2013:09:14:41 -0600] "GET /blog/wp-content/themes/koi-improved/yellow.css HTTP/1.1" 404 13019 "http://ngmarley.com/blog/about/" "Mozilla/4.0 (compatible; MSIE 7.0; Windows NT 5.2;  SV1)"
208.115.113.86 - - [19/Jan/2013:09:29:56 -0600] "GET /blog/category/food/feed/ HTTP/1.1" 200 14780 "-" "Mozilla/5.0 (compatible; Ezooms/1.0; ezooms.bot@gmail.com)"
208.115.113.86 - - [19/Jan/2013:09:29:59 -0600] "GET /blog/category/portfolio/ HTTP/1.1" 200 33262 "-" "Mozilla/5.0 (compatible; Ezooms/1.0; ezooms.bot@gmail.com)"
208.115.113.86 - - [19/Jan/2013:09:30:02 -0600] "GET /blog/tag/osx-command-line/feed/ HTTP/1.1" 200 4365 "-" "Mozilla/5.0 (compatible; Ezooms/1.0; ezooms.bot@gmail.com)"
37.1.207.22 - - [19/Jan/2013:09:36:58 -0600] "GET /blog/wp-content/themes/Memoir/thumb.php HTTP/1.1" 404 564 "-" "Mozilla/5.0 (Macintosh; Intel Mac OS X 10_6_8) AppleWebKit/535.7 (KHTML, like Gecko) Chrome/16.0.912.77 Safari/535.7"
112.101.64.184 - - [19/Jan/2013:09:52:22 -0600] "GET /blog/analysis-chinese-phishing-scam/ HTTP/1.0" 200 11241 "http://ngmarley.com/blog/analysis-chinese-phishing-scam/" "Opera/9.80 (Windows NT 5.1; U; MRA 5.10 (build 5310); ru) Presto/2.10.289 Version/12.00"
178.154.163.29 - - [19/Jan/2013:09:52:28 -0600] "GET /blog/osx-universal-binary/ HTTP/1.1" 200 3561 "-" "Mozilla/5.0 (compatible; YandexBot/3.0; +http://yandex.com/bots)"
106.187.97.211 - - [19/Jan/2013:10:00:02 -0600] "GET /blog/wp-cron.php?doing_wp_cron HTTP/1.1" 200 5 "-" "curl/7.27.0"
106.187.97.211 - - [19/Jan/2013:10:00:02 -0600] "GET /bauer/wp-cron.php?doing_wp_cron HTTP/1.1" 200 5 "-" "curl/7.27.0"
106.187.97.211 - - [19/Jan/2013:10:00:03 -0600] "GET /homesite/wp-cron.php?doing_wp_cron HTTP/1.1" 200 5 "-" "curl/7.27.0"
173.199.120.27 - - [19/Jan/2013:10:19:39 -0600] "GET /blog/disable-speed-dial-feature-in-firefox-13/ HTTP/1.1" 200 3841 "-" "Mozilla/5.0 (compatible; AhrefsBot/4.0; +http://ahrefs.com/robot/)"
123.151.148.207 - - [19/Jan/2013:10:23:21 -0600] "GET / HTTP/1.1" 302 5 "-" "Sosospider+(+http://help.soso.com/webspider.htm)"
123.151.148.207 - - [19/Jan/2013:10:23:22 -0600] "GET /blog/ HTTP/1.1" 200 12993 "-" "Sosospider+(+http://help.soso.com/webspider.htm)"
123.151.148.207 - - [19/Jan/2013:10:23:31 -0600] "GET /blog/wp-content/themes/koi-improved/yellow.css HTTP/1.1" 404 13019 "http://ngmarley.com/" "Sosospider+(+http://help.soso.com/webspider.htm)"
208.115.111.70 - - [19/Jan/2013:10:27:55 -0600] "GET /robots.txt HTTP/1.1" 200 15 "-" "Mozilla/5.0 (compatible; Ezooms/1.0; ezooms.bot@gmail.com)"
66.249.74.38 - - [19/Jan/2013:10:35:26 -0600] "GET /blog/how-to-break-out-of-an-exit-popup-in-firefox/ HTTP/1.1" 200 2951 "-" "Mozilla/5.0 (compatible; Googlebot/2.1; +http://www.google.com/bot.html)"
202.46.59.46 - - [19/Jan/2013:10:40:50 -0600] "GET / HTTP/1.1" 302 5 "-" "Mozilla/4.0 (compatible; MSIE 7.0; Windows NT 6.0)"
119.63.193.132 - - [19/Jan/2013:10:40:59 -0600] "GET / HTTP/1.1" 302 5 "-" "Mozilla/4.0 (compatible; MSIE 7.0; Windows NT 6.0)"
173.199.120.27 - - [19/Jan/2013:10:45:06 -0600] "GET /blog/tag/cpan/ HTTP/1.1" 200 4146 "-" "Mozilla/5.0 (compatible; AhrefsBot/4.0; +http://ahrefs.com/robot/)"
183.13.151.167 - - [19/Jan/2013:10:49:04 -0600] "GET /blog/analysis-chinese-phishing-scam/ HTTP/1.1" 200 4083 "http://www.bing.com/search?q=email%20same%2ecom%2ecn+loc%3AJP&filt=all&first=8&FORM=PERE" "Mozilla/4.0 (compatible; MSIE 8.0; Windows NT 5.1; Trident/4.0; .NET CLR 1.1.4322; .NET CLR 2.0.50727; .NET CLR 3.0.04506.30; .NET CLR 3.0.4506.2152; .NET CLR 3.5.30729)"
123.125.71.74 - - [19/Jan/2013:10:57:25 -0600] "GET / HTTP/1.1" 302 5 "-" "Mozilla/5.0 (compatible; Baiduspider/2.0; +http://www.baidu.com/search/spider.html)"
220.181.108.174 - - [19/Jan/2013:10:59:07 -0600] "GET / HTTP/1.1" 302 5 "-" "Mozilla/5.0 (compatible; Baiduspider/2.0; +http://www.baidu.com/search/spider.html)"
106.187.97.211 - - [19/Jan/2013:11:00:03 -0600] "GET /blog/wp-cron.php?doing_wp_cron HTTP/1.1" 200 5 "-" "curl/7.27.0"
106.187.97.211 - - [19/Jan/2013:11:00:03 -0600] "GET /bauer/wp-cron.php?doing_wp_cron HTTP/1.1" 200 5 "-" "curl/7.27.0"
106.187.97.211 - - [19/Jan/2013:11:00:05 -0600] "GET /homesite/wp-cron.php?doing_wp_cron HTTP/1.1" 200 5 "-" "curl/7.27.0"
178.154.163.29 - - [19/Jan/2013:11:15:00 -0600] "GET /blog/disable-speed-dial-feature-in-firefox-13/ HTTP/1.1" 200 3841 "-" "Mozilla/5.0 (compatible; YandexBot/3.0; +http://yandex.com/bots)"
208.115.111.70 - - [19/Jan/2013:11:26:51 -0600] "GET /blog/tag/horticulture/feed/ HTTP/1.1" 200 4280 "-" "Mozilla/5.0 (compatible; Ezooms/1.0; ezooms.bot@gmail.com)"
208.115.111.70 - - [19/Jan/2013:11:26:54 -0600] "GET /blog/things-every-internet-cafe-should-do-to-improve-service/ HTTP/1.1" 200 9347 "-" "Mozilla/5.0 (compatible; Ezooms/1.0; ezooms.bot@gmail.com)"
173.199.120.27 - - [19/Jan/2013:11:29:59 -0600] "GET /blog/date-palms-p1/ HTTP/1.1" 200 3457 "-" "Mozilla/5.0 (compatible; AhrefsBot/4.0; +http://ahrefs.com/robot/)"
66.249.74.38 - - [19/Jan/2013:11:32:50 -0600] "GET /moodle/calendar/view.php?view=month&course=1&cal_d=1&cal_m=5&cal_y=1881 HTTP/1.1" 404 136 "-" "Mozilla/5.0 (compatible; Googlebot/2.1; +http://www.google.com/bot.html)"
220.181.108.167 - - [19/Jan/2013:11:43:58 -0600] "GET / HTTP/1.1" 302 5 "-" "Mozilla/5.0 (compatible; Baiduspider/2.0; +http://www.baidu.com/search/spider.html)"
123.125.71.82 - - [19/Jan/2013:11:47:05 -0600] "GET / HTTP/1.1" 302 5 "-" "Mozilla/5.0 (compatible; Baiduspider/2.0; +http://www.baidu.com/search/spider.html)"
124.153.69.242 - - [19/Jan/2013:11:59:19 -0600] "GET /blog/linux-shared-library-error/ HTTP/1.1" 200 3715 "http://www.google.co.in/url?sa=t&rct=j&q=&esrc=s&source=web&cd=9&cad=rja&ved=0CGwQFjAI&url=http%3A%2F%2Fngmarley.com%2Fblog%2Flinux-shared-library-error%2F&ei=4976UM-XBMaAkwX8y4Bg&usg=AFQjCNEqOGaw6N0t-o1fgvyTViwCNRQQzA&bvm=bv.41248874,d.bmk" "Mozilla/5.0 (Windows NT 6.1; rv:17.0) Gecko/20100101 Firefox/17.0"
124.153.69.242 - - [19/Jan/2013:11:59:19 -0600] "GET /blog/wp-content/plugins/codecolorer/codecolorer.css?ver=0.9.9 HTTP/1.1" 200 11358 "http://ngmarley.com/blog/linux-shared-library-error/" "Mozilla/5.0 (Windows NT 6.1; rv:17.0) Gecko/20100101 Firefox/17.0"
124.153.69.242 - - [19/Jan/2013:11:59:19 -0600] "GET /blog/wp-content/themes/koi-improved/style.css HTTP/1.1" 200 15888 "http://ngmarley.com/blog/linux-shared-library-error/" "Mozilla/5.0 (Windows NT 6.1; rv:17.0) Gecko/20100101 Firefox/17.0"
124.153.69.242 - - [19/Jan/2013:11:59:19 -0600] "GET /blog/wp-includes/js/comment-reply.min.js?ver=3.5 HTTP/1.1" 200 786 "http://ngmarley.com/blog/linux-shared-library-error/" "Mozilla/5.0 (Windows NT 6.1; rv:17.0) Gecko/20100101 Firefox/17.0"
124.153.69.242 - - [19/Jan/2013:11:59:19 -0600] "GET /blog/wp-content/themes/koi-improved/img/socialmedia/rss.png HTTP/1.1" 200 1484 "http://ngmarley.com/blog/linux-shared-library-error/" "Mozilla/5.0 (Windows NT 6.1; rv:17.0) Gecko/20100101 Firefox/17.0"
124.153.69.242 - - [19/Jan/2013:11:59:20 -0600] "GET /blog/wp-content/themes/koi-improved/yellow.css HTTP/1.1" 404 13019 "http://ngmarley.com/blog/linux-shared-library-error/" "Mozilla/5.0 (Windows NT 6.1; rv:17.0) Gecko/20100101 Firefox/17.0"
124.153.69.242 - - [19/Jan/2013:11:59:20 -0600] "GET /blog/wp-content/themes/koi-improved/img/paper-bg.jpg HTTP/1.1" 200 15033 "http://ngmarley.com/blog/wp-content/themes/koi-improved/style.css" "Mozilla/5.0 (Windows NT 6.1; rv:17.0) Gecko/20100101 Firefox/17.0"
124.153.69.242 - - [19/Jan/2013:11:59:20 -0600] "GET /blog/wp-content/themes/koi-improved/img/post-nav-bg.png HTTP/1.1" 200 1956 "http://ngmarley.com/blog/wp-content/themes/koi-improved/style.css" "Mozilla/5.0 (Windows NT 6.1; rv:17.0) Gecko/20100101 Firefox/17.0"
124.153.69.242 - - [19/Jan/2013:11:59:20 -0600] "GET /blog/wp-content/themes/koi-improved/img/post-nav-rule.png HTTP/1.1" 200 256 "http://ngmarley.com/blog/wp-content/themes/koi-improved/style.css" "Mozilla/5.0 (Windows NT 6.1; rv:17.0) Gecko/20100101 Firefox/17.0"
124.153.69.242 - - [19/Jan/2013:11:59:20 -0600] "GET /blog/wp-content/themes/koi-improved/img/footer.gif HTTP/1.1" 200 44030 "http://ngmarley.com/blog/wp-content/themes/koi-improved/style.css" "Mozilla/5.0 (Windows NT 6.1; rv:17.0) Gecko/20100101 Firefox/17.0"
124.153.69.242 - - [19/Jan/2013:11:59:20 -0600] "GET /blog/wp-content/themes/koi-improved/img/header.gif HTTP/1.1" 200 61208 "http://ngmarley.com/blog/wp-content/themes/koi-improved/style.css" "Mozilla/5.0 (Windows NT 6.1; rv:17.0) Gecko/20100101 Firefox/17.0"
124.153.69.242 - - [19/Jan/2013:11:59:20 -0600] "GET /blog/wp-content/themes/koi-improved/img/top-illustration.gif HTTP/1.1" 200 73399 "http://ngmarley.com/blog/wp-content/themes/koi-improved/style.css" "Mozilla/5.0 (Windows NT 6.1; rv:17.0) Gecko/20100101 Firefox/17.0"
124.153.69.242 - - [19/Jan/2013:11:59:21 -0600] "GET /favicon.ico HTTP/1.1" 404 136 "-" "Mozilla/5.0 (Windows NT 6.1; rv:17.0) Gecko/20100101 Firefox/17.0"
124.153.69.242 - - [19/Jan/2013:11:59:21 -0600] "GET /blog/dreaming-of-andalusia-oklahoma/ HTTP/1.1" 200 3140 "http://ngmarley.com/blog/linux-shared-library-error/" "Mozilla/5.0 (Windows NT 6.1; rv:17.0) Gecko/20100101 Firefox/17.0"
106.187.97.211 - - [19/Jan/2013:12:00:02 -0600] "GET /blog/wp-cron.php?doing_wp_cron HTTP/1.1" 200 5 "-" "curl/7.27.0"
106.187.97.211 - - [19/Jan/2013:12:00:02 -0600] "GET /bauer/wp-cron.php?doing_wp_cron HTTP/1.1" 200 5 "-" "curl/7.27.0"
106.187.97.211 - - [19/Jan/2013:12:00:02 -0600] "GET /homesite/wp-cron.php?doing_wp_cron HTTP/1.1" 200 5 "-" "curl/7.27.0"
157.55.35.91 - - [19/Jan/2013:12:06:42 -0600] "GET /robots.txt HTTP/1.1" 200 15 "-" "Mozilla/5.0 (compatible; bingbot/2.0; +http://www.bing.com/bingbot.htm)"
157.55.35.91 - - [19/Jan/2013:12:09:17 -0600] "GET /blog/tag/the-most-beautiful-women-in-the-world/ HTTP/1.1" 200 2836 "-" "Mozilla/5.0 (compatible; bingbot/2.0; +http://www.bing.com/bingbot.htm)"
173.199.120.27 - - [19/Jan/2013:12:13:29 -0600] "GET /blog/ HTTP/1.1" 200 12993 "-" "Mozilla/5.0 (compatible; AhrefsBot/4.0; +http://ahrefs.com/robot/)"
187.163.90.68 - - [19/Jan/2013:12:24:18 -0600] "GET /blog/feed/ HTTP/1.1" 304 0 "-" "Windows-RSS-Platform/2.0 (MSIE 9.0; Windows NT 6.1)"
208.115.113.86 - - [19/Jan/2013:12:27:56 -0600] "GET /robots.txt HTTP/1.1" 200 15 "-" "Mozilla/5.0 (compatible; Ezooms/1.0; ezooms.bot@gmail.com)"
178.154.163.29 - - [19/Jan/2013:12:37:31 -0600] "GET /robots.txt HTTP/1.1" 200 15 "-" "Mozilla/5.0 (compatible; YandexBot/3.0; +http://yandex.com/bots)"
183.13.244.14 - - [19/Jan/2013:12:42:35 -0600] "GET /blog/ HTTP/1.1" 200 12993 "http://www.bing.com/search?q=email%20same%2ecom%2ecn+loc%3AJP&filt=all&first=28&FORM=PERE" "Mozilla/4.0 (compatible; MSIE 8.0; Windows NT 5.1; Trident/4.0; .NET CLR 1.1.4322; .NET CLR 2.0.50727; .NET CLR 3.0.04506.30; .NET CLR 3.0.4506.2152; .NET CLR 3.5.30729)"
202.46.61.32 - - [19/Jan/2013:12:50:04 -0600] "GET / HTTP/1.1" 302 5 "-" "Mozilla/4.0 (compatible; MSIE 7.0; Windows NT 6.0)"
119.63.193.132 - - [19/Jan/2013:12:50:32 -0600] "GET / HTTP/1.1" 302 5 "-" "Mozilla/4.0 (compatible; MSIE 7.0; Windows NT 6.0)"
106.187.97.211 - - [19/Jan/2013:13:00:01 -0600] "GET /blog/wp-cron.php?doing_wp_cron HTTP/1.1" 200 5 "-" "curl/7.27.0"
106.187.97.211 - - [19/Jan/2013:13:00:02 -0600] "GET /bauer/wp-cron.php?doing_wp_cron HTTP/1.1" 200 5 "-" "curl/7.27.0"
106.187.97.211 - - [19/Jan/2013:13:00:02 -0600] "GET /homesite/wp-cron.php?doing_wp_cron HTTP/1.1" 200 5 "-" "curl/7.27.0"
178.154.163.29 - - [19/Jan/2013:13:05:02 -0600] "GET /blog/mydci-app/ HTTP/1.1" 200 3129 "-" "Mozilla/5.0 (compatible; YandexBot/3.0; +http://yandex.com/bots)"
70.45.211.154 - - [19/Jan/2013:13:09:21 -0600] "GET /scripts/twitter-who2follow.user.js HTTP/1.1" 404 136 "-" "Mozilla/5.0 (Windows NT 6.1; rv:18.0) Gecko/20100101 Firefox/18.0"
208.115.113.86 - - [19/Jan/2013:13:11:09 -0600] "GET /blog/almost-christmas/feed/ HTTP/1.1" 200 771 "-" "Mozilla/5.0 (compatible; Ezooms/1.0; ezooms.bot@gmail.com)"
1.202.218.21 - - [19/Jan/2013:13:14:42 -0600] "GET /robots.txt HTTP/1.1" 200 15 "-" "Mozilla/5.0 (compatible; JikeSpider; +http://shoulu.jike.com/spider.html)"
123.125.71.22 - - [19/Jan/2013:13:23:36 -0600] "GET /blog/ HTTP/1.1" 200 12993 "-" "Mozilla/5.0 (compatible; Baiduspider/2.0; +http://www.baidu.com/search/spider.html)"
208.115.113.86 - - [19/Jan/2013:13:30:42 -0600] "GET /blog/disable-speed-dial-feature-in-firefox-13/?replytocom=8741 HTTP/1.1" 200 11644 "-" "Mozilla/5.0 (compatible; Ezooms/1.0; ezooms.bot@gmail.com)"
208.115.113.86 - - [19/Jan/2013:13:30:45 -0600] "GET /scripts/twitter-who2follow.user.js HTTP/1.1" 404 162 "-" "Mozilla/5.0 (compatible; Ezooms/1.0; ezooms.bot@gmail.com)"
89.207.128.47 - - [19/Jan/2013:13:33:24 -0600] "GET /blog/disable-speed-dial-feature-in-firefox-13/ HTTP/1.1" 200 11568 "-" "Mozilla/4.0 (compatible; MSIE 6.0; Windows NT 5.1; SV1; TencentTraveler)"
177.80.143.156 - - [19/Jan/2013:13:33:34 -0600] "POST /blog/wp-comments-post.php HTTP/1.1" 500 4169 "http://ngmarley.com/blog/disable-speed-dial-feature-in-firefox-13/" "Mozilla/4.0 (compatible; MSIE 6.0; Windows NT 5.1)"
173.199.120.27 - - [19/Jan/2013:13:37:38 -0600] "GET /blog/category/travel/page/2/ HTTP/1.1" 200 5541 "-" "Mozilla/5.0 (compatible; AhrefsBot/4.0; +http://ahrefs.com/robot/)"
178.154.163.29 - - [19/Jan/2013:13:47:45 -0600] "GET /blog/spanish-resources/feed/ HTTP/1.1" 200 782 "-" "Mozilla/5.0 (compatible; YandexBot/3.0; +http://yandex.com/bots)"
106.187.97.211 - - [19/Jan/2013:14:00:01 -0600] "GET /blog/wp-cron.php?doing_wp_cron HTTP/1.1" 200 5 "-" "curl/7.27.0"
106.187.97.211 - - [19/Jan/2013:14:00:01 -0600] "GET /bauer/wp-cron.php?doing_wp_cron HTTP/1.1" 200 5 "-" "curl/7.27.0"
106.187.97.211 - - [19/Jan/2013:14:00:02 -0600] "GET /homesite/wp-cron.php?doing_wp_cron HTTP/1.1" 200 5 "-" "curl/7.27.0"
89.242.100.55 - - [19/Jan/2013:14:14:10 -0600] "GET /blog/black-carrots/ HTTP/1.1" 200 3140 "-" "Mozilla/5.0 (Linux; Android 4.2.1; Nexus 7 Build/JOP40D) AppleWebKit/535.19 (KHTML, like Gecko) Chrome/18.0.1025.166  Safari/535.19"
89.242.100.55 - - [19/Jan/2013:14:14:10 -0600] "GET /blog/wp-content/themes/koi-improved/style.css HTTP/1.1" 200 15888 "http://ngmarley.com/blog/black-carrots/" "Mozilla/5.0 (Linux; Android 4.2.1; Nexus 7 Build/JOP40D) AppleWebKit/535.19 (KHTML, like Gecko) Chrome/18.0.1025.166  Safari/535.19"
89.242.100.55 - - [19/Jan/2013:14:14:10 -0600] "GET /blog/wp-content/plugins/codecolorer/codecolorer.css?ver=0.9.9 HTTP/1.1" 200 11358 "http://ngmarley.com/blog/black-carrots/" "Mozilla/5.0 (Linux; Android 4.2.1; Nexus 7 Build/JOP40D) AppleWebKit/535.19 (KHTML, like Gecko) Chrome/18.0.1025.166  Safari/535.19"
89.242.100.55 - - [19/Jan/2013:14:14:11 -0600] "GET /blog/wp-includes/js/comment-reply.min.js?ver=3.5 HTTP/1.1" 200 786 "http://ngmarley.com/blog/black-carrots/" "Mozilla/5.0 (Linux; Android 4.2.1; Nexus 7 Build/JOP40D) AppleWebKit/535.19 (KHTML, like Gecko) Chrome/18.0.1025.166  Safari/535.19"
89.242.100.55 - - [19/Jan/2013:14:14:11 -0600] "GET /blog/wp-content/themes/koi-improved/img/paper-bg.jpg HTTP/1.1" 200 15033 "http://ngmarley.com/blog/black-carrots/" "Mozilla/5.0 (Linux; Android 4.2.1; Nexus 7 Build/JOP40D) AppleWebKit/535.19 (KHTML, like Gecko) Chrome/18.0.1025.166  Safari/535.19"
89.242.100.55 - - [19/Jan/2013:14:14:11 -0600] "GET /blog/wp-content/themes/koi-improved/img/socialmedia/rss.png HTTP/1.1" 200 1484 "http://ngmarley.com/blog/black-carrots/" "Mozilla/5.0 (Linux; Android 4.2.1; Nexus 7 Build/JOP40D) AppleWebKit/535.19 (KHTML, like Gecko) Chrome/18.0.1025.166  Safari/535.19"
89.242.100.55 - - [19/Jan/2013:14:14:11 -0600] "GET /blog/wp-content/themes/koi-improved/yellow.css HTTP/1.1" 404 13019 "http://ngmarley.com/blog/black-carrots/" "Mozilla/5.0 (Linux; Android 4.2.1; Nexus 7 Build/JOP40D) AppleWebKit/535.19 (KHTML, like Gecko) Chrome/18.0.1025.166  Safari/535.19"
89.242.100.55 - - [19/Jan/2013:14:14:12 -0600] "GET /blog/wp-content/themes/koi-improved/img/post-nav-rule.png HTTP/1.1" 200 256 "http://ngmarley.com/blog/black-carrots/" "Mozilla/5.0 (Linux; Android 4.2.1; Nexus 7 Build/JOP40D) AppleWebKit/535.19 (KHTML, like Gecko) Chrome/18.0.1025.166  Safari/535.19"
89.242.100.55 - - [19/Jan/2013:14:14:12 -0600] "GET /blog/wp-content/themes/koi-improved/img/post-nav-bg.png HTTP/1.1" 200 1956 "http://ngmarley.com/blog/black-carrots/" "Mozilla/5.0 (Linux; Android 4.2.1; Nexus 7 Build/JOP40D) AppleWebKit/535.19 (KHTML, like Gecko) Chrome/18.0.1025.166  Safari/535.19"
89.242.100.55 - - [19/Jan/2013:14:14:12 -0600] "GET /blog/wp-content/themes/koi-improved/img/top-illustration.gif HTTP/1.1" 200 73399 "http://ngmarley.com/blog/black-carrots/" "Mozilla/5.0 (Linux; Android 4.2.1; Nexus 7 Build/JOP40D) AppleWebKit/535.19 (KHTML, like Gecko) Chrome/18.0.1025.166  Safari/535.19"
89.242.100.55 - - [19/Jan/2013:14:14:12 -0600] "GET /blog/wp-content/themes/koi-improved/img/header.gif HTTP/1.1" 200 61208 "http://ngmarley.com/blog/black-carrots/" "Mozilla/5.0 (Linux; Android 4.2.1; Nexus 7 Build/JOP40D) AppleWebKit/535.19 (KHTML, like Gecko) Chrome/18.0.1025.166  Safari/535.19"
89.242.100.55 - - [19/Jan/2013:14:14:12 -0600] "GET /blog/wp-content/themes/koi-improved/img/footer.gif HTTP/1.1" 200 44030 "http://ngmarley.com/blog/black-carrots/" "Mozilla/5.0 (Linux; Android 4.2.1; Nexus 7 Build/JOP40D) AppleWebKit/535.19 (KHTML, like Gecko) Chrome/18.0.1025.166  Safari/535.19"
89.242.100.55 - - [19/Jan/2013:14:14:13 -0600] "GET /apple-touch-icon-precomposed.png HTTP/1.1" 404 193 "-" "Mozilla/5.0 (Linux; Android 4.2.1; Nexus 7 Build/JOP40D) AppleWebKit/535.19 (KHTML, like Gecko) Chrome/18.0.1025.166  Safari/535.19"
89.242.100.55 - - [19/Jan/2013:14:14:13 -0600] "GET /favicon.ico HTTP/1.1" 404 193 "-" "Mozilla/5.0 (Linux; Android 4.2.1; Nexus 7 Build/JOP40D) AppleWebKit/535.19 (KHTML, like Gecko) Chrome/18.0.1025.166  Safari/535.19"
89.242.100.55 - - [19/Jan/2013:14:14:13 -0600] "GET /apple-touch-icon.png HTTP/1.1" 404 193 "-" "Mozilla/5.0 (Linux; Android 4.2.1; Nexus 7 Build/JOP40D) AppleWebKit/535.19 (KHTML, like Gecko) Chrome/18.0.1025.166  Safari/535.19"
89.242.100.55 - - [19/Jan/2013:14:14:19 -0600] "GET /favicon.ico HTTP/1.1" 404 193 "-" "Mozilla/5.0 (Linux; Android 4.2.1; Nexus 7 Build/JOP40D) AppleWebKit/535.19 (KHTML, like Gecko) Chrome/18.0.1025.166  Safari/535.19"
89.242.100.55 - - [19/Jan/2013:14:14:19 -0600] "GET /apple-touch-icon-precomposed.png HTTP/1.1" 404 193 "-" "Mozilla/5.0 (Linux; Android 4.2.1; Nexus 7 Build/JOP40D) AppleWebKit/535.19 (KHTML, like Gecko) Chrome/18.0.1025.166  Safari/535.19"
89.242.100.55 - - [19/Jan/2013:14:14:20 -0600] "GET /apple-touch-icon.png HTTP/1.1" 404 193 "-" "Mozilla/5.0 (Linux; Android 4.2.1; Nexus 7 Build/JOP40D) AppleWebKit/535.19 (KHTML, like Gecko) Chrome/18.0.1025.166  Safari/535.19"
62.24.252.133 - - [19/Jan/2013:14:14:41 -0600] "GET /robots.txt HTTP/1.0" 200 15 "http://ngmarley.com/robots.txt" "Mozilla/4.0 (compatible; MSIE 8.0; Windows NT 5.1; Trident/4.0; .NET CLR 2.0.50727; .NET CLR 3.0.04506.648; .NET CLR 3.5.21022; .NET CLR 3.0.4506.2152; .NET CLR 3.5.30729; InfoPath.2)"
62.24.252.133 - - [19/Jan/2013:14:14:42 -0600] "GET /blog/black-carrots/ HTTP/1.0" 200 8662 "http://ngmarley.com/blog/black-carrots/" "Mozilla/4.0 (compatible; MSIE 8.0; Windows NT 5.1; Trident/4.0; .NET CLR 2.0.50727; .NET CLR 3.0.04506.648; .NET CLR 3.5.21022; .NET CLR 3.0.4506.2152; .NET CLR 3.5.30729; InfoPath.2)"
62.24.252.133 - - [19/Jan/2013:14:14:42 -0600] "GET /robots.txt HTTP/1.0" 200 15 "http://ngmarley.com/robots.txt" "Mozilla/4.0 (compatible; MSIE 8.0; Windows NT 5.1; Trident/4.0; .NET CLR 2.0.50727; .NET CLR 3.0.04506.648; .NET CLR 3.5.21022; .NET CLR 3.0.4506.2152; .NET CLR 3.5.30729; InfoPath.2)"
62.24.252.133 - - [19/Jan/2013:14:14:43 -0600] "GET /blog/wp-includes/js/comment-reply.min.js HTTP/1.0" 200 786 "http://ngmarley.com/blog/wp-includes/js/comment-reply.min.js" "Mozilla/4.0 (compatible; MSIE 8.0; Windows NT 5.1; Trident/4.0; .NET CLR 2.0.50727; .NET CLR 3.0.04506.648; .NET CLR 3.5.21022; .NET CLR 3.0.4506.2152; .NET CLR 3.5.30729; InfoPath.2)"
62.24.252.133 - - [19/Jan/2013:14:14:43 -0600] "GET /blog/wp-includes/js/comment-reply.min.js HTTP/1.0" 200 786 "http://ngmarley.com/blog/wp-includes/js/comment-reply.min.js" "Mozilla/4.0 (compatible; MSIE 8.0; Windows NT 5.1; Trident/4.0; .NET CLR 2.0.50727; .NET CLR 3.0.04506.648; .NET CLR 3.5.21022; .NET CLR 3.0.4506.2152; .NET CLR 3.5.30729; InfoPath.2)"
180.76.5.171 - - [19/Jan/2013:14:21:30 -0600] "GET /blog/?p=513 HTTP/1.1" 301 5 "-" "Mozilla/5.0 (compatible; Baiduspider/2.0; +http://www.baidu.com/search/spider.html)"
180.76.5.187 - - [19/Jan/2013:14:21:31 -0600] "GET /blog/lost-in-translation/ HTTP/1.1" 200 3161 "-" "Mozilla/5.0 (compatible; Baiduspider/2.0; +http://www.baidu.com/search/spider.html)"
173.199.120.27 - - [19/Jan/2013:14:31:42 -0600] "GET /blog/tag/castle/ HTTP/1.1" 200 3545 "-" "Mozilla/5.0 (compatible; AhrefsBot/4.0; +http://ahrefs.com/robot/)"
123.125.71.95 - - [19/Jan/2013:14:39:47 -0600] "GET / HTTP/1.1" 302 5 "-" "Mozilla/5.0 (compatible; Baiduspider/2.0; +http://www.baidu.com/search/spider.html)"
220.181.108.152 - - [19/Jan/2013:14:40:05 -0600] "GET / HTTP/1.1" 302 5 "-" "Mozilla/5.0 (compatible; Baiduspider/2.0; +http://www.baidu.com/search/spider.html)"
173.199.120.27 - - [19/Jan/2013:14:43:06 -0600] "GET /blog/tag/annoyances/ HTTP/1.1" 200 2734 "-" "Mozilla/5.0 (compatible; AhrefsBot/4.0; +http://ahrefs.com/robot/)"
66.249.74.38 - - [19/Jan/2013:14:44:14 -0600] "GET /blog/tag/ubuntu-sshd/ HTTP/1.1" 200 2567 "-" "Mozilla/5.0 (compatible; Googlebot/2.1; +http://www.google.com/bot.html)"
66.249.74.38 - - [19/Jan/2013:14:57:22 -0600] "GET /blog/category/tech/linux/ HTTP/1.1" 200 5394 "-" "Mozilla/5.0 (iPhone; U; CPU iPhone OS 4_1 like Mac OS X; en-us) AppleWebKit/532.9 (KHTML, like Gecko) Version/4.0.5 Mobile/8B117 Safari/6531.22.7 (compatible; Googlebot-Mobile/2.1; +http://www.google.com/bot.html)"
106.187.97.211 - - [19/Jan/2013:15:00:01 -0600] "GET /blog/wp-cron.php?doing_wp_cron HTTP/1.1" 200 5 "-" "curl/7.27.0"
106.187.97.211 - - [19/Jan/2013:15:00:02 -0600] "GET /bauer/wp-cron.php?doing_wp_cron HTTP/1.1" 200 5 "-" "curl/7.27.0"
106.187.97.211 - - [19/Jan/2013:15:00:02 -0600] "GET /homesite/wp-cron.php?doing_wp_cron HTTP/1.1" 200 5 "-" "curl/7.27.0"
93.172.83.156 - - [19/Jan/2013:15:02:41 -0600] "GET /blog/disable-speed-dial-feature-in-firefox-13/ HTTP/1.0" 200 11548 "http://ngmarley.com/blog/disable-speed-dial-feature-in-firefox-13/" "Mozilla/5.0 (Windows NT 6.1; WOW64) AppleWebKit/536.5 (KHTML, like Gecko) Chrome/19.0.1084.56 Safari/536.5"
93.172.83.156 - - [19/Jan/2013:15:02:42 -0600] "POST /blog/wp-comments-post.php HTTP/1.0" 500 4131 "http://ngmarley.com/blog/disable-speed-dial-feature-in-firefox-13/" "Mozilla/5.0 (Windows NT 6.1; WOW64) AppleWebKit/536.5 (KHTML, like Gecko) Chrome/19.0.1084.56 Safari/536.5"
173.199.120.27 - - [19/Jan/2013:15:30:06 -0600] "GET /blog/simple-blogging-tips/ HTTP/1.1" 200 3133 "-" "Mozilla/5.0 (compatible; AhrefsBot/4.0; +http://ahrefs.com/robot/)"
178.154.163.29 - - [19/Jan/2013:15:39:03 -0600] "GET / HTTP/1.1" 302 5 "-" "Mozilla/5.0 (compatible; YandexBot/3.0; +http://yandex.com/bots)"
178.154.163.29 - - [19/Jan/2013:15:39:06 -0600] "GET /blog/ HTTP/1.1" 200 12993 "-" "Mozilla/5.0 (compatible; YandexBot/3.0; +http://yandex.com/bots)"
142.234.49.50 - - [19/Jan/2013:15:51:36 -0600] "GET / HTTP/1.0" 302 0 "http://www.ngmarley.com/" "Mozilla/5.0 (Linux; U; Android 2.2; fr-fr; Desire_A8181 Build/FRF91) App3leWebKit/53.1 (KHTML, like Gecko) Version/4.0 Mobile Safari/533.1"
142.234.49.50 - - [19/Jan/2013:15:51:51 -0600] "GET /blog/ HTTP/1.0" 301 0 "http://www.ngmarley.com/" "Mozilla/5.0 (Linux; U; Android 2.2; fr-fr; Desire_A8181 Build/FRF91) App3leWebKit/53.1 (KHTML, like Gecko) Version/4.0 Mobile Safari/533.1"
142.234.49.50 - - [19/Jan/2013:15:52:03 -0600] "GET /blog/ HTTP/1.0" 200 40287 "http://www.ngmarley.com/" "Mozilla/5.0 (Linux; U; Android 2.2; fr-fr; Desire_A8181 Build/FRF91) App3leWebKit/53.1 (KHTML, like Gecko) Version/4.0 Mobile Safari/533.1"
142.234.49.253 - - [19/Jan/2013:15:52:10 -0600] "GET /blog/spicnspan/ HTTP/1.0" 200 19207 "http://ngmarley.com/" "Mozilla/5.0 (Linux; U; Android 2.2; fr-fr; Desire_A8181 Build/FRF91) App3leWebKit/53.1 (KHTML, like Gecko) Version/4.0 Mobile Safari/533.1"
2.222.254.34 - - [19/Jan/2013:15:56:13 -0600] "GET /blog/cpan-changing-permissions-on-osx/ HTTP/1.1" 200 4359 "https://www.google.co.uk/" "Mozilla/5.0 (Macintosh; Intel Mac OS X 10_8_2) AppleWebKit/537.17 (KHTML, like Gecko) Chrome/24.0.1312.52 Safari/537.17"
2.222.254.34 - - [19/Jan/2013:15:56:14 -0600] "GET /blog/wp-content/themes/koi-improved/style.css HTTP/1.1" 200 15888 "http://ngmarley.com/blog/cpan-changing-permissions-on-osx/" "Mozilla/5.0 (Macintosh; Intel Mac OS X 10_8_2) AppleWebKit/537.17 (KHTML, like Gecko) Chrome/24.0.1312.52 Safari/537.17"
2.222.254.34 - - [19/Jan/2013:15:56:14 -0600] "GET /blog/wp-content/plugins/codecolorer/codecolorer.css?ver=0.9.9 HTTP/1.1" 200 11358 "http://ngmarley.com/blog/cpan-changing-permissions-on-osx/" "Mozilla/5.0 (Macintosh; Intel Mac OS X 10_8_2) AppleWebKit/537.17 (KHTML, like Gecko) Chrome/24.0.1312.52 Safari/537.17"
2.222.254.34 - - [19/Jan/2013:15:56:14 -0600] "GET /blog/wp-includes/js/comment-reply.min.js?ver=3.5 HTTP/1.1" 200 786 "http://ngmarley.com/blog/cpan-changing-permissions-on-osx/" "Mozilla/5.0 (Macintosh; Intel Mac OS X 10_8_2) AppleWebKit/537.17 (KHTML, like Gecko) Chrome/24.0.1312.52 Safari/537.17"
2.222.254.34 - - [19/Jan/2013:15:56:14 -0600] "GET /blog/wp-content/themes/koi-improved/img/paper-bg.jpg HTTP/1.1" 200 15033 "http://ngmarley.com/blog/cpan-changing-permissions-on-osx/" "Mozilla/5.0 (Macintosh; Intel Mac OS X 10_8_2) AppleWebKit/537.17 (KHTML, like Gecko) Chrome/24.0.1312.52 Safari/537.17"
2.222.254.34 - - [19/Jan/2013:15:56:14 -0600] "GET /blog/wp-content/uploads/2010/06/code5.jpg HTTP/1.1" 200 30870 "http://ngmarley.com/blog/cpan-changing-permissions-on-osx/" "Mozilla/5.0 (Macintosh; Intel Mac OS X 10_8_2) AppleWebKit/537.17 (KHTML, like Gecko) Chrome/24.0.1312.52 Safari/537.17"
2.222.254.34 - - [19/Jan/2013:15:56:15 -0600] "GET /blog/wp-content/themes/koi-improved/img/socialmedia/rss.png HTTP/1.1" 200 1484 "http://ngmarley.com/blog/cpan-changing-permissions-on-osx/" "Mozilla/5.0 (Macintosh; Intel Mac OS X 10_8_2) AppleWebKit/537.17 (KHTML, like Gecko) Chrome/24.0.1312.52 Safari/537.17"
2.222.254.34 - - [19/Jan/2013:15:56:15 -0600] "GET /blog/cpan-changing-permissions-on-osx/ HTTP/1.1" 200 4359 "https://www.google.co.uk/" "Mozilla/5.0 (Macintosh; Intel Mac OS X 10_8_2) AppleWebKit/537.17 (KHTML, like Gecko) Chrome/24.0.1312.52 Safari/537.17"
2.222.254.34 - - [19/Jan/2013:15:56:15 -0600] "GET /blog/wp-content/themes/koi-improved/yellow.css HTTP/1.1" 404 13019 "http://ngmarley.com/blog/cpan-changing-permissions-on-osx/" "Mozilla/5.0 (Macintosh; Intel Mac OS X 10_8_2) AppleWebKit/537.17 (KHTML, like Gecko) Chrome/24.0.1312.52 Safari/537.17"
2.222.254.34 - - [19/Jan/2013:15:56:15 -0600] "GET /blog/wp-content/themes/koi-improved/img/header.gif HTTP/1.1" 200 61208 "http://ngmarley.com/blog/cpan-changing-permissions-on-osx/" "Mozilla/5.0 (Macintosh; Intel Mac OS X 10_8_2) AppleWebKit/537.17 (KHTML, like Gecko) Chrome/24.0.1312.52 Safari/537.17"
2.222.254.34 - - [19/Jan/2013:15:56:15 -0600] "GET /blog/wp-content/themes/koi-improved/img/top-illustration.gif HTTP/1.1" 200 73399 "http://ngmarley.com/blog/cpan-changing-permissions-on-osx/" "Mozilla/5.0 (Macintosh; Intel Mac OS X 10_8_2) AppleWebKit/537.17 (KHTML, like Gecko) Chrome/24.0.1312.52 Safari/537.17"
2.222.254.34 - - [19/Jan/2013:15:56:15 -0600] "GET /blog/wp-content/themes/koi-improved/img/post-nav-rule.png HTTP/1.1" 200 256 "http://ngmarley.com/blog/cpan-changing-permissions-on-osx/" "Mozilla/5.0 (Macintosh; Intel Mac OS X 10_8_2) AppleWebKit/537.17 (KHTML, like Gecko) Chrome/24.0.1312.52 Safari/537.17"
2.222.254.34 - - [19/Jan/2013:15:56:16 -0600] "GET /blog/wp-content/themes/koi-improved/yellow.css HTTP/1.1" 404 13019 "http://ngmarley.com/blog/cpan-changing-permissions-on-osx/" "Mozilla/5.0 (Macintosh; Intel Mac OS X 10_8_2) AppleWebKit/537.17 (KHTML, like Gecko) Chrome/24.0.1312.52 Safari/537.17"
2.222.254.34 - - [19/Jan/2013:15:56:16 -0600] "GET /blog/wp-content/themes/koi-improved/img/post-nav-bg.png HTTP/1.1" 200 1956 "http://ngmarley.com/blog/cpan-changing-permissions-on-osx/" "Mozilla/5.0 (Macintosh; Intel Mac OS X 10_8_2) AppleWebKit/537.17 (KHTML, like Gecko) Chrome/24.0.1312.52 Safari/537.17"
2.222.254.34 - - [19/Jan/2013:15:56:16 -0600] "GET /blog/wp-content/themes/koi-improved/img/footer.gif HTTP/1.1" 200 44030 "http://ngmarley.com/blog/cpan-changing-permissions-on-osx/" "Mozilla/5.0 (Macintosh; Intel Mac OS X 10_8_2) AppleWebKit/537.17 (KHTML, like Gecko) Chrome/24.0.1312.52 Safari/537.17"
2.222.254.34 - - [19/Jan/2013:15:56:17 -0600] "GET /favicon.ico HTTP/1.1" 404 193 "-" "Mozilla/5.0 (Macintosh; Intel Mac OS X 10_8_2) AppleWebKit/537.17 (KHTML, like Gecko) Chrome/24.0.1312.52 Safari/537.17"
173.199.120.27 - - [19/Jan/2013:15:58:40 -0600] "GET /blog/spanish-resources/ HTTP/1.1" 200 3588 "-" "Mozilla/5.0 (compatible; AhrefsBot/4.0; +http://ahrefs.com/robot/)"
198.136.53.234 - - [19/Jan/2013:15:58:50 -0600] "GET / HTTP/1.1" 302 5 "-" "Mozilla/5.0 (X11; U; Linux x86_64; C) AppleWebKit/533.3 (KHTML, like Gecko) Qt/4.7.2 Safari/533.3"
198.136.53.234 - - [19/Jan/2013:15:58:51 -0600] "GET /blog/ HTTP/1.1" 301 5 "-" "Mozilla/5.0 (X11; U; Linux x86_64; C) AppleWebKit/533.3 (KHTML, like Gecko) Qt/4.7.2 Safari/533.3"
198.136.53.234 - - [19/Jan/2013:15:58:57 -0600] "GET /blog/ HTTP/1.1" 200 12993 "-" "Mozilla/5.0 (X11; U; Linux x86_64; C) AppleWebKit/533.3 (KHTML, like Gecko) Qt/4.7.2 Safari/533.3"
198.136.53.234 - - [19/Jan/2013:15:58:57 -0600] "GET /blog/wp-content/themes/koi-improved/img/socialmedia/rss.png HTTP/1.1" 200 1484 "http://ngmarley.com/blog/" "Mozilla/5.0 (X11; U; Linux x86_64; C) AppleWebKit/533.3 (KHTML, like Gecko) Qt/4.7.2 Safari/533.3"
198.136.53.234 - - [19/Jan/2013:15:58:57 -0600] "GET /blog/wp-content/plugins/codecolorer/codecolorer.css?ver=0.9.9 HTTP/1.1" 200 11358 "http://ngmarley.com/blog/" "Mozilla/5.0 (X11; U; Linux x86_64; C) AppleWebKit/533.3 (KHTML, like Gecko) Qt/4.7.2 Safari/533.3"
198.136.53.234 - - [19/Jan/2013:15:58:57 -0600] "GET /blog/wp-content/themes/koi-improved/style.css HTTP/1.1" 200 15888 "http://ngmarley.com/blog/" "Mozilla/5.0 (X11; U; Linux x86_64; C) AppleWebKit/533.3 (KHTML, like Gecko) Qt/4.7.2 Safari/533.3"
198.136.53.234 - - [19/Jan/2013:15:58:57 -0600] "GET /blog/wp-content/themes/koi-improved/img/paper-bg.jpg HTTP/1.1" 200 15033 "http://ngmarley.com/blog/" "Mozilla/5.0 (X11; U; Linux x86_64; C) AppleWebKit/533.3 (KHTML, like Gecko) Qt/4.7.2 Safari/533.3"
198.136.53.234 - - [19/Jan/2013:15:58:58 -0600] "GET /blog/wp-content/themes/koi-improved/yellow.css HTTP/1.1" 404 13019 "http://ngmarley.com/blog/" "Mozilla/5.0 (X11; U; Linux x86_64; C) AppleWebKit/533.3 (KHTML, like Gecko) Qt/4.7.2 Safari/533.3"
198.136.53.234 - - [19/Jan/2013:15:58:58 -0600] "GET /blog/wp-content/themes/koi-improved/img/post-nav-rule.png HTTP/1.1" 200 256 "http://ngmarley.com/blog/" "Mozilla/5.0 (X11; U; Linux x86_64; C) AppleWebKit/533.3 (KHTML, like Gecko) Qt/4.7.2 Safari/533.3"
198.136.53.234 - - [19/Jan/2013:15:58:58 -0600] "GET /blog/wp-content/themes/koi-improved/img/post-nav-bg.png HTTP/1.1" 200 1956 "http://ngmarley.com/blog/" "Mozilla/5.0 (X11; U; Linux x86_64; C) AppleWebKit/533.3 (KHTML, like Gecko) Qt/4.7.2 Safari/533.3"
198.136.53.234 - - [19/Jan/2013:15:58:58 -0600] "GET /blog/wp-content/themes/koi-improved/img/header.gif HTTP/1.1" 200 61208 "http://ngmarley.com/blog/" "Mozilla/5.0 (X11; U; Linux x86_64; C) AppleWebKit/533.3 (KHTML, like Gecko) Qt/4.7.2 Safari/533.3"
198.136.53.234 - - [19/Jan/2013:15:58:58 -0600] "GET /blog/wp-content/themes/koi-improved/img/top-illustration.gif HTTP/1.1" 200 73399 "http://ngmarley.com/blog/" "Mozilla/5.0 (X11; U; Linux x86_64; C) AppleWebKit/533.3 (KHTML, like Gecko) Qt/4.7.2 Safari/533.3"
198.136.53.234 - - [19/Jan/2013:15:58:58 -0600] "GET /blog/wp-content/themes/koi-improved/img/footer.gif HTTP/1.1" 200 44030 "http://ngmarley.com/blog/" "Mozilla/5.0 (X11; U; Linux x86_64; C) AppleWebKit/533.3 (KHTML, like Gecko) Qt/4.7.2 Safari/533.3"
106.187.97.211 - - [19/Jan/2013:16:00:01 -0600] "GET /blog/wp-cron.php?doing_wp_cron HTTP/1.1" 200 5 "-" "curl/7.27.0"
106.187.97.211 - - [19/Jan/2013:16:00:02 -0600] "GET /bauer/wp-cron.php?doing_wp_cron HTTP/1.1" 200 5 "-" "curl/7.27.0"
106.187.97.211 - - [19/Jan/2013:16:00:02 -0600] "GET /homesite/wp-cron.php?doing_wp_cron HTTP/1.1" 200 5 "-" "curl/7.27.0"
2.222.254.34 - - [19/Jan/2013:16:00:02 -0600] "GET /blog/cpan-changing-permissions-on-osx/ HTTP/1.1" 200 4359 "https://www.google.co.uk/" "Mozilla/5.0 (Macintosh; Intel Mac OS X 10_8_2) AppleWebKit/537.17 (KHTML, like Gecko) Chrome/24.0.1312.52 Safari/537.17"
2.222.254.34 - - [19/Jan/2013:16:00:03 -0600] "GET /blog/cpan-changing-permissions-on-osx/ HTTP/1.1" 200 4359 "https://www.google.co.uk/" "Mozilla/5.0 (Macintosh; Intel Mac OS X 10_8_2) AppleWebKit/537.17 (KHTML, like Gecko) Chrome/24.0.1312.52 Safari/537.17"
2.222.254.34 - - [19/Jan/2013:16:00:03 -0600] "GET /blog/wp-content/themes/koi-improved/yellow.css HTTP/1.1" 404 13019 "http://ngmarley.com/blog/cpan-changing-permissions-on-osx/" "Mozilla/5.0 (Macintosh; Intel Mac OS X 10_8_2) AppleWebKit/537.17 (KHTML, like Gecko) Chrome/24.0.1312.52 Safari/537.17"
2.222.254.34 - - [19/Jan/2013:16:00:04 -0600] "GET /blog/wp-content/themes/koi-improved/yellow.css HTTP/1.1" 404 13019 "http://ngmarley.com/blog/cpan-changing-permissions-on-osx/" "Mozilla/5.0 (Macintosh; Intel Mac OS X 10_8_2) AppleWebKit/537.17 (KHTML, like Gecko) Chrome/24.0.1312.52 Safari/537.17"
2.222.254.34 - - [19/Jan/2013:16:00:05 -0600] "GET /favicon.ico HTTP/1.1" 404 193 "-" "Mozilla/5.0 (Macintosh; Intel Mac OS X 10_8_2) AppleWebKit/537.17 (KHTML, like Gecko) Chrome/24.0.1312.52 Safari/537.17"
204.236.226.210 - - [19/Jan/2013:16:21:56 -0600] "GET /robots.txt HTTP/1.0" 200 15 "-" "ia_archiver (+http://www.alexa.com/site/help/webmasters; crawler@alexa.com)"
204.236.226.210 - - [19/Jan/2013:16:21:57 -0600] "GET /blog/disable-speed-dial-feature-in-firefox-13/ HTTP/1.0" 200 11548 "-" "ia_archiver (+http://www.alexa.com/site/help/webmasters; crawler@alexa.com)"
178.154.163.29 - - [19/Jan/2013:16:25:37 -0600] "GET /blog/category/adventuring/ HTTP/1.1" 200 8193 "-" "Mozilla/5.0 (compatible; YandexBot/3.0; +http://yandex.com/bots)"
207.244.223.66 - - [19/Jan/2013:16:28:34 -0600] "GET /blog/feed/ HTTP/1.1" 200 38222 "-" "BlogSearch/2 +http://www.icerocket.com/"
157.55.32.189 - - [19/Jan/2013:16:28:51 -0600] "GET /robots.txt HTTP/1.1" 200 15 "-" "Mozilla/5.0 (compatible; bingbot/2.0; +http://www.bing.com/bingbot.htm)"
208.115.113.86 - - [19/Jan/2013:16:30:20 -0600] "GET /robots.txt HTTP/1.1" 200 15 "-" "Mozilla/5.0 (compatible; Ezooms/1.0; ezooms.bot@gmail.com)"
157.55.32.189 - - [19/Jan/2013:16:31:16 -0600] "GET /blog/almost-christmas/ HTTP/1.1" 200 5828 "-" "Mozilla/5.0 (compatible; bingbot/2.0; +http://www.bing.com/bingbot.htm)"
183.13.243.84 - - [19/Jan/2013:16:32:22 -0600] "GET /blog/ HTTP/1.1" 200 12993 "http://www.bing.com/search?q=email%20capitel%2ecom%2ecn+loc%3AJP&filt=all&first=172&FORM=PERE" "Mozilla/4.0 (compatible; MSIE 8.0; Windows NT 5.1; Trident/4.0; .NET CLR 1.1.4322; .NET CLR 2.0.50727; .NET CLR 3.0.04506.30; .NET CLR 3.0.4506.2152; .NET CLR 3.5.30729)"
66.249.74.38 - - [19/Jan/2013:16:32:33 -0600] "GET /blog/wp-content/uploads/2010/08/medellin-taxi-t.jpg HTTP/1.1" 200 6831 "-" "Googlebot-Image/1.0"
66.249.74.38 - - [19/Jan/2013:16:34:35 -0600] "GET /blog/wp-includes/images/smilies/icon_smile.gif HTTP/1.1" 200 174 "-" "Googlebot-Image/1.0"
95.108.150.235 - - [19/Jan/2013:16:44:41 -0600] "GET /robots.txt HTTP/1.1" 200 15 "-" "Mozilla/5.0 (compatible; YandexBot/3.0; +http://yandex.com/bots)"
95.108.150.235 - - [19/Jan/2013:16:44:42 -0600] "GET / HTTP/1.1" 302 5 "-" "Mozilla/5.0 (compatible; YandexBot/3.0; +http://yandex.com/bots)"
95.108.150.235 - - [19/Jan/2013:16:44:43 -0600] "GET /blog/ HTTP/1.1" 301 5 "-" "Mozilla/5.0 (compatible; YandexBot/3.0; +http://yandex.com/bots)"
95.108.150.235 - - [19/Jan/2013:16:44:43 -0600] "GET /robots.txt HTTP/1.1" 200 15 "-" "Mozilla/5.0 (compatible; YandexBot/3.0; +http://yandex.com/bots)"
95.108.150.235 - - [19/Jan/2013:16:44:44 -0600] "GET / HTTP/1.1" 302 5 "-" "Mozilla/5.0 (compatible; YandexBot/3.0; +http://yandex.com/bots)"
95.108.150.235 - - [19/Jan/2013:16:44:45 -0600] "GET /blog/ HTTP/1.1" 200 12993 "-" "Mozilla/5.0 (compatible; YandexBot/3.0; +http://yandex.com/bots)"
95.108.150.235 - - [19/Jan/2013:16:44:47 -0600] "GET /blog/ HTTP/1.1" 200 12993 "-" "Mozilla/5.0 (compatible; YandexBot/3.0; +http://yandex.com/bots)"
123.125.71.108 - - [19/Jan/2013:16:45:08 -0600] "GET / HTTP/1.1" 302 5 "-" "Mozilla/5.0 (compatible; Baiduspider/2.0; +http://www.baidu.com/search/spider.html)"
220.181.108.169 - - [19/Jan/2013:16:45:43 -0600] "GET / HTTP/1.1" 302 5 "-" "Mozilla/5.0 (compatible; Baiduspider/2.0; +http://www.baidu.com/search/spider.html)"
119.63.193.132 - - [19/Jan/2013:16:54:44 -0600] "GET / HTTP/1.1" 302 5 "-" "Mozilla/4.0 (compatible; MSIE 7.0; Windows NT 6.0)"
106.187.97.211 - - [19/Jan/2013:17:00:01 -0600] "GET /blog/wp-cron.php?doing_wp_cron HTTP/1.1" 200 5 "-" "curl/7.27.0"
106.187.97.211 - - [19/Jan/2013:17:00:01 -0600] "GET /bauer/wp-cron.php?doing_wp_cron HTTP/1.1" 200 5 "-" "curl/7.27.0"
106.187.97.211 - - [19/Jan/2013:17:00:02 -0600] "GET /homesite/wp-cron.php?doing_wp_cron HTTP/1.1" 200 5 "-" "curl/7.27.0"
