197.220.211.12 - - [18/Jan/2013:10:31:25 -0600] "GET /blog/wp-content/themes/koi-improved/img/footer.gif HTTP/1.0" 200 44030 "http://ngmarley.com/blog/wp-content/themes/koi-improved/style.css" "Mozilla/5.0 (Windows NT 5.1; rv:18.0) Gecko/20100101 Firefox/18.0"
197.220.211.12 - - [18/Jan/2013:10:31:28 -0600] "GET /favicon.ico HTTP/1.0" 404 162 "-" "Mozilla/5.0 (Windows NT 5.1; rv:18.0) Gecko/20100101 Firefox/18.0"
197.220.211.12 - - [18/Jan/2013:10:31:28 -0600] "GET /blog/simple-blogging-tips/ HTTP/1.0" 200 8544 "http://ngmarley.com/blog/things-every-internet-cafe-should-do-to-improve-service/" "Mozilla/5.0 (Windows NT 5.1; rv:18.0) Gecko/20100101 Firefox/18.0"
216.96.86.26 - - [18/Jan/2013:10:36:36 -0600] "GET /blog/feed/ HTTP/1.1" 304 0 "-" "Vienna 3.0b.2821 rv:2821 (Macintosh; Mac OS X 10.7.4; en_US)"
119.63.193.195 - - [18/Jan/2013:10:39:53 -0600] "GET / HTTP/1.1" 302 5 "-" "Mozilla/4.0 (compatible; MSIE 7.0; Windows NT 6.0)"
61.135.249.10 - - [18/Jan/2013:10:54:30 -0600] "GET / HTTP/1.1" 302 5 "-" "Mozilla/5.0 (compatible; YodaoBot/1.0; http://www.yodao.com/help/webmaster/spider/; )"
61.135.249.10 - - [18/Jan/2013:10:54:30 -0600] "GET /robots.txt HTTP/1.1" 200 15 "-" "Mozilla/5.0 (compatible; YodaoBot/1.0; http://www.yodao.com/help/webmaster/spider/; )"
61.135.249.10 - - [18/Jan/2013:10:54:30 -0600] "GET /blog/ HTTP/1.1" 200 12993 "-" "Mozilla/5.0 (compatible; YodaoBot/1.0; http://www.yodao.com/help/webmaster/spider/; )"
106.187.97.211 - - [18/Jan/2013:11:00:03 -0600] "GET /blog/wp-cron.php?doing_wp_cron HTTP/1.1" 200 5 "-" "curl/7.27.0"
106.187.97.211 - - [18/Jan/2013:11:00:03 -0600] "GET /bauer/wp-cron.php?doing_wp_cron HTTP/1.1" 200 5 "-" "curl/7.27.0"
106.187.97.211 - - [18/Jan/2013:11:00:06 -0600] "GET /homesite/wp-cron.php?doing_wp_cron HTTP/1.1" 200 5 "-" "curl/7.27.0"
216.96.86.26 - - [18/Jan/2013:11:02:58 -0600] "GET / HTTP/1.1" 302 5 "-" "Mozilla/5.0 (Macintosh; Intel Mac OS X 10.7; rv:18.0) Gecko/20100101 Firefox/18.0"
216.96.86.26 - - [18/Jan/2013:11:02:59 -0600] "GET /blog/ HTTP/1.1" 200 12993 "-" "Mozilla/5.0 (Macintosh; Intel Mac OS X 10.7; rv:18.0) Gecko/20100101 Firefox/18.0"
216.96.86.26 - - [18/Jan/2013:11:03:00 -0600] "GET /blog/wp-content/themes/koi-improved/style.css HTTP/1.1" 200 15888 "http://ngmarley.com/blog/" "Mozilla/5.0 (Macintosh; Intel Mac OS X 10.7; rv:18.0) Gecko/20100101 Firefox/18.0"
216.96.86.26 - - [18/Jan/2013:11:03:00 -0600] "GET /blog/wp-content/plugins/codecolorer/codecolorer.css?ver=0.9.9 HTTP/1.1" 200 11358 "http://ngmarley.com/blog/" "Mozilla/5.0 (Macintosh; Intel Mac OS X 10.7; rv:18.0) Gecko/20100101 Firefox/18.0"
216.96.86.26 - - [18/Jan/2013:11:03:00 -0600] "GET /blog/wp-content/themes/koi-improved/img/socialmedia/rss.png HTTP/1.1" 200 1484 "http://ngmarley.com/blog/" "Mozilla/5.0 (Macintosh; Intel Mac OS X 10.7; rv:18.0) Gecko/20100101 Firefox/18.0"
216.96.86.26 - - [18/Jan/2013:11:03:00 -0600] "GET /blog/wp-content/themes/koi-improved/yellow.css HTTP/1.1" 404 13019 "http://ngmarley.com/blog/" "Mozilla/5.0 (Macintosh; Intel Mac OS X 10.7; rv:18.0) Gecko/20100101 Firefox/18.0"
216.96.86.26 - - [18/Jan/2013:11:03:01 -0600] "GET /blog/wp-content/themes/koi-improved/img/paper-bg.jpg HTTP/1.1" 200 15033 "http://ngmarley.com/blog/wp-content/themes/koi-improved/style.css" "Mozilla/5.0 (Macintosh; Intel Mac OS X 10.7; rv:18.0) Gecko/20100101 Firefox/18.0"
216.96.86.26 - - [18/Jan/2013:11:03:01 -0600] "GET /blog/wp-content/themes/koi-improved/img/top-illustration.gif HTTP/1.1" 200 73399 "http://ngmarley.com/blog/wp-content/themes/koi-improved/style.css" "Mozilla/5.0 (Macintosh; Intel Mac OS X 10.7; rv:18.0) Gecko/20100101 Firefox/18.0"
216.96.86.26 - - [18/Jan/2013:11:03:01 -0600] "GET /blog/wp-content/themes/koi-improved/img/header.gif HTTP/1.1" 200 61208 "http://ngmarley.com/blog/wp-content/themes/koi-improved/style.css" "Mozilla/5.0 (Macintosh; Intel Mac OS X 10.7; rv:18.0) Gecko/20100101 Firefox/18.0"
216.96.86.26 - - [18/Jan/2013:11:03:01 -0600] "GET /blog/wp-content/themes/koi-improved/img/footer.gif HTTP/1.1" 200 44030 "http://ngmarley.com/blog/wp-content/themes/koi-improved/style.css" "Mozilla/5.0 (Macintosh; Intel Mac OS X 10.7; rv:18.0) Gecko/20100101 Firefox/18.0"
216.96.86.26 - - [18/Jan/2013:11:03:01 -0600] "GET /blog/wp-content/themes/koi-improved/img/post-nav-bg.png HTTP/1.1" 200 1956 "http://ngmarley.com/blog/wp-content/themes/koi-improved/style.css" "Mozilla/5.0 (Macintosh; Intel Mac OS X 10.7; rv:18.0) Gecko/20100101 Firefox/18.0"
216.96.86.26 - - [18/Jan/2013:11:03:01 -0600] "GET /blog/wp-content/themes/koi-improved/img/post-nav-rule.png HTTP/1.1" 200 256 "http://ngmarley.com/blog/wp-content/themes/koi-improved/style.css" "Mozilla/5.0 (Macintosh; Intel Mac OS X 10.7; rv:18.0) Gecko/20100101 Firefox/18.0"
216.96.86.26 - - [18/Jan/2013:11:03:02 -0600] "GET /favicon.ico HTTP/1.1" 404 136 "-" "Mozilla/5.0 (Macintosh; Intel Mac OS X 10.7; rv:18.0) Gecko/20100101 Firefox/18.0"
216.96.86.26 - - [18/Jan/2013:11:03:02 -0600] "GET /favicon.ico HTTP/1.1" 404 136 "-" "Mozilla/5.0 (Macintosh; Intel Mac OS X 10.7; rv:18.0) Gecko/20100101 Firefox/18.0"
216.96.86.26 - - [18/Jan/2013:11:03:09 -0600] "GET /wp-admin HTTP/1.1" 404 136 "-" "Mozilla/5.0 (Macintosh; Intel Mac OS X 10.7; rv:18.0) Gecko/20100101 Firefox/18.0"
216.96.86.26 - - [18/Jan/2013:11:04:35 -0600] "GET /wp-admin HTTP/1.1" 404 136 "-" "Mozilla/5.0 (Macintosh; Intel Mac OS X 10.7; rv:18.0) Gecko/20100101 Firefox/18.0"
216.96.86.26 - - [18/Jan/2013:11:04:46 -0600] "GET / HTTP/1.1" 302 5 "-" "Mozilla/5.0 (Macintosh; Intel Mac OS X 10.7; rv:18.0) Gecko/20100101 Firefox/18.0"
216.96.86.26 - - [18/Jan/2013:11:04:47 -0600] "GET /blog/ HTTP/1.1" 200 12993 "-" "Mozilla/5.0 (Macintosh; Intel Mac OS X 10.7; rv:18.0) Gecko/20100101 Firefox/18.0"
216.96.86.26 - - [18/Jan/2013:11:04:47 -0600] "GET /blog/wp-content/themes/koi-improved/style.css HTTP/1.1" 200 15888 "http://ngmarley.com/blog/" "Mozilla/5.0 (Macintosh; Intel Mac OS X 10.7; rv:18.0) Gecko/20100101 Firefox/18.0"
216.96.86.26 - - [18/Jan/2013:11:04:47 -0600] "GET /blog/wp-content/plugins/codecolorer/codecolorer.css?ver=0.9.9 HTTP/1.1" 200 11358 "http://ngmarley.com/blog/" "Mozilla/5.0 (Macintosh; Intel Mac OS X 10.7; rv:18.0) Gecko/20100101 Firefox/18.0"
216.96.86.26 - - [18/Jan/2013:11:04:47 -0600] "GET /blog/wp-content/themes/koi-improved/img/socialmedia/rss.png HTTP/1.1" 200 1484 "http://ngmarley.com/blog/" "Mozilla/5.0 (Macintosh; Intel Mac OS X 10.7; rv:18.0) Gecko/20100101 Firefox/18.0"
216.96.86.26 - - [18/Jan/2013:11:04:48 -0600] "GET /blog/wp-content/themes/koi-improved/yellow.css HTTP/1.1" 404 13019 "http://ngmarley.com/blog/" "Mozilla/5.0 (Macintosh; Intel Mac OS X 10.7; rv:18.0) Gecko/20100101 Firefox/18.0"
216.96.86.26 - - [18/Jan/2013:11:04:48 -0600] "GET /blog/wp-content/themes/koi-improved/img/paper-bg.jpg HTTP/1.1" 200 15033 "http://ngmarley.com/blog/wp-content/themes/koi-improved/style.css" "Mozilla/5.0 (Macintosh; Intel Mac OS X 10.7; rv:18.0) Gecko/20100101 Firefox/18.0"
216.96.86.26 - - [18/Jan/2013:11:04:48 -0600] "GET /blog/wp-content/themes/koi-improved/img/top-illustration.gif HTTP/1.1" 200 73399 "http://ngmarley.com/blog/wp-content/themes/koi-improved/style.css" "Mozilla/5.0 (Macintosh; Intel Mac OS X 10.7; rv:18.0) Gecko/20100101 Firefox/18.0"
216.96.86.26 - - [18/Jan/2013:11:04:48 -0600] "GET /blog/wp-content/themes/koi-improved/img/header.gif HTTP/1.1" 200 61208 "http://ngmarley.com/blog/wp-content/themes/koi-improved/style.css" "Mozilla/5.0 (Macintosh; Intel Mac OS X 10.7; rv:18.0) Gecko/20100101 Firefox/18.0"
216.96.86.26 - - [18/Jan/2013:11:04:48 -0600] "GET /blog/wp-content/themes/koi-improved/img/post-nav-rule.png HTTP/1.1" 200 256 "http://ngmarley.com/blog/wp-content/themes/koi-improved/style.css" "Mozilla/5.0 (Macintosh; Intel Mac OS X 10.7; rv:18.0) Gecko/20100101 Firefox/18.0"
216.96.86.26 - - [18/Jan/2013:11:04:48 -0600] "GET /blog/wp-content/themes/koi-improved/img/post-nav-bg.png HTTP/1.1" 200 1956 "http://ngmarley.com/blog/wp-content/themes/koi-improved/style.css" "Mozilla/5.0 (Macintosh; Intel Mac OS X 10.7; rv:18.0) Gecko/20100101 Firefox/18.0"
216.96.86.26 - - [18/Jan/2013:11:04:48 -0600] "GET /blog/wp-content/themes/koi-improved/img/footer.gif HTTP/1.1" 200 44030 "http://ngmarley.com/blog/wp-content/themes/koi-improved/style.css" "Mozilla/5.0 (Macintosh; Intel Mac OS X 10.7; rv:18.0) Gecko/20100101 Firefox/18.0"
216.96.86.26 - - [18/Jan/2013:11:05:09 -0600] "HEAD /wp-admin/ HTTP/1.1" 404 0 "-" "curl/7.21.4 (universal-apple-darwin11.0) libcurl/7.21.4 OpenSSL/0.9.8r zlib/1.2.5"
124.109.48.196 - - [18/Jan/2013:11:05:12 -0600] "GET /blog/os-x-madplay/ HTTP/1.1" 200 4376 "http://www.google.com.pk/url?sa=t&rct=j&q=path%20of%20madplay%20on%20ubuntu&source=web&cd=6&cad=rja&ved=0CFEQFjAF&url=http%3A%2F%2Fngmarley.com%2Fblog%2Fos-x-madplay%2F&ei=roD5UOLkHeuQ4gSG-oGYAw&usg=AFQjCNGniaBEFvaZof9I_iRO8SF0hp07NQ&bvm=bv.1357700187,bs.1,d.d2k" "Mozilla/5.0 (Windows NT 6.1; WOW64; rv:18.0) Gecko/20100101 Firefox/18.0"
216.96.86.26 - - [18/Jan/2013:11:05:12 -0600] "HEAD /blog/ HTTP/1.1" 200 0 "-" "curl/7.21.4 (universal-apple-darwin11.0) libcurl/7.21.4 OpenSSL/0.9.8r zlib/1.2.5"
124.109.48.196 - - [18/Jan/2013:11:05:12 -0600] "GET /blog/wp-content/themes/koi-improved/style.css HTTP/1.1" 200 15888 "http://ngmarley.com/blog/os-x-madplay/" "Mozilla/5.0 (Windows NT 6.1; WOW64; rv:18.0) Gecko/20100101 Firefox/18.0"
124.109.48.196 - - [18/Jan/2013:11:05:12 -0600] "GET /blog/wp-content/plugins/codecolorer/codecolorer.css?ver=0.9.9 HTTP/1.1" 200 11358 "http://ngmarley.com/blog/os-x-madplay/" "Mozilla/5.0 (Windows NT 6.1; WOW64; rv:18.0) Gecko/20100101 Firefox/18.0"
124.109.48.196 - - [18/Jan/2013:11:05:13 -0600] "GET /blog/wp-includes/js/comment-reply.min.js?ver=3.5 HTTP/1.1" 200 786 "http://ngmarley.com/blog/os-x-madplay/" "Mozilla/5.0 (Windows NT 6.1; WOW64; rv:18.0) Gecko/20100101 Firefox/18.0"
124.109.48.196 - - [18/Jan/2013:11:05:13 -0600] "GET /blog/wp-content/themes/koi-improved/img/socialmedia/rss.png HTTP/1.1" 200 1484 "http://ngmarley.com/blog/os-x-madplay/" "Mozilla/5.0 (Windows NT 6.1; WOW64; rv:18.0) Gecko/20100101 Firefox/18.0"
124.109.48.196 - - [18/Jan/2013:11:05:13 -0600] "GET /blog/wp-content/themes/koi-improved/yellow.css HTTP/1.1" 404 13019 "http://ngmarley.com/blog/os-x-madplay/" "Mozilla/5.0 (Windows NT 6.1; WOW64; rv:18.0) Gecko/20100101 Firefox/18.0"
124.109.48.196 - - [18/Jan/2013:11:05:14 -0600] "GET /blog/wp-content/themes/koi-improved/img/post-nav-bg.png HTTP/1.1" 200 1956 "http://ngmarley.com/blog/wp-content/themes/koi-improved/style.css" "Mozilla/5.0 (Windows NT 6.1; WOW64; rv:18.0) Gecko/20100101 Firefox/18.0"
124.109.48.196 - - [18/Jan/2013:11:05:14 -0600] "GET /blog/wp-content/themes/koi-improved/img/paper-bg.jpg HTTP/1.1" 200 15033 "http://ngmarley.com/blog/wp-content/themes/koi-improved/style.css" "Mozilla/5.0 (Windows NT 6.1; WOW64; rv:18.0) Gecko/20100101 Firefox/18.0"
124.109.48.196 - - [18/Jan/2013:11:05:14 -0600] "GET /blog/wp-content/themes/koi-improved/img/footer.gif HTTP/1.1" 200 44030 "http://ngmarley.com/blog/wp-content/themes/koi-improved/style.css" "Mozilla/5.0 (Windows NT 6.1; WOW64; rv:18.0) Gecko/20100101 Firefox/18.0"
124.109.48.196 - - [18/Jan/2013:11:05:14 -0600] "GET /blog/wp-content/themes/koi-improved/img/post-nav-rule.png HTTP/1.1" 200 256 "http://ngmarley.com/blog/wp-content/themes/koi-improved/style.css" "Mozilla/5.0 (Windows NT 6.1; WOW64; rv:18.0) Gecko/20100101 Firefox/18.0"
124.109.48.196 - - [18/Jan/2013:11:05:15 -0600] "GET /blog/wp-content/themes/koi-improved/img/top-illustration.gif HTTP/1.1" 200 73399 "http://ngmarley.com/blog/wp-content/themes/koi-improved/style.css" "Mozilla/5.0 (Windows NT 6.1; WOW64; rv:18.0) Gecko/20100101 Firefox/18.0"
124.109.48.196 - - [18/Jan/2013:11:05:15 -0600] "GET /blog/wp-content/themes/koi-improved/img/header.gif HTTP/1.1" 200 61208 "http://ngmarley.com/blog/wp-content/themes/koi-improved/style.css" "Mozilla/5.0 (Windows NT 6.1; WOW64; rv:18.0) Gecko/20100101 Firefox/18.0"
216.96.86.26 - - [18/Jan/2013:11:05:15 -0600] "HEAD / HTTP/1.1" 302 0 "-" "curl/7.21.4 (universal-apple-darwin11.0) libcurl/7.21.4 OpenSSL/0.9.8r zlib/1.2.5"
124.109.48.196 - - [18/Jan/2013:11:05:16 -0600] "GET /favicon.ico HTTP/1.1" 404 136 "-" "Mozilla/5.0 (Windows NT 6.1; WOW64; rv:18.0) Gecko/20100101 Firefox/18.0"
178.154.163.29 - - [18/Jan/2013:11:05:31 -0600] "GET /blog/tag/firefox-13-speed-dial/ HTTP/1.1" 200 2560 "-" "Mozilla/5.0 (compatible; YandexBot/3.0; +http://yandex.com/bots)"
119.247.227.238 - - [18/Jan/2013:11:17:12 -0600] "GET /mydci/entries/view/978 HTTP/1.1" 404 564 "-" "Mozilla/4.0 (compatible; MSIE 5.5; Windows NT)"
74.125.18.154 - - [18/Jan/2013:11:17:32 -0600] "GET /blog/page/2/ HTTP/1.1" 200 18157 "http://www.google.com/search" "Mozilla/5.0 (X11; Linux x86_64) AppleWebKit/537.4 (KHTML, like Gecko; Google Web Preview) Chrome/22.0.1229 Safari/537.4"
74.125.18.154 - - [18/Jan/2013:11:17:32 -0600] "GET /blog/wp-content/themes/koi-improved/style.css HTTP/1.1" 200 15888 "http://ngmarley.com/blog/page/2/" "Mozilla/5.0 (X11; Linux x86_64) AppleWebKit/537.4 (KHTML, like Gecko; Google Web Preview) Chrome/22.0.1229 Safari/537.4"
74.125.18.145 - - [18/Jan/2013:11:17:32 -0600] "GET /blog/wp-content/plugins/codecolorer/codecolorer.css?ver=0.9.9 HTTP/1.1" 200 11358 "http://ngmarley.com/blog/page/2/" "Mozilla/5.0 (X11; Linux x86_64) AppleWebKit/537.4 (KHTML, like Gecko; Google Web Preview) Chrome/22.0.1229 Safari/537.4"
74.125.18.145 - - [18/Jan/2013:11:17:32 -0600] "GET /blog/wp-content/themes/koi-improved/img/socialmedia/rss.png HTTP/1.1" 200 1484 "http://ngmarley.com/blog/page/2/" "Mozilla/5.0 (X11; Linux x86_64) AppleWebKit/537.4 (KHTML, like Gecko; Google Web Preview) Chrome/22.0.1229 Safari/537.4"
74.125.18.215 - - [18/Jan/2013:11:17:33 -0600] "GET /blog/wp-content/uploads/2011/01/prefs31.png HTTP/1.1" 200 85489 "http://ngmarley.com/blog/page/2/" "Mozilla/5.0 (X11; Linux x86_64) AppleWebKit/537.4 (KHTML, like Gecko; Google Web Preview) Chrome/22.0.1229 Safari/537.4"
74.125.18.145 - - [18/Jan/2013:11:17:33 -0600] "GET /blog/wp-content/uploads/2011/01/exitpop2.png HTTP/1.1" 200 48540 "http://ngmarley.com/blog/page/2/" "Mozilla/5.0 (X11; Linux x86_64) AppleWebKit/537.4 (KHTML, like Gecko; Google Web Preview) Chrome/22.0.1229 Safari/537.4"
74.125.18.145 - - [18/Jan/2013:11:17:33 -0600] "GET /blog/wp-content/uploads/2010/06/code5.jpg HTTP/1.1" 200 30870 "http://ngmarley.com/blog/page/2/" "Mozilla/5.0 (X11; Linux x86_64) AppleWebKit/537.4 (KHTML, like Gecko; Google Web Preview) Chrome/22.0.1229 Safari/537.4"
74.125.18.145 - - [18/Jan/2013:11:17:33 -0600] "GET /blog/wp-content/themes/koi-improved/yellow.css HTTP/1.1" 404 13019 "http://ngmarley.com/blog/page/2/" "Mozilla/5.0 (X11; Linux x86_64) AppleWebKit/537.4 (KHTML, like Gecko; Google Web Preview) Chrome/22.0.1229 Safari/537.4"
74.125.18.154 - - [18/Jan/2013:11:17:33 -0600] "GET /blog/wp-content/themes/koi-improved/img/paper-bg.jpg HTTP/1.1" 200 15033 "http://ngmarley.com/blog/page/2/" "Mozilla/5.0 (X11; Linux x86_64) AppleWebKit/537.4 (KHTML, like Gecko; Google Web Preview) Chrome/22.0.1229 Safari/537.4"
74.125.18.145 - - [18/Jan/2013:11:17:33 -0600] "GET /blog/wp-content/themes/koi-improved/img/post-nav-rule.png HTTP/1.1" 200 256 "http://ngmarley.com/blog/page/2/" "Mozilla/5.0 (X11; Linux x86_64) AppleWebKit/537.4 (KHTML, like Gecko; Google Web Preview) Chrome/22.0.1229 Safari/537.4"
74.125.18.145 - - [18/Jan/2013:11:17:33 -0600] "GET /blog/wp-content/themes/koi-improved/img/top-illustration.gif HTTP/1.1" 200 73399 "http://ngmarley.com/blog/page/2/" "Mozilla/5.0 (X11; Linux x86_64) AppleWebKit/537.4 (KHTML, like Gecko; Google Web Preview) Chrome/22.0.1229 Safari/537.4"
74.125.18.212 - - [18/Jan/2013:11:17:33 -0600] "GET /blog/wp-content/themes/koi-improved/img/post-nav-bg.png HTTP/1.1" 200 1956 "http://ngmarley.com/blog/page/2/" "Mozilla/5.0 (X11; Linux x86_64) AppleWebKit/537.4 (KHTML, like Gecko; Google Web Preview) Chrome/22.0.1229 Safari/537.4"
74.125.18.145 - - [18/Jan/2013:11:17:33 -0600] "GET /blog/wp-content/themes/koi-improved/img/header.gif HTTP/1.1" 200 61208 "http://ngmarley.com/blog/page/2/" "Mozilla/5.0 (X11; Linux x86_64) AppleWebKit/537.4 (KHTML, like Gecko; Google Web Preview) Chrome/22.0.1229 Safari/537.4"
74.125.18.145 - - [18/Jan/2013:11:17:33 -0600] "GET /blog/wp-content/themes/koi-improved/img/footer.gif HTTP/1.1" 200 44030 "http://ngmarley.com/blog/page/2/" "Mozilla/5.0 (X11; Linux x86_64) AppleWebKit/537.4 (KHTML, like Gecko; Google Web Preview) Chrome/22.0.1229 Safari/537.4"
201.40.140.180 - - [18/Jan/2013:11:23:46 -0600] "GET /blog/disable-speed-dial-feature-in-firefox-13/ HTTP/1.1" 200 11568 "-" "Mozilla/5.0 (compatible; Googlebot/2.1; +http://www.google.com/bot.html)"
201.40.140.180 - - [18/Jan/2013:11:23:48 -0600] "POST /blog/wp-comments-post.php HTTP/1.0" 500 4131 "-" "Mozilla/5.0 (compatible; Googlebot/2.1; +http://www.google.com/bot.html)"
208.115.111.70 - - [18/Jan/2013:11:28:18 -0600] "GET /blog/japan-initial-experiences/feed/ HTTP/1.1" 200 2563 "-" "Mozilla/5.0 (compatible; Ezooms/1.0; ezooms.bot@gmail.com)"
208.115.111.70 - - [18/Jan/2013:11:28:21 -0600] "GET /blog/tag/carrot-soup/ HTTP/1.1" 200 9373 "-" "Mozilla/5.0 (compatible; Ezooms/1.0; ezooms.bot@gmail.com)"
208.115.111.70 - - [18/Jan/2013:11:28:23 -0600] "GET /blog/tag/cpan/feed/ HTTP/1.1" 200 20884 "-" "Mozilla/5.0 (compatible; Ezooms/1.0; ezooms.bot@gmail.com)"
208.115.111.70 - - [18/Jan/2013:11:28:25 -0600] "GET /blog/tag/firefox-speed-dial/ HTTP/1.1" 200 7564 "-" "Mozilla/5.0 (compatible; Ezooms/1.0; ezooms.bot@gmail.com)"
106.187.97.211 - - [18/Jan/2013:12:00:01 -0600] "GET /blog/wp-cron.php?doing_wp_cron HTTP/1.1" 200 5 "-" "curl/7.27.0"
106.187.97.211 - - [18/Jan/2013:12:00:01 -0600] "GET /bauer/wp-cron.php?doing_wp_cron HTTP/1.1" 200 5 "-" "curl/7.27.0"
106.187.97.211 - - [18/Jan/2013:12:00:02 -0600] "GET /homesite/wp-cron.php?doing_wp_cron HTTP/1.1" 200 5 "-" "curl/7.27.0"
178.154.163.29 - - [18/Jan/2013:12:03:41 -0600] "GET /blog/tag/disable-firefox-speed-dial/ HTTP/1.1" 200 2564 "-" "Mozilla/5.0 (compatible; YandexBot/3.0; +http://yandex.com/bots)"
112.207.207.110 - - [18/Jan/2013:12:26:40 -0600] "GET /blog/things-every-internet-cafe-should-do-to-improve-service/ HTTP/1.1" 200 3613 "http://www.google.com.ph/url?sa=t&rct=j&q=increase%20customer%20internet%20cafe&source=web&cd=5&cad=rja&ved=0CFcQFjAE&url=http%3A%2F%2Fngmarley.com%2Fblog%2Fthings-every-internet-cafe-should-do-to-improve-service%2F&ei=RpP5UKlspaGIB8_-gZAB&usg=AFQjCNFmc5xGaZLaccvh2WmR6SgZrPfC7w&bvm=bv.41248874,d.aGc" "Mozilla/5.0 (Windows NT 6.1; WOW64; rv:18.0) Gecko/20100101 Firefox/18.0"
112.207.207.110 - - [18/Jan/2013:12:26:40 -0600] "GET /blog/wp-content/themes/koi-improved/style.css HTTP/1.1" 200 15888 "http://ngmarley.com/blog/things-every-internet-cafe-should-do-to-improve-service/" "Mozilla/5.0 (Windows NT 6.1; WOW64; rv:18.0) Gecko/20100101 Firefox/18.0"
112.207.207.110 - - [18/Jan/2013:12:26:40 -0600] "GET /blog/wp-content/plugins/codecolorer/codecolorer.css?ver=0.9.9 HTTP/1.1" 200 11358 "http://ngmarley.com/blog/things-every-internet-cafe-should-do-to-improve-service/" "Mozilla/5.0 (Windows NT 6.1; WOW64; rv:18.0) Gecko/20100101 Firefox/18.0"
112.207.207.110 - - [18/Jan/2013:12:26:40 -0600] "GET /blog/wp-includes/js/comment-reply.min.js?ver=3.5 HTTP/1.1" 200 786 "http://ngmarley.com/blog/things-every-internet-cafe-should-do-to-improve-service/" "Mozilla/5.0 (Windows NT 6.1; WOW64; rv:18.0) Gecko/20100101 Firefox/18.0"
112.207.207.110 - - [18/Jan/2013:12:26:40 -0600] "GET /blog/wp-content/themes/koi-improved/img/socialmedia/rss.png HTTP/1.1" 200 1484 "http://ngmarley.com/blog/things-every-internet-cafe-should-do-to-improve-service/" "Mozilla/5.0 (Windows NT 6.1; WOW64; rv:18.0) Gecko/20100101 Firefox/18.0"
112.207.207.110 - - [18/Jan/2013:12:26:41 -0600] "GET /blog/wp-content/themes/koi-improved/yellow.css HTTP/1.1" 404 13019 "http://ngmarley.com/blog/things-every-internet-cafe-should-do-to-improve-service/" "Mozilla/5.0 (Windows NT 6.1; WOW64; rv:18.0) Gecko/20100101 Firefox/18.0"
112.207.207.110 - - [18/Jan/2013:12:26:41 -0600] "GET /blog/wp-content/themes/koi-improved/img/paper-bg.jpg HTTP/1.1" 200 15033 "http://ngmarley.com/blog/wp-content/themes/koi-improved/style.css" "Mozilla/5.0 (Windows NT 6.1; WOW64; rv:18.0) Gecko/20100101 Firefox/18.0"
112.207.207.110 - - [18/Jan/2013:12:26:41 -0600] "GET /blog/wp-content/themes/koi-improved/img/post-nav-rule.png HTTP/1.1" 200 256 "http://ngmarley.com/blog/wp-content/themes/koi-improved/style.css" "Mozilla/5.0 (Windows NT 6.1; WOW64; rv:18.0) Gecko/20100101 Firefox/18.0"
112.207.207.110 - - [18/Jan/2013:12:26:41 -0600] "GET /blog/wp-content/themes/koi-improved/img/post-nav-bg.png HTTP/1.1" 200 1956 "http://ngmarley.com/blog/wp-content/themes/koi-improved/style.css" "Mozilla/5.0 (Windows NT 6.1; WOW64; rv:18.0) Gecko/20100101 Firefox/18.0"
112.207.207.110 - - [18/Jan/2013:12:26:42 -0600] "GET /blog/wp-content/themes/koi-improved/img/footer.gif HTTP/1.1" 200 44030 "http://ngmarley.com/blog/wp-content/themes/koi-improved/style.css" "Mozilla/5.0 (Windows NT 6.1; WOW64; rv:18.0) Gecko/20100101 Firefox/18.0"
112.207.207.110 - - [18/Jan/2013:12:26:42 -0600] "GET /blog/wp-content/themes/koi-improved/img/header.gif HTTP/1.1" 200 61208 "http://ngmarley.com/blog/wp-content/themes/koi-improved/style.css" "Mozilla/5.0 (Windows NT 6.1; WOW64; rv:18.0) Gecko/20100101 Firefox/18.0"
112.207.207.110 - - [18/Jan/2013:12:26:42 -0600] "GET /blog/wp-content/themes/koi-improved/img/top-illustration.gif HTTP/1.1" 200 73399 "http://ngmarley.com/blog/wp-content/themes/koi-improved/style.css" "Mozilla/5.0 (Windows NT 6.1; WOW64; rv:18.0) Gecko/20100101 Firefox/18.0"
112.207.207.110 - - [18/Jan/2013:12:26:43 -0600] "GET /favicon.ico HTTP/1.1" 404 136 "-" "Mozilla/5.0 (Windows NT 6.1; WOW64; rv:18.0) Gecko/20100101 Firefox/18.0"
180.76.5.59 - - [18/Jan/2013:12:27:22 -0600] "GET /blog/category/portfolio/ HTTP/1.1" 200 6757 "-" "Mozilla/5.0 (compatible; Baiduspider/2.0; +http://www.baidu.com/search/spider.html)"
208.115.113.86 - - [18/Jan/2013:12:30:26 -0600] "GET /robots.txt HTTP/1.1" 200 15 "-" "Mozilla/5.0 (compatible; Ezooms/1.0; ezooms.bot@gmail.com)"
66.249.77.136 - - [18/Jan/2013:12:31:30 -0600] "GET /blog/added-life-list/ HTTP/1.1" 200 3322 "-" "Mozilla/5.0 (compatible; Googlebot/2.1; +http://www.google.com/bot.html)"
178.255.215.67 - - [18/Jan/2013:12:39:32 -0600] "GET / HTTP/1.1" 302 5 "-" "Mozilla/5.0 (compatible; Exabot/3.0; +http://www.exabot.com/go/robot)"
178.255.215.67 - - [18/Jan/2013:12:39:49 -0600] "GET /blog/ HTTP/1.1" 200 12993 "-" "Mozilla/5.0 (compatible; Exabot/3.0; +http://www.exabot.com/go/robot)"
123.125.71.110 - - [18/Jan/2013:12:40:25 -0600] "GET / HTTP/1.1" 302 5 "-" "Mozilla/5.0 (compatible; Baiduspider/2.0; +http://www.baidu.com/search/spider.html)"
220.181.108.163 - - [18/Jan/2013:12:41:17 -0600] "GET / HTTP/1.1" 302 5 "-" "Mozilla/5.0 (compatible; Baiduspider/2.0; +http://www.baidu.com/search/spider.html)"
178.154.163.29 - - [18/Jan/2013:12:42:28 -0600] "GET /blog/tag/ubuntu-sshd/ HTTP/1.1" 200 2567 "-" "Mozilla/5.0 (compatible; YandexBot/3.0; +http://yandex.com/bots)"
119.63.193.195 - - [18/Jan/2013:12:49:57 -0600] "GET / HTTP/1.1" 302 5 "-" "Mozilla/4.0 (compatible; MSIE 7.0; Windows NT 6.0)"
201.52.224.112 - - [18/Jan/2013:12:55:36 -0600] "GET /blog/command-line-gmail/ HTTP/1.1" 200 4135 "http://www.google.com.br/url?sa=t&rct=j&q=gmail%20command%20line%20mac&source=web&cd=3&cad=rja&ved=0CEUQFjAC&url=http%3A%2F%2Fngmarley.com%2Fblog%2Fcommand-line-gmail%2F&ei=25n5UKDtE4Gg8QSL4YGADw&usg=AFQjCNHnBDjKXhr7cbab0HLNzIT0jtkTiw&bvm=bv.41248874,d.eWU" "Mozilla/5.0 (Macintosh; Intel Mac OS X 10_7_5) AppleWebKit/536.26.17 (KHTML, like Gecko) Version/6.0.2 Safari/536.26.17"
201.52.224.112 - - [18/Jan/2013:12:55:36 -0600] "GET /blog/wp-content/themes/koi-improved/style.css HTTP/1.1" 200 15888 "http://ngmarley.com/blog/command-line-gmail/" "Mozilla/5.0 (Macintosh; Intel Mac OS X 10_7_5) AppleWebKit/536.26.17 (KHTML, like Gecko) Version/6.0.2 Safari/536.26.17"
201.52.224.112 - - [18/Jan/2013:12:55:36 -0600] "GET /blog/wp-content/plugins/codecolorer/codecolorer.css?ver=0.9.9 HTTP/1.1" 200 11358 "http://ngmarley.com/blog/command-line-gmail/" "Mozilla/5.0 (Macintosh; Intel Mac OS X 10_7_5) AppleWebKit/536.26.17 (KHTML, like Gecko) Version/6.0.2 Safari/536.26.17"
201.52.224.112 - - [18/Jan/2013:12:55:36 -0600] "GET /blog/wp-includes/js/comment-reply.min.js?ver=3.5 HTTP/1.1" 200 786 "http://ngmarley.com/blog/command-line-gmail/" "Mozilla/5.0 (Macintosh; Intel Mac OS X 10_7_5) AppleWebKit/536.26.17 (KHTML, like Gecko) Version/6.0.2 Safari/536.26.17"
201.52.224.112 - - [18/Jan/2013:12:55:37 -0600] "GET /blog/wp-content/themes/koi-improved/img/paper-bg.jpg HTTP/1.1" 200 15033 "http://ngmarley.com/blog/command-line-gmail/" "Mozilla/5.0 (Macintosh; Intel Mac OS X 10_7_5) AppleWebKit/536.26.17 (KHTML, like Gecko) Version/6.0.2 Safari/536.26.17"
201.52.224.112 - - [18/Jan/2013:12:55:37 -0600] "GET /blog/wp-content/themes/koi-improved/img/socialmedia/rss.png HTTP/1.1" 200 1484 "http://ngmarley.com/blog/command-line-gmail/" "Mozilla/5.0 (Macintosh; Intel Mac OS X 10_7_5) AppleWebKit/536.26.17 (KHTML, like Gecko) Version/6.0.2 Safari/536.26.17"
201.52.224.112 - - [18/Jan/2013:12:55:37 -0600] "GET /blog/wp-content/themes/koi-improved/yellow.css HTTP/1.1" 404 13019 "http://ngmarley.com/blog/command-line-gmail/" "Mozilla/5.0 (Macintosh; Intel Mac OS X 10_7_5) AppleWebKit/536.26.17 (KHTML, like Gecko) Version/6.0.2 Safari/536.26.17"
201.52.224.112 - - [18/Jan/2013:12:55:38 -0600] "GET /blog/wp-content/themes/koi-improved/img/post-nav-rule.png HTTP/1.1" 200 256 "http://ngmarley.com/blog/command-line-gmail/" "Mozilla/5.0 (Macintosh; Intel Mac OS X 10_7_5) AppleWebKit/536.26.17 (KHTML, like Gecko) Version/6.0.2 Safari/536.26.17"
201.52.224.112 - - [18/Jan/2013:12:55:38 -0600] "GET /blog/wp-content/themes/koi-improved/img/post-nav-bg.png HTTP/1.1" 200 1956 "http://ngmarley.com/blog/command-line-gmail/" "Mozilla/5.0 (Macintosh; Intel Mac OS X 10_7_5) AppleWebKit/536.26.17 (KHTML, like Gecko) Version/6.0.2 Safari/536.26.17"
201.52.224.112 - - [18/Jan/2013:12:55:38 -0600] "GET /blog/wp-content/themes/koi-improved/img/header.gif HTTP/1.1" 200 61208 "http://ngmarley.com/blog/command-line-gmail/" "Mozilla/5.0 (Macintosh; Intel Mac OS X 10_7_5) AppleWebKit/536.26.17 (KHTML, like Gecko) Version/6.0.2 Safari/536.26.17"
201.52.224.112 - - [18/Jan/2013:12:55:38 -0600] "GET /blog/wp-content/themes/koi-improved/img/top-illustration.gif HTTP/1.1" 200 73399 "http://ngmarley.com/blog/command-line-gmail/" "Mozilla/5.0 (Macintosh; Intel Mac OS X 10_7_5) AppleWebKit/536.26.17 (KHTML, like Gecko) Version/6.0.2 Safari/536.26.17"
201.52.224.112 - - [18/Jan/2013:12:55:38 -0600] "GET /blog/wp-content/themes/koi-improved/img/footer.gif HTTP/1.1" 200 44030 "http://ngmarley.com/blog/command-line-gmail/" "Mozilla/5.0 (Macintosh; Intel Mac OS X 10_7_5) AppleWebKit/536.26.17 (KHTML, like Gecko) Version/6.0.2 Safari/536.26.17"
201.52.224.112 - - [18/Jan/2013:12:55:41 -0600] "GET /favicon.ico HTTP/1.1" 404 136 "http://ngmarley.com/blog/command-line-gmail/" "Mozilla/5.0 (Macintosh; Intel Mac OS X 10_7_5) AppleWebKit/536.26.17 (KHTML, like Gecko) Version/6.0.2 Safari/536.26.17"
106.187.97.211 - - [18/Jan/2013:13:00:01 -0600] "GET /blog/wp-cron.php?doing_wp_cron HTTP/1.1" 200 5 "-" "curl/7.27.0"
106.187.97.211 - - [18/Jan/2013:13:00:01 -0600] "GET /bauer/wp-cron.php?doing_wp_cron HTTP/1.1" 200 5 "-" "curl/7.27.0"
106.187.97.211 - - [18/Jan/2013:13:00:02 -0600] "GET /homesite/wp-cron.php?doing_wp_cron HTTP/1.1" 200 5 "-" "curl/7.27.0"
183.13.245.210 - - [18/Jan/2013:13:02:56 -0600] "GET /blog/analysis-chinese-phishing-scam/ HTTP/1.1" 200 4083 "http://www.bing.com/search?q=email%20neocene%2dtech%2ecom%2ecn+loc%3AJP&filt=all&first=18&FORM=PERE" "Mozilla/4.0 (compatible; MSIE 8.0; Windows NT 5.1; Trident/4.0; .NET CLR 1.1.4322; .NET CLR 2.0.50727; .NET CLR 3.0.04506.30; .NET CLR 3.0.4506.2152; .NET CLR 3.5.30729)"
178.154.163.29 - - [18/Jan/2013:13:08:20 -0600] "GET /blog/dreaming-of-andalusia-oklahoma/ HTTP/1.1" 200 3140 "-" "Mozilla/5.0 (compatible; YandexBot/3.0; +http://yandex.com/bots)"
208.115.113.86 - - [18/Jan/2013:13:27:45 -0600] "GET /blog/category/tech/feed/ HTTP/1.1" 200 101164 "-" "Mozilla/5.0 (compatible; Ezooms/1.0; ezooms.bot@gmail.com)"
208.115.113.86 - - [18/Jan/2013:13:27:48 -0600] "GET /blog/category/tech/linux/ HTTP/1.1" 200 16390 "-" "Mozilla/5.0 (compatible; Ezooms/1.0; ezooms.bot@gmail.com)"
208.115.113.86 - - [18/Jan/2013:13:27:50 -0600] "GET /blog/life-list/feed/ HTTP/1.1" 200 1166 "-" "Mozilla/5.0 (compatible; Ezooms/1.0; ezooms.bot@gmail.com)"
208.115.113.86 - - [18/Jan/2013:13:27:53 -0600] "GET /blog/traveling-vs-living/ HTTP/1.1" 200 15579 "-" "Mozilla/5.0 (compatible; Ezooms/1.0; ezooms.bot@gmail.com)"
61.135.248.217 - - [18/Jan/2013:13:28:22 -0600] "GET / HTTP/1.1" 302 5 "-" "Mozilla/5.0 (compatible; YodaoBot/1.0; http://www.yodao.com/help/webmaster/spider/; )"
61.135.248.217 - - [18/Jan/2013:13:28:22 -0600] "GET /robots.txt HTTP/1.1" 200 15 "-" "Mozilla/5.0 (compatible; YodaoBot/1.0; http://www.yodao.com/help/webmaster/spider/; )"
61.135.248.217 - - [18/Jan/2013:13:28:23 -0600] "GET /blog/ HTTP/1.1" 200 12993 "-" "Mozilla/5.0 (compatible; YodaoBot/1.0; http://www.yodao.com/help/webmaster/spider/; )"
216.96.86.26 - - [18/Jan/2013:13:36:36 -0600] "GET /blog/feed/ HTTP/1.1" 304 0 "-" "Vienna 3.0b.2821 rv:2821 (Macintosh; Mac OS X 10.7.4; en_US)"
178.154.163.29 - - [18/Jan/2013:13:51:43 -0600] "GET /blog/for-better-or-for-awesome/ HTTP/1.1" 200 3923 "-" "Mozilla/5.0 (compatible; YandexBot/3.0; +http://yandex.com/bots)"
106.187.97.211 - - [18/Jan/2013:14:00:01 -0600] "GET /blog/wp-cron.php?doing_wp_cron HTTP/1.1" 200 5 "-" "curl/7.27.0"
106.187.97.211 - - [18/Jan/2013:14:00:02 -0600] "GET /bauer/wp-cron.php?doing_wp_cron HTTP/1.1" 200 5 "-" "curl/7.27.0"
106.187.97.211 - - [18/Jan/2013:14:00:02 -0600] "GET /homesite/wp-cron.php?doing_wp_cron HTTP/1.1" 200 5 "-" "curl/7.27.0"
74.125.18.18 - - [18/Jan/2013:14:13:01 -0600] "GET /favicon.ico HTTP/1.1" 404 136 "-" "-"
37.1.207.22 - - [18/Jan/2013:14:23:12 -0600] "GET /blog/wp-content/themes/ElegantEstate/thumb.php HTTP/1.1" 404 564 "-" "Mozilla/5.0 (Macintosh; Intel Mac OS X 10_6_8) AppleWebKit/535.7 (KHTML, like Gecko) Chrome/16.0.912.77 Safari/535.7"
208.115.111.70 - - [18/Jan/2013:14:34:48 -0600] "GET /robots.txt HTTP/1.1" 200 15 "-" "Mozilla/5.0 (compatible; Ezooms/1.0; ezooms.bot@gmail.com)"
66.249.74.38 - - [18/Jan/2013:14:37:05 -0600] "GET /blog/tag/amazon-s3-perl-module/ HTTP/1.1" 200 4156 "-" "Mozilla/5.0 (compatible; Googlebot/2.1; +http://www.google.com/bot.html)"
123.125.71.112 - - [18/Jan/2013:14:38:49 -0600] "GET / HTTP/1.1" 302 5 "-" "Mozilla/5.0 (compatible; Baiduspider/2.0; +http://www.baidu.com/search/spider.html)"
220.181.108.154 - - [18/Jan/2013:14:39:41 -0600] "GET / HTTP/1.1" 302 5 "-" "Mozilla/5.0 (compatible; Baiduspider/2.0; +http://www.baidu.com/search/spider.html)"
123.151.148.207 - - [18/Jan/2013:14:41:15 -0600] "GET / HTTP/1.1" 302 5 "-" "Sosospider+(+http://help.soso.com/webspider.htm)"
123.151.148.207 - - [18/Jan/2013:14:41:15 -0600] "GET /blog/ HTTP/1.1" 200 12993 "-" "Sosospider+(+http://help.soso.com/webspider.htm)"
123.151.148.207 - - [18/Jan/2013:14:41:25 -0600] "GET /blog/wp-content/themes/koi-improved/yellow.css HTTP/1.1" 404 13019 "http://ngmarley.com/" "Sosospider+(+http://help.soso.com/webspider.htm)"
189.121.58.244 - - [18/Jan/2013:14:48:55 -0600] "GET /blog/no-short-tags-asshole/ HTTP/1.1" 200 14365 "-" "Mozilla/5.0 (compatible; Googlebot/2.1; +http://www.google.com/bot.html)"
106.187.97.211 - - [18/Jan/2013:15:00:01 -0600] "GET /blog/wp-cron.php?doing_wp_cron HTTP/1.1" 200 5 "-" "curl/7.27.0"
106.187.97.211 - - [18/Jan/2013:15:00:01 -0600] "GET /bauer/wp-cron.php?doing_wp_cron HTTP/1.1" 200 5 "-" "curl/7.27.0"
106.187.97.211 - - [18/Jan/2013:15:00:01 -0600] "GET /homesite/wp-cron.php?doing_wp_cron HTTP/1.1" 200 5 "-" "curl/7.27.0"
216.96.86.26 - - [18/Jan/2013:15:14:09 -0600] "GET /blog/tag/belgium/ HTTP/1.1" 200 3544 "http://www.google.com/url?sa=t&rct=j&q=&esrc=s&source=web&cd=1&ved=0CC8QFjAA&url=http%3A%2F%2Fngmarley.com%2Fblog%2Ftag%2Fbelgium%2F&ei=Hbv5UPCmM-rm2gX9qYCoCQ&usg=AFQjCNHB23Iq3Ezb75al6g1WsAC3ngAG1g&bvm=bv.41248874,d.aWM" "Mozilla/5.0 (Macintosh; Intel Mac OS X 10.7; rv:18.0) Gecko/20100101 Firefox/18.0"
216.96.86.26 - - [18/Jan/2013:15:14:10 -0600] "GET /blog/wp-content/plugins/codecolorer/codecolorer.css?ver=0.9.9 HTTP/1.1" 304 0 "http://ngmarley.com/blog/tag/belgium/" "Mozilla/5.0 (Macintosh; Intel Mac OS X 10.7; rv:18.0) Gecko/20100101 Firefox/18.0"
216.96.86.26 - - [18/Jan/2013:15:14:10 -0600] "GET /blog/wp-content/themes/koi-improved/yellow.css HTTP/1.1" 404 13019 "http://ngmarley.com/blog/tag/belgium/" "Mozilla/5.0 (Macintosh; Intel Mac OS X 10.7; rv:18.0) Gecko/20100101 Firefox/18.0"
216.96.86.26 - - [18/Jan/2013:15:14:11 -0600] "GET /favicon.ico HTTP/1.1" 404 136 "-" "Mozilla/5.0 (Macintosh; Intel Mac OS X 10.7; rv:18.0) Gecko/20100101 Firefox/18.0"
216.96.86.26 - - [18/Jan/2013:15:14:11 -0600] "GET /favicon.ico HTTP/1.1" 404 136 "-" "Mozilla/5.0 (Macintosh; Intel Mac OS X 10.7; rv:18.0) Gecko/20100101 Firefox/18.0"
193.106.136.39 - - [18/Jan/2013:15:15:12 -0600] "GET /blog/about/ HTTP/1.1" 200 6721 "http://rabotnikof.net/" "Mozilla/4.0 (compatible; MSIE 6.0; Windows NT 5.1; .NET CLR 1.1.4322; Alexa Toolbar; (R1 1.5))"
193.106.136.39 - - [18/Jan/2013:15:15:14 -0600] "GET /blog/about/ HTTP/1.1" 200 6721 "http://rabotnikof.net/" "Mozilla/4.0 (compatible; MSIE 6.0; Windows NT 5.1; .NET CLR 1.1.4322; Alexa Toolbar; (R1 1.5))"
66.249.77.136 - - [18/Jan/2013:15:15:46 -0600] "GET /blog/wp-content/themes/koi-improved/style.css HTTP/1.1" 200 15888 "http://ngmarley.com/blog/tag/amazon-s3-perl-module/" "Mozilla/5.0 (compatible; Googlebot/2.1; +http://www.google.com/bot.html)"
66.249.77.136 - - [18/Jan/2013:15:15:47 -0600] "GET /blog/wp-content/plugins/codecolorer/codecolorer.css?ver=0.9.9 HTTP/1.1" 200 11358 "http://ngmarley.com/blog/tag/amazon-s3-perl-module/" "Mozilla/5.0 (compatible; Googlebot/2.1; +http://www.google.com/bot.html)"
216.96.86.26 - - [18/Jan/2013:15:17:34 -0600] "HEAD / HTTP/1.1" 302 0 "-" "curl/7.21.4 (universal-apple-darwin11.0) libcurl/7.21.4 OpenSSL/0.9.8r zlib/1.2.5"
66.249.77.136 - - [18/Jan/2013:15:19:16 -0600] "GET /blog/analysis-chinese-phishing-scam/ HTTP/1.1" 200 4083 "-" "Mozilla/5.0 (iPhone; U; CPU iPhone OS 4_1 like Mac OS X; en-us) AppleWebKit/532.9 (KHTML, like Gecko) Version/4.0.5 Mobile/8B117 Safari/6531.22.7 (compatible; Googlebot-Mobile/2.1; +http://www.google.com/bot.html)"
216.96.86.26 - - [18/Jan/2013:15:20:00 -0600] "HEAD /ninjamagic HTTP/1.1" 404 0 "-" "curl/7.21.4 (universal-apple-darwin11.0) libcurl/7.21.4 OpenSSL/0.9.8r zlib/1.2.5"
216.96.86.26 - - [18/Jan/2013:15:27:35 -0600] "GET /blog/tag/belgium/ HTTP/1.1" 200 3544 "-" "Mozilla/5.0 (Macintosh; Intel Mac OS X 10.7; rv:18.0) Gecko/20100101 Firefox/18.0"
216.96.86.26 - - [18/Jan/2013:15:27:35 -0600] "GET /blog/wp-content/plugins/codecolorer/codecolorer.css?ver=0.9.9 HTTP/1.1" 304 0 "http://ngmarley.com/blog/tag/belgium/" "Mozilla/5.0 (Macintosh; Intel Mac OS X 10.7; rv:18.0) Gecko/20100101 Firefox/18.0"
216.96.86.26 - - [18/Jan/2013:15:27:36 -0600] "GET /blog/wp-content/themes/koi-improved/yellow.css HTTP/1.1" 404 13019 "http://ngmarley.com/blog/tag/belgium/" "Mozilla/5.0 (Macintosh; Intel Mac OS X 10.7; rv:18.0) Gecko/20100101 Firefox/18.0"
65.111.177.188 - - [18/Jan/2013:15:28:48 -0600] "GET / HTTP/1.1" 302 5 "-" "Mozilla/5.0 (Windows NT 5.1) AppleWebKit/535.11 (KHTML, like Gecko) Chrome/17.0.963.56 Safari/535.11"
65.111.177.188 - - [18/Jan/2013:15:28:48 -0600] "GET /blog/ HTTP/1.1" 200 40331 "-" "Mozilla/5.0 (Windows NT 5.1) AppleWebKit/535.11 (KHTML, like Gecko) Chrome/17.0.963.56 Safari/535.11"
65.111.177.188 - - [18/Jan/2013:15:28:49 -0600] "GET / HTTP/1.1" 302 5 "-" "Mozilla/5.0 (Windows NT 5.1) AppleWebKit/535.11 (KHTML, like Gecko) Chrome/17.0.963.56 Safari/535.11"
65.111.177.188 - - [18/Jan/2013:15:28:50 -0600] "GET /blog/ HTTP/1.1" 200 40331 "-" "Mozilla/5.0 (Windows NT 5.1) AppleWebKit/535.11 (KHTML, like Gecko) Chrome/17.0.963.56 Safari/535.11"
65.111.177.188 - - [18/Jan/2013:15:28:50 -0600] "GET / HTTP/1.1" 302 5 "-" "Mozilla/5.0 (Windows NT 5.1) AppleWebKit/535.11 (KHTML, like Gecko) Chrome/17.0.963.56 Safari/535.11"
65.111.177.188 - - [18/Jan/2013:15:28:51 -0600] "GET /blog/ HTTP/1.1" 200 40331 "-" "Mozilla/5.0 (Windows NT 5.1) AppleWebKit/535.11 (KHTML, like Gecko) Chrome/17.0.963.56 Safari/535.11"
65.111.177.188 - - [18/Jan/2013:15:28:52 -0600] "GET / HTTP/1.1" 302 5 "-" "Mozilla/5.0 (Windows NT 5.1) AppleWebKit/535.11 (KHTML, like Gecko) Chrome/17.0.963.56 Safari/535.11"
65.111.177.188 - - [18/Jan/2013:15:28:53 -0600] "GET /blog/ HTTP/1.1" 200 40331 "-" "Mozilla/5.0 (Windows NT 5.1) AppleWebKit/535.11 (KHTML, like Gecko) Chrome/17.0.963.56 Safari/535.11"
208.115.111.70 - - [18/Jan/2013:15:29:53 -0600] "GET /blog/disable-speed-dial-feature-in-firefox-13/?replytocom=8742 HTTP/1.1" 200 11653 "-" "Mozilla/5.0 (compatible; Ezooms/1.0; ezooms.bot@gmail.com)"
216.96.86.26 - - [18/Jan/2013:15:31:32 -0600] "GET /blog/almost-christmas/ HTTP/1.1" 200 5828 "http://ngmarley.com/blog/tag/belgium/" "Mozilla/5.0 (Macintosh; Intel Mac OS X 10.7; rv:18.0) Gecko/20100101 Firefox/18.0"
216.96.86.26 - - [18/Jan/2013:15:31:33 -0600] "GET /blog/wp-content/plugins/codecolorer/codecolorer.css?ver=0.9.9 HTTP/1.1" 304 0 "http://ngmarley.com/blog/almost-christmas/" "Mozilla/5.0 (Macintosh; Intel Mac OS X 10.7; rv:18.0) Gecko/20100101 Firefox/18.0"
216.96.86.26 - - [18/Jan/2013:15:31:33 -0600] "GET /blog/wp-includes/js/comment-reply.min.js?ver=3.5 HTTP/1.1" 200 786 "http://ngmarley.com/blog/almost-christmas/" "Mozilla/5.0 (Macintosh; Intel Mac OS X 10.7; rv:18.0) Gecko/20100101 Firefox/18.0"
216.96.86.26 - - [18/Jan/2013:15:31:33 -0600] "GET /blog/wp-content/themes/koi-improved/yellow.css HTTP/1.1" 404 13019 "http://ngmarley.com/blog/almost-christmas/" "Mozilla/5.0 (Macintosh; Intel Mac OS X 10.7; rv:18.0) Gecko/20100101 Firefox/18.0"
216.96.86.26 - - [18/Jan/2013:15:31:34 -0600] "GET /blog/wp-content/themes/koi-improved/img/submit-btn.png HTTP/1.1" 200 1112 "http://ngmarley.com/blog/wp-content/themes/koi-improved/style.css" "Mozilla/5.0 (Macintosh; Intel Mac OS X 10.7; rv:18.0) Gecko/20100101 Firefox/18.0"
216.96.86.26 - - [18/Jan/2013:15:31:34 -0600] "GET /blog/remove-ubuntudebian-version-from-sshd-server-string/ HTTP/1.1" 200 3300 "http://ngmarley.com/blog/almost-christmas/" "Mozilla/5.0 (Macintosh; Intel Mac OS X 10.7; rv:18.0) Gecko/20100101 Firefox/18.0"
180.76.5.67 - - [18/Jan/2013:15:33:08 -0600] "GET /blog/tag/internet-cafe/ HTTP/1.1" 200 3397 "-" "Mozilla/5.0 (compatible; Baiduspider/2.0; +http://www.baidu.com/search/spider.html)"
106.187.97.211 - - [18/Jan/2013:16:00:02 -0600] "GET /blog/wp-cron.php?doing_wp_cron HTTP/1.1" 200 5 "-" "curl/7.27.0"
106.187.97.211 - - [18/Jan/2013:16:00:02 -0600] "GET /bauer/wp-cron.php?doing_wp_cron HTTP/1.1" 200 5 "-" "curl/7.27.0"
106.187.97.211 - - [18/Jan/2013:16:00:02 -0600] "GET /homesite/wp-cron.php?doing_wp_cron HTTP/1.1" 200 5 "-" "curl/7.27.0"
61.135.249.165 - - [18/Jan/2013:16:04:33 -0600] "GET / HTTP/1.1" 302 5 "-" "Mozilla/5.0 (compatible; YodaoBot/1.0; http://www.yodao.com/help/webmaster/spider/; )"
61.135.249.165 - - [18/Jan/2013:16:04:33 -0600] "GET /robots.txt HTTP/1.1" 200 15 "-" "Mozilla/5.0 (compatible; YodaoBot/1.0; http://www.yodao.com/help/webmaster/spider/; )"
61.135.249.165 - - [18/Jan/2013:16:04:33 -0600] "GET /blog/ HTTP/1.1" 200 12993 "-" "Mozilla/5.0 (compatible; YodaoBot/1.0; http://www.yodao.com/help/webmaster/spider/; )"
173.199.120.27 - - [18/Jan/2013:16:14:12 -0600] "GET /blog/category/freedom/ HTTP/1.1" 200 21993 "-" "Mozilla/5.0 (compatible; AhrefsBot/4.0; +http://ahrefs.com/robot/)"
208.115.113.86 - - [18/Jan/2013:16:29:45 -0600] "GET /robots.txt HTTP/1.1" 200 15 "-" "Mozilla/5.0 (compatible; Ezooms/1.0; ezooms.bot@gmail.com)"
66.249.74.38 - - [18/Jan/2013:16:29:58 -0600] "GET /blog/wp-content/themes/thesis_185/lib/images/icon-rss.gif HTTP/1.1" 200 967 "-" "Mozilla/5.0 (compatible; Googlebot/2.1; +http://www.google.com/bot.html)"
66.249.77.136 - - [18/Jan/2013:16:29:59 -0600] "GET /blog/wp-content/themes/thesis_185/custom/custom.css HTTP/1.1" 200 1976 "-" "Mozilla/5.0 (compatible; Googlebot/2.1; +http://www.google.com/bot.html)"
66.249.77.136 - - [18/Jan/2013:16:29:59 -0600] "GET /blog/wp-content/themes/thesis_185/custom/layout.css HTTP/1.1" 200 31442 "-" "Mozilla/5.0 (compatible; Googlebot/2.1; +http://www.google.com/bot.html)"
65.55.213.40 - - [18/Jan/2013:16:30:53 -0600] "GET / HTTP/1.1" 302 5 "-" "Mozilla/4.0 (compatible; MSIE 7.0; Windows NT 5.1;  SLCC1)"
65.55.213.40 - - [18/Jan/2013:16:30:53 -0600] "GET /blog/ HTTP/1.1" 301 5 "-" "Mozilla/4.0 (compatible; MSIE 7.0; Windows NT 5.1;  SLCC1)"
65.55.213.40 - - [18/Jan/2013:16:30:54 -0600] "GET /blog/ HTTP/1.1" 200 12993 "-" "Mozilla/4.0 (compatible; MSIE 7.0; Windows NT 5.1;  SLCC1)"
65.55.213.40 - - [18/Jan/2013:16:30:55 -0600] "GET /blog/wp-content/themes/koi-improved/style.css HTTP/1.1" 200 15888 "http://ngmarley.com/blog/" "Mozilla/4.0 (compatible; MSIE 7.0; Windows NT 5.1;  SLCC1)"
65.55.213.40 - - [18/Jan/2013:16:30:55 -0600] "GET /blog/wp-content/plugins/codecolorer/codecolorer.css?ver=0.9.9 HTTP/1.1" 200 11358 "http://ngmarley.com/blog/" "Mozilla/4.0 (compatible; MSIE 7.0; Windows NT 5.1;  SLCC1)"
65.55.213.40 - - [18/Jan/2013:16:30:56 -0600] "GET /blog/wp-content/themes/koi-improved/yellow.css HTTP/1.1" 404 13019 "http://ngmarley.com/blog/" "Mozilla/4.0 (compatible; MSIE 7.0; Windows NT 5.1;  SLCC1)"
178.154.163.29 - - [18/Jan/2013:16:46:29 -0600] "GET /blog/tag/the-most-beautiful-women-in-the-world/ HTTP/1.1" 200 2836 "-" "Mozilla/5.0 (compatible; YandexBot/3.0; +http://yandex.com/bots)"
5.8.242.10 - - [18/Jan/2013:16:50:18 -0600] "POST /wp-login.php HTTP/1.1" 404 162 "-" "Mozilla/3.0 (compatible; Indy Library)"
187.48.61.32 - - [18/Jan/2013:16:50:20 -0600] "POST /wp-login.php HTTP/1.0" 404 162 "-" "Mozilla/3.0 (compatible; Indy Library)"
211.142.236.132 - - [18/Jan/2013:16:50:21 -0600] "POST /wp-login.php HTTP/1.0" 404 162 "-" "Mozilla/3.0 (compatible; Indy Library)"
122.72.99.8 - - [18/Jan/2013:16:50:29 -0600] "POST /wp-login.php HTTP/1.1" 404 162 "-" "Mozilla/3.0 (compatible; Indy Library)"
178.33.34.48 - - [18/Jan/2013:16:50:34 -0600] "POST /wp-login.php HTTP/1.0" 404 162 "-" "Mozilla/3.0 (compatible; Indy Library)"
218.15.254.218 - - [18/Jan/2013:16:50:36 -0600] "POST /wp-login.php HTTP/1.1" 404 162 "-" "Mozilla/3.0 (compatible; Indy Library)"
118.244.190.34 - - [18/Jan/2013:16:50:37 -0600] "POST /wp-login.php HTTP/1.1" 404 162 "-" "Mozilla/3.0 (compatible; Indy Library)"
112.217.228.212 - - [18/Jan/2013:16:50:39 -0600] "POST /wp-login.php HTTP/1.0" 404 162 "-" "Mozilla/3.0 (compatible; Indy Library)"
91.98.155.120 - - [18/Jan/2013:16:50:44 -0600] "POST /wp-login.php HTTP/1.1" 404 162 "-" "Mozilla/3.0 (compatible; Indy Library)"
186.47.18.202 - - [18/Jan/2013:16:50:50 -0600] "POST /wp-login.php HTTP/1.1" 404 162 "-" "Mozilla/3.0 (compatible; Indy Library)"
201.159.96.14 - - [18/Jan/2013:16:50:51 -0600] "POST /wp-login.php HTTP/1.1" 404 162 "-" "Mozilla/3.0 (compatible; Indy Library)"
222.124.178.98 - - [18/Jan/2013:16:50:54 -0600] "POST /wp-login.php HTTP/1.1" 404 162 "-" "Mozilla/3.0 (compatible; Indy Library)"
173.199.120.27 - - [18/Jan/2013:16:57:10 -0600] "GET /blog/category/food/ HTTP/1.1" 200 6258 "-" "Mozilla/5.0 (compatible; AhrefsBot/4.0; +http://ahrefs.com/robot/)"
106.187.97.211 - - [18/Jan/2013:17:00:01 -0600] "GET /blog/wp-cron.php?doing_wp_cron HTTP/1.1" 200 5 "-" "curl/7.27.0"
106.187.97.211 - - [18/Jan/2013:17:00:01 -0600] "GET /bauer/wp-cron.php?doing_wp_cron HTTP/1.1" 200 5 "-" "curl/7.27.0"
106.187.97.211 - - [18/Jan/2013:17:00:02 -0600] "GET /homesite/wp-cron.php?doing_wp_cron HTTP/1.1" 200 5 "-" "curl/7.27.0"
208.88.225.65 - - [18/Jan/2013:17:09:02 -0600] "GET / HTTP/1.1" 302 5 "http://www.google.com" "Mozilla/5.0 (compatible; Statsbot/2.1;)"
208.88.225.65 - - [18/Jan/2013:17:09:02 -0600] "GET /blog/ HTTP/1.1" 301 5 "http://www.ngmarley.com/" "Mozilla/5.0 (compatible; Statsbot/2.1;)"
208.88.225.65 - - [18/Jan/2013:17:09:04 -0600] "GET /blog/ HTTP/1.1" 200 12993 "http://www.ngmarley.com/blog/" "Mozilla/5.0 (compatible; Statsbot/2.1;)"
173.199.120.27 - - [18/Jan/2013:17:16:00 -0600] "GET /blog/fireflies/ HTTP/1.1" 200 2628 "-" "Mozilla/5.0 (compatible; AhrefsBot/4.0; +http://ahrefs.com/robot/)"
125.39.66.149 - - [18/Jan/2013:17:23:37 -0600] "POST / HTTP/1.1" 302 5 "-" "Mozilla/3.0 (compatible; Indy Library)"
125.39.66.149 - - [18/Jan/2013:17:23:39 -0600] "POST /blog/ HTTP/1.1" 200 40331 "-" "Mozilla/3.0 (compatible; Indy Library)"
178.255.215.67 - - [18/Jan/2013:17:23:47 -0600] "GET /robots.txt HTTP/1.1" 200 15 "-" "Mozilla/5.0 (compatible; Exabot/3.0; +http://www.exabot.com/go/robot)"
178.255.215.67 - - [18/Jan/2013:17:23:48 -0600] "GET /blog/life-list/ HTTP/1.1" 200 2120 "-" "Mozilla/5.0 (compatible; Exabot/3.0; +http://www.exabot.com/go/robot)"
219.157.200.18 - - [18/Jan/2013:17:23:54 -0600] "POST / HTTP/1.0" 302 0 "-" "Mozilla/3.0 (compatible; Indy Library)"
219.157.200.18 - - [18/Jan/2013:17:23:58 -0600] "POST /blog/ HTTP/1.0" 200 40287 "-" "Mozilla/3.0 (compatible; Indy Library)"
211.142.236.132 - - [18/Jan/2013:17:24:23 -0600] "POST / HTTP/1.0" 302 0 "-" "Mozilla/3.0 (compatible; Indy Library)"
211.142.236.132 - - [18/Jan/2013:17:24:26 -0600] "POST /blog/ HTTP/1.0" 200 40287 "-" "Mozilla/3.0 (compatible; Indy Library)"
122.72.80.101 - - [18/Jan/2013:17:24:29 -0600] "POST / HTTP/1.1" 302 5 "-" "Mozilla/3.0 (compatible; Indy Library)"
122.72.80.101 - - [18/Jan/2013:17:24:30 -0600] "POST /blog/ HTTP/1.1" 200 40330 "-" "Mozilla/3.0 (compatible; Indy Library)"
175.25.243.27 - - [18/Jan/2013:17:24:36 -0600] "POST / HTTP/1.1" 302 5 "-" "Mozilla/3.0 (compatible; Indy Library)"
175.25.243.27 - - [18/Jan/2013:17:24:38 -0600] "POST /blog/ HTTP/1.1" 200 40330 "-" "Mozilla/3.0 (compatible; Indy Library)"
177.87.193.134 - - [18/Jan/2013:17:24:44 -0600] "POST / HTTP/1.1" 302 5 "-" "Mozilla/3.0 (compatible; Indy Library)"
177.87.193.134 - - [18/Jan/2013:17:24:46 -0600] "POST /blog/ HTTP/1.1" 200 40323 "-" "Mozilla/3.0 (compatible; Indy Library)"
122.72.80.101 - - [18/Jan/2013:17:24:52 -0600] "POST / HTTP/1.1" 302 5 "-" "Mozilla/3.0 (compatible; Indy Library)"
122.72.80.101 - - [18/Jan/2013:17:24:54 -0600] "POST /blog/ HTTP/1.1" 200 40330 "-" "Mozilla/3.0 (compatible; Indy Library)"
216.96.86.26 - - [18/Jan/2013:17:29:18 -0600] "GET /blog/about/ HTTP/1.1" 200 2573 "http://ngmarley.com/blog/almost-christmas/" "Mozilla/5.0 (Macintosh; Intel Mac OS X 10.7; rv:18.0) Gecko/20100101 Firefox/18.0"
216.96.86.26 - - [18/Jan/2013:17:29:18 -0600] "GET /blog/wp-content/plugins/codecolorer/codecolorer.css?ver=0.9.9 HTTP/1.1" 304 0 "http://ngmarley.com/blog/about/" "Mozilla/5.0 (Macintosh; Intel Mac OS X 10.7; rv:18.0) Gecko/20100101 Firefox/18.0"
216.96.86.26 - - [18/Jan/2013:17:29:18 -0600] "GET /blog/wp-includes/js/comment-reply.min.js?ver=3.5 HTTP/1.1" 304 0 "http://ngmarley.com/blog/about/" "Mozilla/5.0 (Macintosh; Intel Mac OS X 10.7; rv:18.0) Gecko/20100101 Firefox/18.0"
216.96.86.26 - - [18/Jan/2013:17:29:19 -0600] "GET /blog/wp-content/themes/koi-improved/yellow.css HTTP/1.1" 404 13019 "http://ngmarley.com/blog/about/" "Mozilla/5.0 (Macintosh; Intel Mac OS X 10.7; rv:18.0) Gecko/20100101 Firefox/18.0"
208.115.113.86 - - [18/Jan/2013:17:30:52 -0600] "GET /blog/tag/free-your-music/ HTTP/1.1" 200 21495 "-" "Mozilla/5.0 (compatible; Ezooms/1.0; ezooms.bot@gmail.com)"
86.144.193.62 - - [18/Jan/2013:17:42:28 -0600] "GET /blog/remove-ubuntudebian-version-from-sshd-server-string/ HTTP/1.1" 200 3300 "https://www.google.co.uk/" "Mozilla/5.0 (X11; Linux x86_64) AppleWebKit/537.17 (KHTML, like Gecko) Chrome/24.0.1312.52 Safari/537.17"
86.144.193.62 - - [18/Jan/2013:17:42:29 -0600] "GET /blog/wp-content/themes/koi-improved/style.css HTTP/1.1" 200 15888 "http://ngmarley.com/blog/remove-ubuntudebian-version-from-sshd-server-string/" "Mozilla/5.0 (X11; Linux x86_64) AppleWebKit/537.17 (KHTML, like Gecko) Chrome/24.0.1312.52 Safari/537.17"
86.144.193.62 - - [18/Jan/2013:17:42:29 -0600] "GET /blog/wp-content/plugins/codecolorer/codecolorer.css?ver=0.9.9 HTTP/1.1" 200 11358 "http://ngmarley.com/blog/remove-ubuntudebian-version-from-sshd-server-string/" "Mozilla/5.0 (X11; Linux x86_64) AppleWebKit/537.17 (KHTML, like Gecko) Chrome/24.0.1312.52 Safari/537.17"
86.144.193.62 - - [18/Jan/2013:17:42:29 -0600] "GET /blog/wp-includes/js/comment-reply.min.js?ver=3.5 HTTP/1.1" 200 786 "http://ngmarley.com/blog/remove-ubuntudebian-version-from-sshd-server-string/" "Mozilla/5.0 (X11; Linux x86_64) AppleWebKit/537.17 (KHTML, like Gecko) Chrome/24.0.1312.52 Safari/537.17"
86.144.193.62 - - [18/Jan/2013:17:42:29 -0600] "GET /blog/wp-content/themes/koi-improved/img/paper-bg.jpg HTTP/1.1" 200 15033 "http://ngmarley.com/blog/remove-ubuntudebian-version-from-sshd-server-string/" "Mozilla/5.0 (X11; Linux x86_64) AppleWebKit/537.17 (KHTML, like Gecko) Chrome/24.0.1312.52 Safari/537.17"
86.144.193.62 - - [18/Jan/2013:17:42:29 -0600] "GET /blog/wp-content/themes/koi-improved/img/socialmedia/rss.png HTTP/1.1" 200 1484 "http://ngmarley.com/blog/remove-ubuntudebian-version-from-sshd-server-string/" "Mozilla/5.0 (X11; Linux x86_64) AppleWebKit/537.17 (KHTML, like Gecko) Chrome/24.0.1312.52 Safari/537.17"
86.144.193.62 - - [18/Jan/2013:17:42:29 -0600] "GET /blog/wp-content/themes/koi-improved/yellow.css HTTP/1.1" 404 13019 "http://ngmarley.com/blog/remove-ubuntudebian-version-from-sshd-server-string/" "Mozilla/5.0 (X11; Linux x86_64) AppleWebKit/537.17 (KHTML, like Gecko) Chrome/24.0.1312.52 Safari/537.17"
