122.144.14.46 - - [20/Jan/2013:22:59:33 -0600] "GET /blog/wp-content/themes/koi-improved/yellow.css HTTP/1.1" 404 13019 "http://ngmarley.com/blog/linux-shared-library-error/" "Mozilla/5.0 (Windows NT 5.1) AppleWebKit/537.17 (KHTML, like Gecko) Chrome/24.0.1312.2 Safari/537.17"
122.144.14.46 - - [20/Jan/2013:22:59:33 -0600] "GET /blog/wp-content/themes/koi-improved/img/post-nav-rule.png HTTP/1.1" 200 256 "http://ngmarley.com/blog/linux-shared-library-error/" "Mozilla/5.0 (Windows NT 5.1) AppleWebKit/537.17 (KHTML, like Gecko) Chrome/24.0.1312.2 Safari/537.17"
122.144.14.46 - - [20/Jan/2013:22:59:33 -0600] "GET /blog/wp-content/themes/koi-improved/img/post-nav-bg.png HTTP/1.1" 200 1956 "http://ngmarley.com/blog/linux-shared-library-error/" "Mozilla/5.0 (Windows NT 5.1) AppleWebKit/537.17 (KHTML, like Gecko) Chrome/24.0.1312.2 Safari/537.17"
122.144.14.46 - - [20/Jan/2013:22:59:33 -0600] "GET /blog/wp-content/themes/koi-improved/img/footer.gif HTTP/1.1" 200 44030 "http://ngmarley.com/blog/linux-shared-library-error/" "Mozilla/5.0 (Windows NT 5.1) AppleWebKit/537.17 (KHTML, like Gecko) Chrome/24.0.1312.2 Safari/537.17"
122.144.14.46 - - [20/Jan/2013:22:59:33 -0600] "GET /blog/wp-content/themes/koi-improved/img/header.gif HTTP/1.1" 200 61208 "http://ngmarley.com/blog/linux-shared-library-error/" "Mozilla/5.0 (Windows NT 5.1) AppleWebKit/537.17 (KHTML, like Gecko) Chrome/24.0.1312.2 Safari/537.17"
122.144.14.46 - - [20/Jan/2013:22:59:33 -0600] "GET /blog/wp-content/themes/koi-improved/img/top-illustration.gif HTTP/1.1" 200 73399 "http://ngmarley.com/blog/linux-shared-library-error/" "Mozilla/5.0 (Windows NT 5.1) AppleWebKit/537.17 (KHTML, like Gecko) Chrome/24.0.1312.2 Safari/537.17"
122.144.14.46 - - [20/Jan/2013:22:59:34 -0600] "GET /favicon.ico HTTP/1.1" 404 193 "-" "Mozilla/5.0 (Windows NT 5.1) AppleWebKit/537.17 (KHTML, like Gecko) Chrome/24.0.1312.2 Safari/537.17"
106.187.97.211 - - [20/Jan/2013:23:00:03 -0600] "GET /blog/wp-cron.php?doing_wp_cron HTTP/1.1" 200 5 "-" "curl/7.27.0"
106.187.97.211 - - [20/Jan/2013:23:00:03 -0600] "GET /bauer/wp-cron.php?doing_wp_cron HTTP/1.1" 200 5 "-" "curl/7.27.0"
106.187.97.211 - - [20/Jan/2013:23:00:04 -0600] "GET /homesite/wp-cron.php?doing_wp_cron HTTP/1.1" 200 5 "-" "curl/7.27.0"
5.104.241.171 - - [20/Jan/2013:23:04:05 -0600] "GET /blog/feed/ HTTP/1.1" 304 0 "-" "Mozilla/5.0 (X11; U; Linux i686; en-US; rv:1.7.8) Gecko/20050511"
173.199.120.123 - - [20/Jan/2013:23:07:34 -0600] "GET /scripts/php_fixxer.pl HTTP/1.1" 404 136 "-" "Mozilla/5.0 (compatible; AhrefsBot/4.0; +http://ahrefs.com/robot/)"
98.23.232.73 - - [20/Jan/2013:23:13:58 -0600] "GET /blog/feed/ HTTP/1.1" 304 0 "-" "Vienna 3.0b.2821 rv:2821 (Macintosh; Mac OS X 10.7.4; en_US)"
173.199.120.123 - - [20/Jan/2013:23:26:15 -0600] "GET /blog/tag/machine-translation/ HTTP/1.1" 200 2910 "-" "Mozilla/5.0 (compatible; AhrefsBot/4.0; +http://ahrefs.com/robot/)"
180.76.5.62 - - [20/Jan/2013:23:26:53 -0600] "GET /blog/tag/jquery/ HTTP/1.1" 200 2774 "-" "Mozilla/5.0 (compatible; Baiduspider/2.0; +http://www.baidu.com/search/spider.html)"
211.201.253.90 - - [20/Jan/2013:23:35:58 -0600] "GET /blog/remove-ubuntudebian-version-from-sshd-server-string/ HTTP/1.1" 200 3300 "https://www.google.co.kr/" "Mozilla/5.0 (Windows NT 6.1; WOW64) AppleWebKit/537.17 (KHTML, like Gecko) Chrome/24.0.1312.52 Safari/537.17"
211.201.253.90 - - [20/Jan/2013:23:35:59 -0600] "GET /blog/wp-content/themes/koi-improved/style.css HTTP/1.1" 200 15888 "http://ngmarley.com/blog/remove-ubuntudebian-version-from-sshd-server-string/" "Mozilla/5.0 (Windows NT 6.1; WOW64) AppleWebKit/537.17 (KHTML, like Gecko) Chrome/24.0.1312.52 Safari/537.17"
211.201.253.90 - - [20/Jan/2013:23:35:59 -0600] "GET /blog/wp-content/plugins/codecolorer/codecolorer.css?ver=0.9.9 HTTP/1.1" 200 11358 "http://ngmarley.com/blog/remove-ubuntudebian-version-from-sshd-server-string/" "Mozilla/5.0 (Windows NT 6.1; WOW64) AppleWebKit/537.17 (KHTML, like Gecko) Chrome/24.0.1312.52 Safari/537.17"
211.201.253.90 - - [20/Jan/2013:23:35:59 -0600] "GET /blog/wp-includes/js/comment-reply.min.js?ver=3.5 HTTP/1.1" 200 786 "http://ngmarley.com/blog/remove-ubuntudebian-version-from-sshd-server-string/" "Mozilla/5.0 (Windows NT 6.1; WOW64) AppleWebKit/537.17 (KHTML, like Gecko) Chrome/24.0.1312.52 Safari/537.17"
211.201.253.90 - - [20/Jan/2013:23:35:59 -0600] "GET /blog/wp-content/themes/koi-improved/img/paper-bg.jpg HTTP/1.1" 200 15033 "http://ngmarley.com/blog/remove-ubuntudebian-version-from-sshd-server-string/" "Mozilla/5.0 (Windows NT 6.1; WOW64) AppleWebKit/537.17 (KHTML, like Gecko) Chrome/24.0.1312.52 Safari/537.17"
211.201.253.90 - - [20/Jan/2013:23:35:59 -0600] "GET /blog/wp-content/themes/koi-improved/img/socialmedia/rss.png HTTP/1.1" 200 1484 "http://ngmarley.com/blog/remove-ubuntudebian-version-from-sshd-server-string/" "Mozilla/5.0 (Windows NT 6.1; WOW64) AppleWebKit/537.17 (KHTML, like Gecko) Chrome/24.0.1312.52 Safari/537.17"
211.201.253.90 - - [20/Jan/2013:23:35:59 -0600] "GET /blog/wp-content/themes/koi-improved/yellow.css HTTP/1.1" 404 13019 "http://ngmarley.com/blog/remove-ubuntudebian-version-from-sshd-server-string/" "Mozilla/5.0 (Windows NT 6.1; WOW64) AppleWebKit/537.17 (KHTML, like Gecko) Chrome/24.0.1312.52 Safari/537.17"
211.201.253.90 - - [20/Jan/2013:23:35:59 -0600] "GET /blog/wp-content/themes/koi-improved/img/post-nav-rule.png HTTP/1.1" 200 256 "http://ngmarley.com/blog/remove-ubuntudebian-version-from-sshd-server-string/" "Mozilla/5.0 (Windows NT 6.1; WOW64) AppleWebKit/537.17 (KHTML, like Gecko) Chrome/24.0.1312.52 Safari/537.17"
211.201.253.90 - - [20/Jan/2013:23:35:59 -0600] "GET /blog/wp-content/themes/koi-improved/img/post-nav-bg.png HTTP/1.1" 200 1956 "http://ngmarley.com/blog/remove-ubuntudebian-version-from-sshd-server-string/" "Mozilla/5.0 (Windows NT 6.1; WOW64) AppleWebKit/537.17 (KHTML, like Gecko) Chrome/24.0.1312.52 Safari/537.17"
211.201.253.90 - - [20/Jan/2013:23:35:59 -0600] "GET /blog/wp-content/themes/koi-improved/img/cancel-reply.png HTTP/1.1" 200 313 "http://ngmarley.com/blog/remove-ubuntudebian-version-from-sshd-server-string/" "Mozilla/5.0 (Windows NT 6.1; WOW64) AppleWebKit/537.17 (KHTML, like Gecko) Chrome/24.0.1312.52 Safari/537.17"
211.201.253.90 - - [20/Jan/2013:23:35:59 -0600] "GET /blog/wp-content/themes/koi-improved/img/top-illustration.gif HTTP/1.1" 200 73399 "http://ngmarley.com/blog/remove-ubuntudebian-version-from-sshd-server-string/" "Mozilla/5.0 (Windows NT 6.1; WOW64) AppleWebKit/537.17 (KHTML, like Gecko) Chrome/24.0.1312.52 Safari/537.17"
211.201.253.90 - - [20/Jan/2013:23:36:00 -0600] "GET /blog/wp-content/themes/koi-improved/img/header.gif HTTP/1.1" 200 61208 "http://ngmarley.com/blog/remove-ubuntudebian-version-from-sshd-server-string/" "Mozilla/5.0 (Windows NT 6.1; WOW64) AppleWebKit/537.17 (KHTML, like Gecko) Chrome/24.0.1312.52 Safari/537.17"
211.201.253.90 - - [20/Jan/2013:23:36:00 -0600] "GET /blog/wp-content/themes/koi-improved/img/submit-btn.png HTTP/1.1" 200 1112 "http://ngmarley.com/blog/remove-ubuntudebian-version-from-sshd-server-string/" "Mozilla/5.0 (Windows NT 6.1; WOW64) AppleWebKit/537.17 (KHTML, like Gecko) Chrome/24.0.1312.52 Safari/537.17"
211.201.253.90 - - [20/Jan/2013:23:36:00 -0600] "GET /blog/wp-content/themes/koi-improved/img/footer.gif HTTP/1.1" 200 44030 "http://ngmarley.com/blog/remove-ubuntudebian-version-from-sshd-server-string/" "Mozilla/5.0 (Windows NT 6.1; WOW64) AppleWebKit/537.17 (KHTML, like Gecko) Chrome/24.0.1312.52 Safari/537.17"
211.201.253.90 - - [20/Jan/2013:23:36:01 -0600] "GET /favicon.ico HTTP/1.1" 404 193 "-" "Mozilla/5.0 (Windows NT 6.1; WOW64) AppleWebKit/537.17 (KHTML, like Gecko) Chrome/24.0.1312.52 Safari/537.17"
123.125.71.75 - - [20/Jan/2013:23:38:13 -0600] "GET / HTTP/1.1" 302 5 "-" "Mozilla/5.0 (compatible; Baiduspider/2.0; +http://www.baidu.com/search/spider.html)"
220.181.108.177 - - [20/Jan/2013:23:39:05 -0600] "GET / HTTP/1.1" 302 5 "-" "Mozilla/5.0 (compatible; Baiduspider/2.0; +http://www.baidu.com/search/spider.html)"
65.111.177.188 - - [20/Jan/2013:23:40:16 -0600] "GET / HTTP/1.1" 302 5 "-" "Mozilla/5.0 (Windows NT 5.1) AppleWebKit/535.11 (KHTML, like Gecko) Chrome/17.0.963.56 Safari/535.11"
65.111.177.188 - - [20/Jan/2013:23:40:16 -0600] "GET /blog/ HTTP/1.1" 200 40331 "-" "Mozilla/5.0 (Windows NT 5.1) AppleWebKit/535.11 (KHTML, like Gecko) Chrome/17.0.963.56 Safari/535.11"
65.111.177.188 - - [20/Jan/2013:23:40:17 -0600] "GET / HTTP/1.1" 302 5 "-" "Mozilla/5.0 (Windows NT 5.1) AppleWebKit/535.11 (KHTML, like Gecko) Chrome/17.0.963.56 Safari/535.11"
65.111.177.188 - - [20/Jan/2013:23:40:18 -0600] "GET /blog/ HTTP/1.1" 200 40331 "-" "Mozilla/5.0 (Windows NT 5.1) AppleWebKit/535.11 (KHTML, like Gecko) Chrome/17.0.963.56 Safari/535.11"
65.111.177.188 - - [20/Jan/2013:23:40:19 -0600] "GET / HTTP/1.1" 302 5 "-" "Mozilla/5.0 (Windows NT 5.1) AppleWebKit/535.11 (KHTML, like Gecko) Chrome/17.0.963.56 Safari/535.11"
65.111.177.188 - - [20/Jan/2013:23:40:20 -0600] "GET /blog/ HTTP/1.1" 200 40331 "-" "Mozilla/5.0 (Windows NT 5.1) AppleWebKit/535.11 (KHTML, like Gecko) Chrome/17.0.963.56 Safari/535.11"
65.111.177.188 - - [20/Jan/2013:23:40:21 -0600] "GET / HTTP/1.1" 302 5 "-" "Mozilla/5.0 (Windows NT 5.1) AppleWebKit/535.11 (KHTML, like Gecko) Chrome/17.0.963.56 Safari/535.11"
65.111.177.188 - - [20/Jan/2013:23:40:22 -0600] "GET /blog/ HTTP/1.1" 200 40331 "-" "Mozilla/5.0 (Windows NT 5.1) AppleWebKit/535.11 (KHTML, like Gecko) Chrome/17.0.963.56 Safari/535.11"
66.249.74.38 - - [20/Jan/2013:23:49:57 -0600] "GET /blog/basic-perl-log-function/ HTTP/1.1" 200 3652 "-" "Mozilla/5.0 (compatible; Googlebot/2.1; +http://www.google.com/bot.html)"
106.187.97.211 - - [21/Jan/2013:00:00:02 -0600] "GET /blog/wp-cron.php?doing_wp_cron HTTP/1.1" 200 5 "-" "curl/7.27.0"
106.187.97.211 - - [21/Jan/2013:00:00:02 -0600] "GET /bauer/wp-cron.php?doing_wp_cron HTTP/1.1" 200 5 "-" "curl/7.27.0"
106.187.97.211 - - [21/Jan/2013:00:00:03 -0600] "GET /homesite/wp-cron.php?doing_wp_cron HTTP/1.1" 200 5 "-" "curl/7.27.0"
216.151.137.35 - - [21/Jan/2013:00:17:36 -0600] "GET /blog/ HTTP/1.1" 200 12993 "http://ngmarley.com/" "Mozilla/4.0 (compatible; MSIE 6.0; Windows NT 5.1; SV1; MRA 5.8 (build 4157); .NET CLR 2.0.50727; AskTbPTV/5.11.3.15590)"
216.151.137.35 - - [21/Jan/2013:00:17:36 -0600] "GET /blog/spicnspan/ HTTP/1.1" 200 5216 "http://ngmarley.com/" "Mozilla/4.0 (compatible; MSIE 6.0; Windows NT 5.1; SV1; MRA 5.8 (build 4157); .NET CLR 2.0.50727; AskTbPTV/5.11.3.15590)"
37.1.207.22 - - [21/Jan/2013:00:19:40 -0600] "GET /blog/wp-content/themes/flashnews/thumb.php HTTP/1.1" 404 564 "-" "Mozilla/5.0 (Macintosh; Intel Mac OS X 10_6_8) AppleWebKit/535.7 (KHTML, like Gecko) Chrome/16.0.912.77 Safari/535.7"
208.115.113.86 - - [21/Jan/2013:00:26:42 -0600] "GET /robots.txt HTTP/1.1" 200 15 "-" "Mozilla/5.0 (compatible; Ezooms/1.0; ezooms.bot@gmail.com)"
123.125.71.76 - - [21/Jan/2013:00:37:53 -0600] "GET / HTTP/1.1" 302 5 "-" "Mozilla/5.0 (compatible; Baiduspider/2.0; +http://www.baidu.com/search/spider.html)"
220.181.108.169 - - [21/Jan/2013:00:38:44 -0600] "GET / HTTP/1.1" 302 5 "-" "Mozilla/5.0 (compatible; Baiduspider/2.0; +http://www.baidu.com/search/spider.html)"
106.187.97.211 - - [21/Jan/2013:01:00:02 -0600] "GET /blog/wp-cron.php?doing_wp_cron HTTP/1.1" 200 5 "-" "curl/7.27.0"
106.187.97.211 - - [21/Jan/2013:01:00:03 -0600] "GET /bauer/wp-cron.php?doing_wp_cron HTTP/1.1" 200 5 "-" "curl/7.27.0"
106.187.97.211 - - [21/Jan/2013:01:00:04 -0600] "GET /homesite/wp-cron.php?doing_wp_cron HTTP/1.1" 200 5 "-" "curl/7.27.0"
123.151.148.207 - - [21/Jan/2013:01:11:13 -0600] "GET / HTTP/1.1" 302 5 "-" "Sosospider+(+http://help.soso.com/webspider.htm)"
123.151.148.207 - - [21/Jan/2013:01:11:14 -0600] "GET /blog/ HTTP/1.1" 200 12993 "-" "Sosospider+(+http://help.soso.com/webspider.htm)"
123.151.148.207 - - [21/Jan/2013:01:11:23 -0600] "GET /blog/wp-content/themes/koi-improved/yellow.css HTTP/1.1" 404 13019 "http://ngmarley.com/" "Sosospider+(+http://help.soso.com/webspider.htm)"
208.115.113.86 - - [21/Jan/2013:01:27:23 -0600] "GET /blog/change-is-good/ HTTP/1.1" 200 9416 "-" "Mozilla/5.0 (compatible; Ezooms/1.0; ezooms.bot@gmail.com)"
210.195.210.65 - - [21/Jan/2013:01:35:43 -0600] "GET /blog/osx-universal-binary/ HTTP/1.1" 200 3561 "https://www.google.com/" "Mozilla/5.0 (Macintosh; Intel Mac OS X 10_6_8) AppleWebKit/537.17 (KHTML, like Gecko) Chrome/24.0.1312.52 Safari/537.17"
210.195.210.65 - - [21/Jan/2013:01:35:43 -0600] "GET /blog/wp-content/themes/koi-improved/style.css HTTP/1.1" 200 15888 "http://ngmarley.com/blog/osx-universal-binary/" "Mozilla/5.0 (Macintosh; Intel Mac OS X 10_6_8) AppleWebKit/537.17 (KHTML, like Gecko) Chrome/24.0.1312.52 Safari/537.17"
210.195.210.65 - - [21/Jan/2013:01:35:43 -0600] "GET /blog/wp-content/plugins/codecolorer/codecolorer.css?ver=0.9.9 HTTP/1.1" 200 11358 "http://ngmarley.com/blog/osx-universal-binary/" "Mozilla/5.0 (Macintosh; Intel Mac OS X 10_6_8) AppleWebKit/537.17 (KHTML, like Gecko) Chrome/24.0.1312.52 Safari/537.17"
210.195.210.65 - - [21/Jan/2013:01:35:43 -0600] "GET /blog/wp-includes/js/comment-reply.min.js?ver=3.5 HTTP/1.1" 200 786 "http://ngmarley.com/blog/osx-universal-binary/" "Mozilla/5.0 (Macintosh; Intel Mac OS X 10_6_8) AppleWebKit/537.17 (KHTML, like Gecko) Chrome/24.0.1312.52 Safari/537.17"
210.195.210.65 - - [21/Jan/2013:01:35:44 -0600] "GET /blog/wp-content/themes/koi-improved/img/paper-bg.jpg HTTP/1.1" 200 15033 "http://ngmarley.com/blog/osx-universal-binary/" "Mozilla/5.0 (Macintosh; Intel Mac OS X 10_6_8) AppleWebKit/537.17 (KHTML, like Gecko) Chrome/24.0.1312.52 Safari/537.17"
210.195.210.65 - - [21/Jan/2013:01:35:44 -0600] "GET /blog/wp-content/themes/koi-improved/img/socialmedia/rss.png HTTP/1.1" 200 1484 "http://ngmarley.com/blog/osx-universal-binary/" "Mozilla/5.0 (Macintosh; Intel Mac OS X 10_6_8) AppleWebKit/537.17 (KHTML, like Gecko) Chrome/24.0.1312.52 Safari/537.17"
210.195.210.65 - - [21/Jan/2013:01:35:44 -0600] "GET /blog/wp-content/themes/koi-improved/yellow.css HTTP/1.1" 404 13019 "http://ngmarley.com/blog/osx-universal-binary/" "Mozilla/5.0 (Macintosh; Intel Mac OS X 10_6_8) AppleWebKit/537.17 (KHTML, like Gecko) Chrome/24.0.1312.52 Safari/537.17"
210.195.210.65 - - [21/Jan/2013:01:35:44 -0600] "GET /blog/wp-content/themes/koi-improved/img/post-nav-rule.png HTTP/1.1" 200 256 "http://ngmarley.com/blog/osx-universal-binary/" "Mozilla/5.0 (Macintosh; Intel Mac OS X 10_6_8) AppleWebKit/537.17 (KHTML, like Gecko) Chrome/24.0.1312.52 Safari/537.17"
210.195.210.65 - - [21/Jan/2013:01:35:44 -0600] "GET /blog/wp-content/themes/koi-improved/img/post-nav-bg.png HTTP/1.1" 200 1956 "http://ngmarley.com/blog/osx-universal-binary/" "Mozilla/5.0 (Macintosh; Intel Mac OS X 10_6_8) AppleWebKit/537.17 (KHTML, like Gecko) Chrome/24.0.1312.52 Safari/537.17"
210.195.210.65 - - [21/Jan/2013:01:35:44 -0600] "GET /blog/wp-content/themes/koi-improved/img/footer.gif HTTP/1.1" 200 44030 "http://ngmarley.com/blog/osx-universal-binary/" "Mozilla/5.0 (Macintosh; Intel Mac OS X 10_6_8) AppleWebKit/537.17 (KHTML, like Gecko) Chrome/24.0.1312.52 Safari/537.17"
210.195.210.65 - - [21/Jan/2013:01:35:44 -0600] "GET /blog/wp-content/themes/koi-improved/img/header.gif HTTP/1.1" 200 61208 "http://ngmarley.com/blog/osx-universal-binary/" "Mozilla/5.0 (Macintosh; Intel Mac OS X 10_6_8) AppleWebKit/537.17 (KHTML, like Gecko) Chrome/24.0.1312.52 Safari/537.17"
210.195.210.65 - - [21/Jan/2013:01:35:44 -0600] "GET /blog/wp-content/themes/koi-improved/img/top-illustration.gif HTTP/1.1" 200 73399 "http://ngmarley.com/blog/osx-universal-binary/" "Mozilla/5.0 (Macintosh; Intel Mac OS X 10_6_8) AppleWebKit/537.17 (KHTML, like Gecko) Chrome/24.0.1312.52 Safari/537.17"
210.195.210.65 - - [21/Jan/2013:01:35:45 -0600] "GET /favicon.ico HTTP/1.1" 404 193 "-" "Mozilla/5.0 (Macintosh; Intel Mac OS X 10_6_8) AppleWebKit/537.17 (KHTML, like Gecko) Chrome/24.0.1312.52 Safari/537.17"
123.125.71.77 - - [21/Jan/2013:01:36:53 -0600] "GET / HTTP/1.1" 302 5 "-" "Mozilla/5.0 (compatible; Baiduspider/2.0; +http://www.baidu.com/search/spider.html)"
220.181.108.152 - - [21/Jan/2013:01:37:42 -0600] "GET / HTTP/1.1" 302 5 "-" "Mozilla/5.0 (compatible; Baiduspider/2.0; +http://www.baidu.com/search/spider.html)"
106.187.97.211 - - [21/Jan/2013:02:00:01 -0600] "GET /blog/wp-cron.php?doing_wp_cron HTTP/1.1" 200 5 "-" "curl/7.27.0"
106.187.97.211 - - [21/Jan/2013:02:00:01 -0600] "GET /bauer/wp-cron.php?doing_wp_cron HTTP/1.1" 200 5 "-" "curl/7.27.0"
106.187.97.211 - - [21/Jan/2013:02:00:01 -0600] "GET /homesite/wp-cron.php?doing_wp_cron HTTP/1.1" 200 5 "-" "curl/7.27.0"
178.154.163.29 - - [21/Jan/2013:02:13:34 -0600] "GET /robots.txt HTTP/1.1" 200 15 "-" "Mozilla/5.0 (compatible; YandexBot/3.0; +http://yandex.com/bots)"
66.249.74.38 - - [21/Jan/2013:02:20:28 -0600] "GET /blog/tag/yellow-carrots/ HTTP/1.1" 200 2760 "-" "Mozilla/5.0 (iPhone; U; CPU iPhone OS 4_1 like Mac OS X; en-us) AppleWebKit/532.9 (KHTML, like Gecko) Version/4.0.5 Mobile/8B117 Safari/6531.22.7 (compatible; Googlebot-Mobile/2.1; +http://www.google.com/bot.html)"
178.154.163.29 - - [21/Jan/2013:02:22:43 -0600] "GET /blog/tag/internet-cafe/feed/ HTTP/1.1" 200 4103 "-" "Mozilla/5.0 (compatible; YandexBot/3.0; +http://yandex.com/bots)"
157.55.34.35 - - [21/Jan/2013:02:30:53 -0600] "GET /robots.txt HTTP/1.1" 200 15 "-" "Mozilla/5.0 (compatible; bingbot/2.0; +http://www.bing.com/bingbot.htm)"
157.55.34.35 - - [21/Jan/2013:02:33:12 -0600] "GET /blog/convert-m4a-files-to-mp3-format-with-tags/ HTTP/1.1" 200 4807 "-" "Mozilla/5.0 (compatible; bingbot/2.0; +http://www.bing.com/bingbot.htm)"
180.76.6.211 - - [21/Jan/2013:02:34:51 -0600] "GET /blog/?p=1030 HTTP/1.1" 301 5 "-" "Mozilla/5.0 (compatible; Baiduspider/2.0; +http://www.baidu.com/search/spider.html)"
180.76.5.97 - - [21/Jan/2013:02:34:51 -0600] "GET /blog/facebook-account-deletion-link/ HTTP/1.1" 200 2627 "-" "Mozilla/5.0 (compatible; Baiduspider/2.0; +http://www.baidu.com/search/spider.html)"
66.249.74.38 - - [21/Jan/2013:02:38:37 -0600] "GET /moodle/calendar/view.php?view=month&cal_d=1&cal_m=2&cal_y=1907&course=1 HTTP/1.1" 404 136 "-" "Mozilla/5.0 (compatible; Googlebot/2.1; +http://www.google.com/bot.html)"
123.125.71.73 - - [21/Jan/2013:02:38:41 -0600] "GET / HTTP/1.1" 302 5 "-" "Mozilla/5.0 (compatible; Baiduspider/2.0; +http://www.baidu.com/search/spider.html)"
220.181.108.153 - - [21/Jan/2013:02:39:34 -0600] "GET / HTTP/1.1" 302 5 "-" "Mozilla/5.0 (compatible; Baiduspider/2.0; +http://www.baidu.com/search/spider.html)"
66.249.74.38 - - [21/Jan/2013:02:43:04 -0600] "GET /moodle/calendar/view.php?view=month&cal_d=1&cal_m=9&cal_y=1909&course=1 HTTP/1.1" 404 136 "-" "Mozilla/5.0 (compatible; Googlebot/2.1; +http://www.google.com/bot.html)"
46.118.118.106 - - [21/Jan/2013:02:56:36 -0600] "GET /blog/about/ HTTP/1.1" 200 6721 "http://buy-vibrator.ru/" "Mozilla/3.0 (x86 [en] Windows NT 5.1; Sun)"
46.118.118.106 - - [21/Jan/2013:02:56:37 -0600] "GET /blog/about/ HTTP/1.1" 200 6721 "http://buy-vibrator.ru/" "Mozilla/3.0 (x86 [en] Windows NT 5.1; Sun)"
96.254.171.2 - - [21/Jan/2013:02:56:38 -0600] "GET http://ngmarley.com/ HTTP/1.1" 302 5 "http://server6.cyberpods.net/azenv.php" "Mozilla/5.0 (Windows; U; Windows NT 6.1; en-US; rv:1.9.2.28) Gecko/20120306 Firefox/3.6.28 (.NET CLR 3.5.30729)"
96.254.171.2 - - [21/Jan/2013:02:56:39 -0600] "GET http://ngmarley.com/ HTTP/1.1" 302 5 "http://server6.cyberpods.net/azenv.php" "Mozilla/5.0 (Windows; U; Windows NT 6.1; en-US; rv:1.9.2.28) Gecko/20120306 Firefox/3.6.28 (.NET CLR 3.5.30729)"
106.187.97.211 - - [21/Jan/2013:03:00:02 -0600] "GET /blog/wp-cron.php?doing_wp_cron HTTP/1.1" 200 5 "-" "curl/7.27.0"
106.187.97.211 - - [21/Jan/2013:03:00:02 -0600] "GET /bauer/wp-cron.php?doing_wp_cron HTTP/1.1" 200 5 "-" "curl/7.27.0"
106.187.97.211 - - [21/Jan/2013:03:00:02 -0600] "GET /homesite/wp-cron.php?doing_wp_cron HTTP/1.1" 200 5 "-" "curl/7.27.0"
178.154.243.86 - - [21/Jan/2013:03:02:31 -0600] "GET /robots.txt HTTP/1.1" 200 15 "-" "Mozilla/5.0 (compatible; YandexImages/3.0; +http://yandex.com/bots)"
209.171.42.71 - - [21/Jan/2013:03:03:21 -0600] "GET /blog/feed HTTP/1.1" 301 5 "-" "Mozilla/5.0 (compatible; BlogScope/1.0; +http://www.blogscope.net/; U of Toronto)"
209.171.42.71 - - [21/Jan/2013:03:03:22 -0600] "GET /blog/feed/ HTTP/1.1" 200 38221 "-" "Mozilla/5.0 (compatible; BlogScope/1.0; +http://www.blogscope.net/; U of Toronto)"
89.22.99.47 - - [21/Jan/2013:03:07:59 -0600] "GET /blog/remove-ubuntudebian-version-from-sshd-server-string/ HTTP/1.1" 200 10212 "-" "Mozilla/4.0 (compatible; MSIE 6.0; Windows NT 5.1; SV1; TencentTraveler)"
183.164.155.30 - - [21/Jan/2013:03:08:07 -0600] "POST /blog/wp-comments-post.php HTTP/1.1" 200 30 "http://ngmarley.com/blog/remove-ubuntudebian-version-from-sshd-server-string/" "Mozilla/4.0 (compatible; MSIE 6.0; Windows NT 5.1; SV1)"
89.22.99.47 - - [21/Jan/2013:03:08:12 -0600] "GET /blog/remove-ubuntudebian-version-from-sshd-server-string/ HTTP/1.1" 200 10212 "-" "Mozilla/4.0 (compatible; MSIE 6.0; Windows NT 5.1; SV1; Mozilla/4.0 (compatible; MSIE 6.0; Windows NT 5.1; SV1) ; .NET CLR 2.0.50727 ; .NET CLR 4.0.30319)"
46.118.116.87 - - [21/Jan/2013:03:18:40 -0600] "GET /blog/sailing/ HTTP/1.0" 200 10401 "http://ngmarley.com/blog/sailing/" "Opera/9.80 (Windows NT 5.1; U; Edition Yx; ru) Presto/2.10.289 Version/12.02"
46.118.116.87 - - [21/Jan/2013:03:18:41 -0600] "POST /blog/wp-comments-post.php HTTP/1.0" 500 4131 "http://ngmarley.com/blog/sailing/" "Opera/9.80 (Windows NT 5.1; U; Edition Yx; ru) Presto/2.10.289 Version/12.02"
173.199.120.123 - - [21/Jan/2013:03:24:26 -0600] "GET /blog/tag/osx-lion/ HTTP/1.1" 200 2669 "-" "Mozilla/5.0 (compatible; AhrefsBot/4.0; +http://ahrefs.com/robot/)"
106.187.97.211 - - [21/Jan/2013:04:00:02 -0600] "GET /blog/wp-cron.php?doing_wp_cron HTTP/1.1" 200 5 "-" "curl/7.27.0"
106.187.97.211 - - [21/Jan/2013:04:00:02 -0600] "GET /bauer/wp-cron.php?doing_wp_cron HTTP/1.1" 200 5 "-" "curl/7.27.0"
106.187.97.211 - - [21/Jan/2013:04:00:02 -0600] "GET /homesite/wp-cron.php?doing_wp_cron HTTP/1.1" 200 5 "-" "curl/7.27.0"
220.181.89.153 - - [21/Jan/2013:04:28:06 -0600] "GET / HTTP/1.1" 302 5 "-" "Sogou web spider/4.0(+http://www.sogou.com/docs/help/webmasters.htm#07)"
208.115.113.86 - - [21/Jan/2013:04:28:29 -0600] "GET /robots.txt HTTP/1.1" 200 15 "-" "Mozilla/5.0 (compatible; Ezooms/1.0; ezooms.bot@gmail.com)"
220.181.89.153 - - [21/Jan/2013:04:33:04 -0600] "GET /blog/ HTTP/1.1" 200 12993 "-" "Sogou web spider/4.0(+http://www.sogou.com/docs/help/webmasters.htm#07)"
202.46.53.135 - - [21/Jan/2013:04:38:59 -0600] "GET / HTTP/1.1" 302 5 "-" "Mozilla/4.0 (compatible; MSIE 7.0; Windows NT 6.0)"
119.63.193.196 - - [21/Jan/2013:04:39:03 -0600] "GET / HTTP/1.1" 302 5 "-" "Mozilla/4.0 (compatible; MSIE 7.0; Windows NT 6.0)"
123.125.71.112 - - [21/Jan/2013:04:40:19 -0600] "GET / HTTP/1.1" 302 5 "-" "Mozilla/5.0 (compatible; Baiduspider/2.0; +http://www.baidu.com/search/spider.html)"
220.181.108.170 - - [21/Jan/2013:04:41:15 -0600] "GET / HTTP/1.1" 302 5 "-" "Mozilla/5.0 (compatible; Baiduspider/2.0; +http://www.baidu.com/search/spider.html)"
173.199.120.123 - - [21/Jan/2013:04:48:27 -0600] "GET /blog/tag/mate/ HTTP/1.1" 200 2909 "-" "Mozilla/5.0 (compatible; AhrefsBot/4.0; +http://ahrefs.com/robot/)"
65.111.177.188 - - [21/Jan/2013:04:54:32 -0600] "GET / HTTP/1.1" 302 5 "-" "Mozilla/5.0 (Windows NT 5.1) AppleWebKit/535.11 (KHTML, like Gecko) Chrome/17.0.963.56 Safari/535.11"
65.111.177.188 - - [21/Jan/2013:04:54:32 -0600] "GET /blog/ HTTP/1.1" 200 40331 "-" "Mozilla/5.0 (Windows NT 5.1) AppleWebKit/535.11 (KHTML, like Gecko) Chrome/17.0.963.56 Safari/535.11"
65.111.177.188 - - [21/Jan/2013:04:54:34 -0600] "GET / HTTP/1.1" 302 5 "-" "Mozilla/5.0 (Windows NT 5.1) AppleWebKit/535.11 (KHTML, like Gecko) Chrome/17.0.963.56 Safari/535.11"
65.111.177.188 - - [21/Jan/2013:04:54:35 -0600] "GET /blog/ HTTP/1.1" 200 40331 "-" "Mozilla/5.0 (Windows NT 5.1) AppleWebKit/535.11 (KHTML, like Gecko) Chrome/17.0.963.56 Safari/535.11"
65.111.177.188 - - [21/Jan/2013:04:54:36 -0600] "GET / HTTP/1.1" 302 5 "-" "Mozilla/5.0 (Windows NT 5.1) AppleWebKit/535.11 (KHTML, like Gecko) Chrome/17.0.963.56 Safari/535.11"
65.111.177.188 - - [21/Jan/2013:04:54:37 -0600] "GET /blog/ HTTP/1.1" 200 40331 "-" "Mozilla/5.0 (Windows NT 5.1) AppleWebKit/535.11 (KHTML, like Gecko) Chrome/17.0.963.56 Safari/535.11"
65.111.177.188 - - [21/Jan/2013:04:54:37 -0600] "GET / HTTP/1.1" 302 5 "-" "Mozilla/5.0 (Windows NT 5.1) AppleWebKit/535.11 (KHTML, like Gecko) Chrome/17.0.963.56 Safari/535.11"
65.111.177.188 - - [21/Jan/2013:04:54:38 -0600] "GET /blog/ HTTP/1.1" 200 40331 "-" "Mozilla/5.0 (Windows NT 5.1) AppleWebKit/535.11 (KHTML, like Gecko) Chrome/17.0.963.56 Safari/535.11"
106.187.97.211 - - [21/Jan/2013:05:00:01 -0600] "GET /blog/wp-cron.php?doing_wp_cron HTTP/1.1" 200 5 "-" "curl/7.27.0"
106.187.97.211 - - [21/Jan/2013:05:00:01 -0600] "GET /bauer/wp-cron.php?doing_wp_cron HTTP/1.1" 200 5 "-" "curl/7.27.0"
106.187.97.211 - - [21/Jan/2013:05:00:02 -0600] "GET /homesite/wp-cron.php?doing_wp_cron HTTP/1.1" 200 5 "-" "curl/7.27.0"
123.125.71.49 - - [21/Jan/2013:05:20:22 -0600] "GET /robots.txt HTTP/1.1" 200 15 "-" "Mozilla/5.0 (Windows NT 5.1; rv:6.0.2) Gecko/20100101 Firefox/6.0.2"
180.76.5.67 - - [21/Jan/2013:05:27:05 -0600] "GET /blog/mydci-app/ HTTP/1.1" 200 3129 "-" "Mozilla/5.0 (compatible; Baiduspider/2.0; +http://www.baidu.com/search/spider.html)"
208.115.113.86 - - [21/Jan/2013:05:29:22 -0600] "GET /blog/tag/cheap-airfare/ HTTP/1.1" 200 8927 "-" "Mozilla/5.0 (compatible; Ezooms/1.0; ezooms.bot@gmail.com)"
92.249.127.111 - - [21/Jan/2013:05:37:20 -0600] "GET /blog/about/ HTTP/1.1" 200 6721 "http://altairplus.ru/" "Mozilla/5.0 (compatible; news bot /2.1)"
92.249.127.111 - - [21/Jan/2013:05:37:22 -0600] "GET /blog/about/ HTTP/1.1" 200 6721 "http://altairplus.ru/" "Mozilla/5.0 (compatible; news bot /2.1)"
178.154.163.29 - - [21/Jan/2013:05:38:50 -0600] "GET /blog/ HTTP/1.1" 200 12993 "-" "Mozilla/5.0 (compatible; YandexBot/3.0; +http://yandex.com/bots)"
129.16.181.242 - - [21/Jan/2013:05:47:58 -0600] "GET /blog/cpan-changing-permissions-on-osx/ HTTP/1.1" 200 4359 "http://www.google.se/url?sa=t&rct=j&q=cpan%20permission%20denied%20mac&source=web&cd=5&ved=0CE0QFjAE&url=http%3A%2F%2Fngmarley.com%2Fblog%2Fcpan-changing-permissions-on-osx%2F&ei=1Sr9UI_lMKL-4QSY54GYAw&usg=AFQjCNE06zD3u0X0IbpLUs0dTCCnv34RXQ&bvm=bv.41248874,d.bGE" "Mozilla/5.0 (Macintosh; Intel Mac OS X 10_8_2) AppleWebKit/536.26.17 (KHTML, like Gecko) Version/6.0.2 Safari/536.26.17"
129.16.181.242 - - [21/Jan/2013:05:47:59 -0600] "GET /blog/wp-content/plugins/codecolorer/codecolorer.css?ver=0.9.9 HTTP/1.1" 200 11358 "http://ngmarley.com/blog/cpan-changing-permissions-on-osx/" "Mozilla/5.0 (Macintosh; Intel Mac OS X 10_8_2) AppleWebKit/536.26.17 (KHTML, like Gecko) Version/6.0.2 Safari/536.26.17"
129.16.181.242 - - [21/Jan/2013:05:47:59 -0600] "GET /blog/wp-content/themes/koi-improved/style.css HTTP/1.1" 200 15888 "http://ngmarley.com/blog/cpan-changing-permissions-on-osx/" "Mozilla/5.0 (Macintosh; Intel Mac OS X 10_8_2) AppleWebKit/536.26.17 (KHTML, like Gecko) Version/6.0.2 Safari/536.26.17"
129.16.181.242 - - [21/Jan/2013:05:47:59 -0600] "GET /blog/wp-includes/js/comment-reply.min.js?ver=3.5 HTTP/1.1" 200 786 "http://ngmarley.com/blog/cpan-changing-permissions-on-osx/" "Mozilla/5.0 (Macintosh; Intel Mac OS X 10_8_2) AppleWebKit/536.26.17 (KHTML, like Gecko) Version/6.0.2 Safari/536.26.17"
129.16.181.242 - - [21/Jan/2013:05:47:59 -0600] "GET /blog/wp-content/themes/koi-improved/yellow.css HTTP/1.1" 404 13019 "http://ngmarley.com/blog/cpan-changing-permissions-on-osx/" "Mozilla/5.0 (Macintosh; Intel Mac OS X 10_8_2) AppleWebKit/536.26.17 (KHTML, like Gecko) Version/6.0.2 Safari/536.26.17"
129.16.181.242 - - [21/Jan/2013:05:47:59 -0600] "GET /blog/wp-content/themes/koi-improved/img/socialmedia/rss.png HTTP/1.1" 200 1484 "http://ngmarley.com/blog/cpan-changing-permissions-on-osx/" "Mozilla/5.0 (Macintosh; Intel Mac OS X 10_8_2) AppleWebKit/536.26.17 (KHTML, like Gecko) Version/6.0.2 Safari/536.26.17"
129.16.181.242 - - [21/Jan/2013:05:47:59 -0600] "GET /blog/wp-content/themes/koi-improved/img/paper-bg.jpg HTTP/1.1" 200 15033 "http://ngmarley.com/blog/cpan-changing-permissions-on-osx/" "Mozilla/5.0 (Macintosh; Intel Mac OS X 10_8_2) AppleWebKit/536.26.17 (KHTML, like Gecko) Version/6.0.2 Safari/536.26.17"
129.16.181.242 - - [21/Jan/2013:05:47:59 -0600] "GET /blog/wp-content/uploads/2010/06/code5.jpg HTTP/1.1" 200 30870 "http://ngmarley.com/blog/cpan-changing-permissions-on-osx/" "Mozilla/5.0 (Macintosh; Intel Mac OS X 10_8_2) AppleWebKit/536.26.17 (KHTML, like Gecko) Version/6.0.2 Safari/536.26.17"
129.16.181.242 - - [21/Jan/2013:05:48:00 -0600] "GET /blog/wp-content/themes/koi-improved/img/header.gif HTTP/1.1" 200 61208 "http://ngmarley.com/blog/cpan-changing-permissions-on-osx/" "Mozilla/5.0 (Macintosh; Intel Mac OS X 10_8_2) AppleWebKit/536.26.17 (KHTML, like Gecko) Version/6.0.2 Safari/536.26.17"
129.16.181.242 - - [21/Jan/2013:05:48:00 -0600] "GET /blog/wp-content/themes/koi-improved/img/footer.gif HTTP/1.1" 200 44030 "http://ngmarley.com/blog/cpan-changing-permissions-on-osx/" "Mozilla/5.0 (Macintosh; Intel Mac OS X 10_8_2) AppleWebKit/536.26.17 (KHTML, like Gecko) Version/6.0.2 Safari/536.26.17"
129.16.181.242 - - [21/Jan/2013:05:48:00 -0600] "GET /blog/wp-content/themes/koi-improved/img/post-nav-bg.png HTTP/1.1" 200 1956 "http://ngmarley.com/blog/cpan-changing-permissions-on-osx/" "Mozilla/5.0 (Macintosh; Intel Mac OS X 10_8_2) AppleWebKit/536.26.17 (KHTML, like Gecko) Version/6.0.2 Safari/536.26.17"
129.16.181.242 - - [21/Jan/2013:05:48:00 -0600] "GET /blog/wp-content/themes/koi-improved/img/post-nav-rule.png HTTP/1.1" 200 256 "http://ngmarley.com/blog/cpan-changing-permissions-on-osx/" "Mozilla/5.0 (Macintosh; Intel Mac OS X 10_8_2) AppleWebKit/536.26.17 (KHTML, like Gecko) Version/6.0.2 Safari/536.26.17"
129.16.181.242 - - [21/Jan/2013:05:48:00 -0600] "GET /blog/wp-content/themes/koi-improved/img/top-illustration.gif HTTP/1.1" 200 73399 "http://ngmarley.com/blog/cpan-changing-permissions-on-osx/" "Mozilla/5.0 (Macintosh; Intel Mac OS X 10_8_2) AppleWebKit/536.26.17 (KHTML, like Gecko) Version/6.0.2 Safari/536.26.17"
129.16.181.242 - - [21/Jan/2013:05:48:01 -0600] "GET /favicon.ico HTTP/1.1" 404 136 "http://ngmarley.com/blog/cpan-changing-permissions-on-osx/" "Mozilla/5.0 (Macintosh; Intel Mac OS X 10_8_2) AppleWebKit/536.26.17 (KHTML, like Gecko) Version/6.0.2 Safari/536.26.17"
65.55.213.243 - - [21/Jan/2013:05:51:41 -0600] "GET /robots.txt HTTP/1.1" 200 15 "-" "msnbot/2.0b (+http://search.msn.com/msnbot.htm)"
65.55.213.243 - - [21/Jan/2013:05:51:41 -0600] "GET /raw/sitemap.xml.gz HTTP/1.1" 404 136 "-" "msnbot/2.0b (+http://search.msn.com/msnbot.htm)"
173.199.120.123 - - [21/Jan/2013:05:59:29 -0600] "GET /scripts/twitter-who2follow.user.js HTTP/1.1" 404 136 "-" "Mozilla/5.0 (compatible; AhrefsBot/4.0; +http://ahrefs.com/robot/)"
106.187.97.211 - - [21/Jan/2013:06:00:01 -0600] "GET /blog/wp-cron.php?doing_wp_cron HTTP/1.1" 200 5 "-" "curl/7.27.0"
106.187.97.211 - - [21/Jan/2013:06:00:02 -0600] "GET /bauer/wp-cron.php?doing_wp_cron HTTP/1.1" 200 5 "-" "curl/7.27.0"
106.187.97.211 - - [21/Jan/2013:06:00:02 -0600] "GET /homesite/wp-cron.php?doing_wp_cron HTTP/1.1" 200 5 "-" "curl/7.27.0"
173.199.120.123 - - [21/Jan/2013:06:09:16 -0600] "GET /blog/tag/osx-terminal/ HTTP/1.1" 200 2672 "-" "Mozilla/5.0 (compatible; AhrefsBot/4.0; +http://ahrefs.com/robot/)"
66.249.74.38 - - [21/Jan/2013:06:11:22 -0600] "GET / HTTP/1.1" 302 5 "-" "SAMSUNG-SGH-E250/1.0 Profile/MIDP-2.0 Configuration/CLDC-1.1 UP.Browser/6.2.3.3.c.1.101 (GUI) MMP/2.0 (compatible; Googlebot-Mobile/2.1; +http://www.google.com/bot.html)"
66.249.74.38 - - [21/Jan/2013:06:11:25 -0600] "GET /blog/ HTTP/1.1" 200 12993 "-" "SAMSUNG-SGH-E250/1.0 Profile/MIDP-2.0 Configuration/CLDC-1.1 UP.Browser/6.2.3.3.c.1.101 (GUI) MMP/2.0 (compatible; Googlebot-Mobile/2.1; +http://www.google.com/bot.html)"
189.68.124.84 - - [21/Jan/2013:06:18:30 -0600] "GET /blog/facebook-account-deletion-link/ HTTP/1.1" 200 7543 "-" "Mozilla/5.0 (compatible; Googlebot/2.1; +http://www.google.com/bot.html)"
208.115.111.70 - - [21/Jan/2013:06:29:49 -0600] "GET /robots.txt HTTP/1.1" 200 15 "-" "Mozilla/5.0 (compatible; Ezooms/1.0; ezooms.bot@gmail.com)"
220.181.108.79 - - [21/Jan/2013:06:40:01 -0600] "GET / HTTP/1.1" 302 5 "-" "Mozilla/5.0 (compatible; Baiduspider/2.0; +http://www.baidu.com/search/spider.html)"
123.125.71.77 - - [21/Jan/2013:06:40:57 -0600] "GET / HTTP/1.1" 302 5 "-" "Mozilla/5.0 (compatible; Baiduspider/2.0; +http://www.baidu.com/search/spider.html)"
66.249.74.38 - - [21/Jan/2013:06:48:52 -0600] "GET /robots.txt HTTP/1.1" 200 15 "-" "Mozilla/5.0 (compatible; Googlebot/2.1; +http://www.google.com/bot.html)"
66.249.74.38 - - [21/Jan/2013:06:48:53 -0600] "GET /blog/analysis-chinese-phishing-scam/ HTTP/1.1" 200 4083 "-" "Mozilla/5.0 (compatible; Googlebot/2.1; +http://www.google.com/bot.html)"
202.46.56.159 - - [21/Jan/2013:06:50:28 -0600] "GET / HTTP/1.1" 302 5 "-" "Mozilla/4.0 (compatible; MSIE 7.0; Windows NT 6.0)"
119.63.193.194 - - [21/Jan/2013:06:50:57 -0600] "GET / HTTP/1.1" 302 5 "-" "Mozilla/4.0 (compatible; MSIE 7.0; Windows NT 6.0)"
173.199.120.123 - - [21/Jan/2013:06:57:18 -0600] "GET /blog/costa-rica/ HTTP/1.1" 200 3023 "-" "Mozilla/5.0 (compatible; AhrefsBot/4.0; +http://ahrefs.com/robot/)"
106.187.97.211 - - [21/Jan/2013:07:00:01 -0600] "GET /blog/wp-cron.php?doing_wp_cron HTTP/1.1" 200 5 "-" "curl/7.27.0"
106.187.97.211 - - [21/Jan/2013:07:00:01 -0600] "GET /bauer/wp-cron.php?doing_wp_cron HTTP/1.1" 200 5 "-" "curl/7.27.0"
106.187.97.211 - - [21/Jan/2013:07:00:02 -0600] "GET /homesite/wp-cron.php?doing_wp_cron HTTP/1.1" 200 5 "-" "curl/7.27.0"
65.55.213.66 - - [21/Jan/2013:07:04:51 -0600] "GET / HTTP/1.1" 302 5 "-" "msnbot/2.0b (+http://search.msn.com/msnbot.htm)"
65.55.213.66 - - [21/Jan/2013:07:04:53 -0600] "GET /blog/ HTTP/1.1" 200 12993 "-" "msnbot/2.0b (+http://search.msn.com/msnbot.htm)"
119.247.227.238 - - [21/Jan/2013:07:12:47 -0600] "GET /mydci/entries/delete/406 HTTP/1.1" 404 564 "-" "Mozilla/4.0 (compatible; MSIE 5.5; Windows NT)"
173.199.120.123 - - [21/Jan/2013:07:18:23 -0600] "GET /blog/remove-ubuntudebian-version-from-sshd-server-string/ HTTP/1.1" 200 3300 "-" "Mozilla/5.0 (compatible; AhrefsBot/4.0; +http://ahrefs.com/robot/)"
208.115.111.70 - - [21/Jan/2013:07:21:00 -0600] "GET /blog/convert-m4a-files-to-mp3-format-with-tags/ HTTP/1.1" 200 22180 "-" "Mozilla/5.0 (compatible; Ezooms/1.0; ezooms.bot@gmail.com)"
208.115.111.70 - - [21/Jan/2013:07:21:03 -0600] "GET /blog/how-to-break-out-of-an-exit-popup-in-firefox/ HTTP/1.1" 200 8410 "-" "Mozilla/5.0 (compatible; Ezooms/1.0; ezooms.bot@gmail.com)"
208.115.111.70 - - [21/Jan/2013:07:21:07 -0600] "GET /blog/tag/belgium/feed/ HTTP/1.1" 200 4506 "-" "Mozilla/5.0 (compatible; Ezooms/1.0; ezooms.bot@gmail.com)"
173.199.120.123 - - [21/Jan/2013:07:32:32 -0600] "GET /blog/change-is-good/ HTTP/1.1" 200 3509 "-" "Mozilla/5.0 (compatible; AhrefsBot/4.0; +http://ahrefs.com/robot/)"
178.154.243.86 - - [21/Jan/2013:07:46:15 -0600] "GET /blog/wp-content/uploads/2010/10/sbux1.2010oct03.jpg HTTP/1.1" 200 102883 "-" "Mozilla/5.0 (compatible; YandexImages/3.0; +http://yandex.com/bots)"
173.199.120.123 - - [21/Jan/2013:07:55:51 -0600] "GET /blog/take-action-now/ HTTP/1.1" 200 3723 "-" "Mozilla/5.0 (compatible; AhrefsBot/4.0; +http://ahrefs.com/robot/)"
198.74.126.229 - - [21/Jan/2013:07:57:33 -0600] "GET /blog/page/5/ HTTP/1.1" 200 32247 "-" "Mozilla/4.0 (compatible; MSIE 6.0; Windows NT 5.1; SV1; Mozilla/4.0 (compatible; MSIE 6.0; Windows NT 5.1; SV1) ; .NET CLR 2.0.50727 ; .NET CLR 4.0.30319)"
198.74.126.229 - - [21/Jan/2013:07:57:43 -0600] "GET /blog/tag/no-tabs/ HTTP/1.1" 200 17145 "-" "Mozilla/4.0 (compatible; MSIE 6.0; Windows NT 5.1)"
106.187.97.211 - - [21/Jan/2013:08:00:02 -0600] "GET /blog/wp-cron.php?doing_wp_cron HTTP/1.1" 200 5 "-" "curl/7.27.0"
106.187.97.211 - - [21/Jan/2013:08:00:02 -0600] "GET /bauer/wp-cron.php?doing_wp_cron HTTP/1.1" 200 5 "-" "curl/7.27.0"
106.187.97.211 - - [21/Jan/2013:08:00:02 -0600] "GET /homesite/wp-cron.php?doing_wp_cron HTTP/1.1" 200 5 "-" "curl/7.27.0"
208.115.113.86 - - [21/Jan/2013:08:30:53 -0600] "GET /robots.txt HTTP/1.1" 200 15 "-" "Mozilla/5.0 (compatible; Ezooms/1.0; ezooms.bot@gmail.com)"
123.125.71.107 - - [21/Jan/2013:08:40:15 -0600] "GET / HTTP/1.1" 302 5 "-" "Mozilla/5.0 (compatible; Baiduspider/2.0; +http://www.baidu.com/search/spider.html)"
220.181.108.171 - - [21/Jan/2013:08:41:12 -0600] "GET / HTTP/1.1" 302 5 "-" "Mozilla/5.0 (compatible; Baiduspider/2.0; +http://www.baidu.com/search/spider.html)"
190.141.228.211 - - [21/Jan/2013:08:42:53 -0600] "GET /?feed=rss2 HTTP/1.1" 302 5 "http://ngmarley.com/?feed=rss2" "Mozilla/5.0 (compatible; MSIE 9.0; Windows NT 6.1; de) Opera 11.51"
190.141.228.211 - - [21/Jan/2013:08:42:54 -0600] "GET /blog/ HTTP/1.1" 200 40331 "http://ngmarley.com/?feed=rss2" "Mozilla/5.0 (compatible; MSIE 9.0; Windows NT 6.1; de) Opera 11.51"
77.78.109.73 - - [21/Jan/2013:08:48:05 -0600] "GET / HTTP/1.1" 302 5 "http://www.pagesinventory.com/domain/ngmarley.com.html" "Mozilla/5.0 (Windows; U; Windows NT 5.1; cs; rv:1.9.0.11) Gecko/2009060215 Firefox/3.0.11"
98.23.232.73 - - [21/Jan/2013:08:49:36 -0600] "GET /files/8204395.mp4 HTTP/1.1" 200 13717176 "-" "Mozilla/5.0 (X11; U; Linux i686; en-US; rv:1.8.1.18) Gecko/20081112 Fedora/2.0.0.18-1.fc8 Firefox/2.0.0.18"
106.187.97.211 - - [21/Jan/2013:09:00:01 -0600] "GET /blog/wp-cron.php?doing_wp_cron HTTP/1.1" 200 5 "-" "curl/7.27.0"
106.187.97.211 - - [21/Jan/2013:09:00:03 -0600] "GET /bauer/wp-cron.php?doing_wp_cron HTTP/1.1" 200 5 "-" "curl/7.27.0"
106.187.97.211 - - [21/Jan/2013:09:00:03 -0600] "GET /homesite/wp-cron.php?doing_wp_cron HTTP/1.1" 200 5 "-" "curl/7.27.0"
207.244.223.67 - - [21/Jan/2013:09:04:33 -0600] "GET /blog/feed/ HTTP/1.1" 200 38222 "-" "BlogSearch/2 +http://www.icerocket.com/"
173.199.120.123 - - [21/Jan/2013:09:07:16 -0600] "GET /blog/tag/personal-development/ HTTP/1.1" 200 3475 "-" "Mozilla/5.0 (compatible; AhrefsBot/4.0; +http://ahrefs.com/robot/)"
173.199.120.123 - - [21/Jan/2013:09:12:05 -0600] "GET /blog/tag/yellow-carrots/ HTTP/1.1" 200 2760 "-" "Mozilla/5.0 (compatible; AhrefsBot/4.0; +http://ahrefs.com/robot/)"
208.115.113.86 - - [21/Jan/2013:09:30:34 -0600] "GET /blog/page/3/ HTTP/1.1" 200 64276 "-" "Mozilla/5.0 (compatible; Ezooms/1.0; ezooms.bot@gmail.com)"
208.115.113.86 - - [21/Jan/2013:09:30:41 -0600] "GET /blog/tag/belgium/ HTTP/1.1" 200 9161 "-" "Mozilla/5.0 (compatible; Ezooms/1.0; ezooms.bot@gmail.com)"
208.115.113.86 - - [21/Jan/2013:09:30:46 -0600] "GET /blog/tag/perl-2/feed/ HTTP/1.1" 200 57153 "-" "Mozilla/5.0 (compatible; Ezooms/1.0; ezooms.bot@gmail.com)"
178.154.163.29 - - [21/Jan/2013:09:32:43 -0600] "GET /blog/tag/carrot-soup/ HTTP/1.1" 200 2758 "-" "Mozilla/5.0 (compatible; YandexBot/3.0; +http://yandex.com/bots)"
200.178.85.67 - - [21/Jan/2013:09:51:53 -0600] "GET /blog/remove-ubuntudebian-version-from-sshd-server-string/ HTTP/1.1" 200 10212 "-" "Mozilla/5.0 (compatible; Googlebot/2.1; +http://www.google.com/bot.html)"
200.178.85.67 - - [21/Jan/2013:09:51:55 -0600] "POST /blog/wp-comments-post.php HTTP/1.0" 500 4131 "-" "Mozilla/5.0 (compatible; Googlebot/2.1; +http://www.google.com/bot.html)"
180.76.5.189 - - [21/Jan/2013:09:52:47 -0600] "GET /blog/tag/japan/ HTTP/1.1" 200 3262 "-" "Mozilla/5.0 (compatible; Baiduspider/2.0; +http://www.baidu.com/search/spider.html)"
106.187.97.211 - - [21/Jan/2013:10:00:01 -0600] "GET /blog/wp-cron.php?doing_wp_cron HTTP/1.1" 200 5 "-" "curl/7.27.0"
106.187.97.211 - - [21/Jan/2013:10:00:01 -0600] "GET /bauer/wp-cron.php?doing_wp_cron HTTP/1.1" 200 5 "-" "curl/7.27.0"
106.187.97.211 - - [21/Jan/2013:10:00:02 -0600] "GET /homesite/wp-cron.php?doing_wp_cron HTTP/1.1" 200 5 "-" "curl/7.27.0"
208.115.111.70 - - [21/Jan/2013:10:29:48 -0600] "GET /robots.txt HTTP/1.1" 200 15 "-" "Mozilla/5.0 (compatible; Ezooms/1.0; ezooms.bot@gmail.com)"
202.46.57.81 - - [21/Jan/2013:10:39:35 -0600] "GET / HTTP/1.1" 302 5 "-" "Mozilla/4.0 (compatible; MSIE 7.0; Windows NT 6.0)"
119.63.193.195 - - [21/Jan/2013:10:39:41 -0600] "GET / HTTP/1.1" 302 5 "-" "Mozilla/4.0 (compatible; MSIE 7.0; Windows NT 6.0)"
188.165.109.82 - - [21/Jan/2013:10:49:48 -0600] "GET /blog/no-short-tags-asshole/ HTTP/1.1" 200 4952 "http://www.google.com/cse?cx=partner-pub-9300639326172081%3Ad9bbzbtli15&ie=UTF-8&sa=Search&q=php+good+practice+%3C%25%3D" "Mozilla/5.0 (X11; Ubuntu; Linux i686; rv:18.0) Gecko/20100101 Firefox/18.0"
188.165.109.82 - - [21/Jan/2013:10:49:49 -0600] "GET /blog/wp-content/plugins/codecolorer/codecolorer.css?ver=0.9.9 HTTP/1.1" 200 11358 "http://ngmarley.com/blog/no-short-tags-asshole/" "Mozilla/5.0 (X11; Ubuntu; Linux i686; rv:18.0) Gecko/20100101 Firefox/18.0"
188.165.109.82 - - [21/Jan/2013:10:49:49 -0600] "GET /blog/wp-content/themes/koi-improved/style.css HTTP/1.1" 200 15888 "http://ngmarley.com/blog/no-short-tags-asshole/" "Mozilla/5.0 (X11; Ubuntu; Linux i686; rv:18.0) Gecko/20100101 Firefox/18.0"
188.165.109.82 - - [21/Jan/2013:10:49:49 -0600] "GET /blog/wp-includes/js/comment-reply.min.js?ver=3.5 HTTP/1.1" 200 786 "http://ngmarley.com/blog/no-short-tags-asshole/" "Mozilla/5.0 (X11; Ubuntu; Linux i686; rv:18.0) Gecko/20100101 Firefox/18.0"
188.165.109.82 - - [21/Jan/2013:10:49:49 -0600] "GET /blog/wp-content/themes/koi-improved/img/socialmedia/rss.png HTTP/1.1" 200 1484 "http://ngmarley.com/blog/no-short-tags-asshole/" "Mozilla/5.0 (X11; Ubuntu; Linux i686; rv:18.0) Gecko/20100101 Firefox/18.0"
188.165.109.82 - - [21/Jan/2013:10:49:49 -0600] "GET /blog/wp-content/themes/koi-improved/yellow.css HTTP/1.1" 404 13019 "http://ngmarley.com/blog/no-short-tags-asshole/" "Mozilla/5.0 (X11; Ubuntu; Linux i686; rv:18.0) Gecko/20100101 Firefox/18.0"
188.165.109.82 - - [21/Jan/2013:10:49:50 -0600] "GET /blog/wp-content/themes/koi-improved/img/post-nav-rule.png HTTP/1.1" 200 256 "http://ngmarley.com/blog/wp-content/themes/koi-improved/style.css" "Mozilla/5.0 (X11; Ubuntu; Linux i686; rv:18.0) Gecko/20100101 Firefox/18.0"
188.165.109.82 - - [21/Jan/2013:10:49:50 -0600] "GET /blog/wp-content/themes/koi-improved/img/post-nav-bg.png HTTP/1.1" 200 1956 "http://ngmarley.com/blog/wp-content/themes/koi-improved/style.css" "Mozilla/5.0 (X11; Ubuntu; Linux i686; rv:18.0) Gecko/20100101 Firefox/18.0"
188.165.109.82 - - [21/Jan/2013:10:49:50 -0600] "GET /blog/wp-content/themes/koi-improved/img/paper-bg.jpg HTTP/1.1" 200 15033 "http://ngmarley.com/blog/wp-content/themes/koi-improved/style.css" "Mozilla/5.0 (X11; Ubuntu; Linux i686; rv:18.0) Gecko/20100101 Firefox/18.0"
188.165.109.82 - - [21/Jan/2013:10:49:50 -0600] "GET /blog/wp-content/themes/koi-improved/img/top-illustration.gif HTTP/1.1" 200 73399 "http://ngmarley.com/blog/wp-content/themes/koi-improved/style.css" "Mozilla/5.0 (X11; Ubuntu; Linux i686; rv:18.0) Gecko/20100101 Firefox/18.0"
188.165.109.82 - - [21/Jan/2013:10:49:50 -0600] "GET /blog/wp-content/themes/koi-improved/img/footer.gif HTTP/1.1" 200 44030 "http://ngmarley.com/blog/wp-content/themes/koi-improved/style.css" "Mozilla/5.0 (X11; Ubuntu; Linux i686; rv:18.0) Gecko/20100101 Firefox/18.0"
188.165.109.82 - - [21/Jan/2013:10:49:50 -0600] "GET /blog/wp-content/themes/koi-improved/img/header.gif HTTP/1.1" 200 61208 "http://ngmarley.com/blog/wp-content/themes/koi-improved/style.css" "Mozilla/5.0 (X11; Ubuntu; Linux i686; rv:18.0) Gecko/20100101 Firefox/18.0"
188.165.109.82 - - [21/Jan/2013:10:49:51 -0600] "GET /favicon.ico HTTP/1.1" 404 136 "-" "Mozilla/5.0 (X11; Ubuntu; Linux i686; rv:18.0) Gecko/20100101 Firefox/18.0"
188.165.109.82 - - [21/Jan/2013:10:49:51 -0600] "GET /favicon.ico HTTP/1.1" 404 136 "-" "Mozilla/5.0 (X11; Ubuntu; Linux i686; rv:18.0) Gecko/20100101 Firefox/18.0"
188.165.109.82 - - [21/Jan/2013:10:49:51 -0600] "GET /blog/lost-in-translation/ HTTP/1.1" 200 3161 "http://ngmarley.com/blog/no-short-tags-asshole/" "Mozilla/5.0 (X11; Ubuntu; Linux i686; rv:18.0) Gecko/20100101 Firefox/18.0"
173.199.120.123 - - [21/Jan/2013:10:52:39 -0600] "GET /blog/ HTTP/1.1" 200 12993 "-" "Mozilla/5.0 (compatible; AhrefsBot/4.0; +http://ahrefs.com/robot/)"
98.23.232.73 - - [21/Jan/2013:10:59:30 -0600] "GET /blog/life-list/ HTTP/1.1" 200 2120 "http://ngmarley.com/blog/" "Mozilla/5.0 (Macintosh; Intel Mac OS X 10.6; rv:17.0) Gecko/20100101 Firefox/17.0"
98.23.232.73 - - [21/Jan/2013:10:59:31 -0600] "GET /blog/wp-content/plugins/codecolorer/codecolorer.css?ver=0.9.9 HTTP/1.1" 304 0 "http://ngmarley.com/blog/life-list/" "Mozilla/5.0 (Macintosh; Intel Mac OS X 10.6; rv:17.0) Gecko/20100101 Firefox/17.0"
98.23.232.73 - - [21/Jan/2013:10:59:31 -0600] "GET /blog/wp-includes/js/comment-reply.min.js?ver=3.5 HTTP/1.1" 200 786 "http://ngmarley.com/blog/life-list/" "Mozilla/5.0 (Macintosh; Intel Mac OS X 10.6; rv:17.0) Gecko/20100101 Firefox/17.0"
98.23.232.73 - - [21/Jan/2013:10:59:31 -0600] "GET /blog/wp-content/themes/koi-improved/yellow.css HTTP/1.1" 404 13019 "http://ngmarley.com/blog/life-list/" "Mozilla/5.0 (Macintosh; Intel Mac OS X 10.6; rv:17.0) Gecko/20100101 Firefox/17.0"
98.23.232.73 - - [21/Jan/2013:10:59:48 -0600] "GET /blog/about/ HTTP/1.1" 200 2573 "http://ngmarley.com/blog/life-list/" "Mozilla/5.0 (Macintosh; Intel Mac OS X 10.6; rv:17.0) Gecko/20100101 Firefox/17.0"
98.23.232.73 - - [21/Jan/2013:10:59:49 -0600] "GET /blog/wp-content/plugins/codecolorer/codecolorer.css?ver=0.9.9 HTTP/1.1" 304 0 "http://ngmarley.com/blog/about/" "Mozilla/5.0 (Macintosh; Intel Mac OS X 10.6; rv:17.0) Gecko/20100101 Firefox/17.0"
98.23.232.73 - - [21/Jan/2013:10:59:49 -0600] "GET /blog/wp-includes/js/comment-reply.min.js?ver=3.5 HTTP/1.1" 304 0 "http://ngmarley.com/blog/about/" "Mozilla/5.0 (Macintosh; Intel Mac OS X 10.6; rv:17.0) Gecko/20100101 Firefox/17.0"
98.23.232.73 - - [21/Jan/2013:10:59:49 -0600] "GET /blog/wp-content/themes/koi-improved/yellow.css HTTP/1.1" 404 13019 "http://ngmarley.com/blog/about/" "Mozilla/5.0 (Macintosh; Intel Mac OS X 10.6; rv:17.0) Gecko/20100101 Firefox/17.0"
106.187.97.211 - - [21/Jan/2013:11:00:04 -0600] "GET /blog/wp-cron.php?doing_wp_cron HTTP/1.1" 200 5 "-" "curl/7.27.0"
106.187.97.211 - - [21/Jan/2013:11:00:04 -0600] "GET /bauer/wp-cron.php?doing_wp_cron HTTP/1.1" 200 5 "-" "curl/7.27.0"
106.187.97.211 - - [21/Jan/2013:11:00:06 -0600] "GET /homesite/wp-cron.php?doing_wp_cron HTTP/1.1" 200 5 "-" "curl/7.27.0"
98.23.232.73 - - [21/Jan/2013:11:00:44 -0600] "GET /blog HTTP/1.1" 301 178 "http://ngmarley.com/blog/about/" "Mozilla/5.0 (Macintosh; Intel Mac OS X 10.6; rv:17.0) Gecko/20100101 Firefox/17.0"
98.23.232.73 - - [21/Jan/2013:11:00:45 -0600] "GET /blog/ HTTP/1.1" 200 12993 "http://ngmarley.com/blog/about/" "Mozilla/5.0 (Macintosh; Intel Mac OS X 10.6; rv:17.0) Gecko/20100101 Firefox/17.0"
98.23.232.73 - - [21/Jan/2013:11:00:45 -0600] "GET /blog/wp-content/plugins/codecolorer/codecolorer.css?ver=0.9.9 HTTP/1.1" 304 0 "http://ngmarley.com/blog/" "Mozilla/5.0 (Macintosh; Intel Mac OS X 10.6; rv:17.0) Gecko/20100101 Firefox/17.0"
98.23.232.73 - - [21/Jan/2013:11:00:46 -0600] "GET /blog/wp-content/themes/koi-improved/yellow.css HTTP/1.1" 404 13019 "http://ngmarley.com/blog/" "Mozilla/5.0 (Macintosh; Intel Mac OS X 10.6; rv:17.0) Gecko/20100101 Firefox/17.0"
98.23.232.73 - - [21/Jan/2013:11:01:08 -0600] "GET /blog/sailing/ HTTP/1.1" 200 3747 "http://ngmarley.com/blog/" "Mozilla/5.0 (Macintosh; Intel Mac OS X 10.6; rv:17.0) Gecko/20100101 Firefox/17.0"
98.23.232.73 - - [21/Jan/2013:11:01:08 -0600] "GET /blog/wp-includes/js/comment-reply.min.js?ver=3.5 HTTP/1.1" 304 0 "http://ngmarley.com/blog/sailing/" "Mozilla/5.0 (Macintosh; Intel Mac OS X 10.6; rv:17.0) Gecko/20100101 Firefox/17.0"
98.23.232.73 - - [21/Jan/2013:11:01:08 -0600] "GET /blog/wp-content/plugins/codecolorer/codecolorer.css?ver=0.9.9 HTTP/1.1" 304 0 "http://ngmarley.com/blog/sailing/" "Mozilla/5.0 (Macintosh; Intel Mac OS X 10.6; rv:17.0) Gecko/20100101 Firefox/17.0"
98.23.232.73 - - [21/Jan/2013:11:01:09 -0600] "GET /blog/wp-content/themes/koi-improved/yellow.css HTTP/1.1" 404 13019 "http://ngmarley.com/blog/sailing/" "Mozilla/5.0 (Macintosh; Intel Mac OS X 10.6; rv:17.0) Gecko/20100101 Firefox/17.0"
98.23.232.73 - - [21/Jan/2013:11:01:09 -0600] "GET /blog/wp-content/themes/koi-improved/img/submit-btn.png HTTP/1.1" 200 1112 "http://ngmarley.com/blog/wp-content/themes/koi-improved/style.css" "Mozilla/5.0 (Macintosh; Intel Mac OS X 10.6; rv:17.0) Gecko/20100101 Firefox/17.0"
98.23.232.73 - - [21/Jan/2013:11:04:02 -0600] "GET /blog/about/ HTTP/1.1" 200 2573 "http://ngmarley.com/blog/life-list/" "Mozilla/5.0 (Macintosh; Intel Mac OS X 10.6; rv:17.0) Gecko/20100101 Firefox/17.0"
98.23.232.73 - - [21/Jan/2013:11:04:03 -0600] "GET /blog/thailand-september-2012/ HTTP/1.1" 200 4621 "http://ngmarley.com/blog/sailing/" "Mozilla/5.0 (Macintosh; Intel Mac OS X 10.6; rv:17.0) Gecko/20100101 Firefox/17.0"
60.194.113.47 - - [21/Jan/2013:11:08:42 -0600] "GET /blog/cpan-changing-permissions-on-osx/ HTTP/1.1" 200 4359 "http://www.google.com.hk/search?hl=zh-CN&newwindow=1&safe=strict&tbo=d&site=webhp&source=hp&q=cpan+permission+denied&btnK=Google+%E6%90%9C%E7%B4%A2" "Mozilla/5.0 (Macintosh; Intel Mac OS X 10_8_2) AppleWebKit/536.26.17 (KHTML, like Gecko) Version/6.0.2 Safari/536.26.17"
60.194.113.47 - - [21/Jan/2013:11:08:42 -0600] "GET /blog/wp-content/plugins/codecolorer/codecolorer.css?ver=0.9.9 HTTP/1.1" 200 11358 "http://ngmarley.com/blog/cpan-changing-permissions-on-osx/" "Mozilla/5.0 (Macintosh; Intel Mac OS X 10_8_2) AppleWebKit/536.26.17 (KHTML, like Gecko) Version/6.0.2 Safari/536.26.17"
60.194.113.47 - - [21/Jan/2013:11:08:43 -0600] "GET /blog/wp-includes/js/comment-reply.min.js?ver=3.5 HTTP/1.1" 200 786 "http://ngmarley.com/blog/cpan-changing-permissions-on-osx/" "Mozilla/5.0 (Macintosh; Intel Mac OS X 10_8_2) AppleWebKit/536.26.17 (KHTML, like Gecko) Version/6.0.2 Safari/536.26.17"
