106.187.97.211 - - [13/Jan/2013:00:38:30 -0600] "POST /wp-cron.php?doing_wp_cron=1358059110.2177588939666748046875 HTTP/1.0" 200 203 "-" "WordPress/3.5; http://jasminedragontea.com"
123.125.71.96 - - [13/Jan/2013:00:38:29 -0600] "GET / HTTP/1.1" 200 14117 "-" "Mozilla/5.0 (compatible; Baiduspider/2.0; +http://www.baidu.com/search/spider.html)"
220.181.108.177 - - [13/Jan/2013:00:39:20 -0600] "GET / HTTP/1.1" 200 14117 "-" "Mozilla/5.0 (compatible; Baiduspider/2.0; +http://www.baidu.com/search/spider.html)"
123.125.71.74 - - [13/Jan/2013:01:38:18 -0600] "GET / HTTP/1.1" 200 14117 "-" "Mozilla/5.0 (compatible; Baiduspider/2.0; +http://www.baidu.com/search/spider.html)"
220.181.108.176 - - [13/Jan/2013:01:39:10 -0600] "GET / HTTP/1.1" 200 14117 "-" "Mozilla/5.0 (compatible; Baiduspider/2.0; +http://www.baidu.com/search/spider.html)"
157.55.32.87 - - [13/Jan/2013:03:16:51 -0600] "GET /robots.txt HTTP/1.1" 200 325 "-" "Mozilla/5.0 (compatible; bingbot/2.0; +http://www.bing.com/bingbot.htm)"
106.187.97.211 - - [13/Jan/2013:03:16:52 -0600] "POST /wp-cron.php?doing_wp_cron=1358068611.8452939987182617187500 HTTP/1.0" 200 203 "-" "WordPress/3.5; http://jasminedragontea.com"
157.55.32.87 - - [13/Jan/2013:03:19:14 -0600] "GET / HTTP/1.1" 200 5015 "-" "Mozilla/5.0 (compatible; bingbot/2.0; +http://www.bing.com/bingbot.htm)"
157.55.32.87 - - [13/Jan/2013:03:20:44 -0600] "GET / HTTP/1.1" 200 5015 "-" "Mozilla/5.0 (compatible; bingbot/2.0; +http://www.bing.com/bingbot.htm)"
157.55.33.125 - - [13/Jan/2013:03:34:58 -0600] "GET /about/ HTTP/1.1" 200 2205 "-" "Mozilla/5.0 (compatible; bingbot/2.0; +http://www.bing.com/bingbot.htm)"
157.55.32.87 - - [13/Jan/2013:03:49:19 -0600] "GET / HTTP/1.1" 200 5014 "-" "Mozilla/5.0 (compatible; bingbot/2.0; +http://www.bing.com/bingbot.htm)"
123.125.71.92 - - [13/Jan/2013:04:40:07 -0600] "GET / HTTP/1.1" 200 14117 "-" "Mozilla/5.0 (compatible; Baiduspider/2.0; +http://www.baidu.com/search/spider.html)"
220.181.108.171 - - [13/Jan/2013:04:41:00 -0600] "GET / HTTP/1.1" 200 14117 "-" "Mozilla/5.0 (compatible; Baiduspider/2.0; +http://www.baidu.com/search/spider.html)"
78.158.11.226 - - [13/Jan/2013:04:58:58 -0600] "GET / HTTP/1.0" 200 14068 "http://evuln.com/tools/malware-scanner/jasminedragontea.com/" "Lynx/2.8.5rel.1 libwww-FM/2.15FC SSL-MM/1.4.1c OpenSSL/0.9.7e-dev"
78.158.11.226 - - [13/Jan/2013:04:58:59 -0600] "GET / HTTP/1.0" 200 14068 "http://www.google.com/url?sa=t&rct=j&q=jasminedragontea.com&source=web&cd=5&ved=0CF0QFjAE&url=http:%2F%2Fjasminedragontea.com%2F&cad=rja" "Lynx/2.8.5rel.1 libwww-FM/2.15FC SSL-MM/1.4.1c OpenSSL/0.9.7e-dev"
78.158.11.226 - - [13/Jan/2013:04:59:00 -0600] "GET /http://jasminedragontea.com/contact-us/ HTTP/1.0" 301 377 "http://jasminedragontea.com/" "Lynx/2.8.5rel.1 libwww-FM/2.15FC SSL-MM/1.4.1c OpenSSL/0.9.7e-dev"
78.158.11.226 - - [13/Jan/2013:04:59:01 -0600] "GET /http:/jasminedragontea.com/contact-us/ HTTP/1.0" 404 5580 "http://jasminedragontea.com/" "Lynx/2.8.5rel.1 libwww-FM/2.15FC SSL-MM/1.4.1c OpenSSL/0.9.7e-dev"
78.158.11.226 - - [13/Jan/2013:04:59:02 -0600] "GET /contact-us/ HTTP/1.0" 200 7041 "-" "Lynx/2.8.5rel.1 libwww-FM/2.15FC SSL-MM/1.4.1c OpenSSL/0.9.7e-dev"
78.158.11.226 - - [13/Jan/2013:04:59:03 -0600] "GET /yerba-mate/ HTTP/1.0" 200 7406 "-" "Lynx/2.8.5rel.1 libwww-FM/2.15FC SSL-MM/1.4.1c OpenSSL/0.9.7e-dev"
157.55.32.87 - - [13/Jan/2013:06:34:37 -0600] "GET /robots.txt HTTP/1.1" 200 325 "-" "Mozilla/5.0 (compatible; bingbot/2.0; +http://www.bing.com/bingbot.htm)"
157.55.32.87 - - [13/Jan/2013:06:36:47 -0600] "GET / HTTP/1.1" 200 5015 "-" "Mozilla/5.0 (compatible; bingbot/2.0; +http://www.bing.com/bingbot.htm)"
123.125.71.105 - - [13/Jan/2013:07:39:11 -0600] "GET / HTTP/1.1" 200 14117 "-" "Mozilla/5.0 (compatible; Baiduspider/2.0; +http://www.baidu.com/search/spider.html)"
220.181.108.145 - - [13/Jan/2013:07:40:05 -0600] "GET / HTTP/1.1" 200 14117 "-" "Mozilla/5.0 (compatible; Baiduspider/2.0; +http://www.baidu.com/search/spider.html)"
178.154.163.29 - - [13/Jan/2013:07:43:58 -0600] "GET /robots.txt HTTP/1.1" 200 325 "-" "Mozilla/5.0 (compatible; YandexBot/3.0; +http://yandex.com/bots)"
123.125.71.45 - - [13/Jan/2013:09:34:04 -0600] "GET /robots.txt HTTP/1.1" 200 311 "-" "Mozilla/5.0 (Windows NT 5.1; rv:6.0.2) Gecko/20100101 Firefox/6.0.2"
123.125.71.81 - - [13/Jan/2013:09:38:53 -0600] "GET / HTTP/1.1" 200 14117 "-" "Mozilla/5.0 (compatible; Baiduspider/2.0; +http://www.baidu.com/search/spider.html)"
220.181.108.175 - - [13/Jan/2013:09:39:46 -0600] "GET / HTTP/1.1" 200 14117 "-" "Mozilla/5.0 (compatible; Baiduspider/2.0; +http://www.baidu.com/search/spider.html)"
123.125.71.75 - - [13/Jan/2013:10:50:09 -0600] "GET / HTTP/1.1" 200 14117 "-" "Mozilla/5.0 (compatible; Baiduspider/2.0; +http://www.baidu.com/search/spider.html)"
220.181.108.161 - - [13/Jan/2013:10:51:19 -0600] "GET / HTTP/1.1" 200 14117 "-" "Mozilla/5.0 (compatible; Baiduspider/2.0; +http://www.baidu.com/search/spider.html)"
94.23.250.149 - - [13/Jan/2013:10:52:22 -0600] "POST /wp-login.php HTTP/1.0" 200 3612 "http://jasminedragontea.com/wp-login.php" "Opera/9.80 (Windows NT 6.1; U; ru) Presto/2.8.131 Version/11.10"
5.135.182.150 - - [13/Jan/2013:10:52:22 -0600] "POST /wp-login.php HTTP/1.0" 200 3612 "http://jasminedragontea.com/wp-login.php" "Opera/9.80 (Windows NT 6.1; U; ru) Presto/2.8.131 Version/11.10"
178.154.163.29 - - [13/Jan/2013:11:42:17 -0600] "GET / HTTP/1.1" 200 5014 "-" "Mozilla/5.0 (compatible; YandexBot/3.0; +http://yandex.com/bots)"
123.125.71.96 - - [13/Jan/2013:11:45:15 -0600] "GET / HTTP/1.1" 200 14117 "-" "Mozilla/5.0 (compatible; Baiduspider/2.0; +http://www.baidu.com/search/spider.html)"
220.181.108.186 - - [13/Jan/2013:11:46:07 -0600] "GET / HTTP/1.1" 200 14117 "-" "Mozilla/5.0 (compatible; Baiduspider/2.0; +http://www.baidu.com/search/spider.html)"
123.125.71.95 - - [13/Jan/2013:12:38:17 -0600] "GET / HTTP/1.1" 200 14117 "-" "Mozilla/5.0 (compatible; Baiduspider/2.0; +http://www.baidu.com/search/spider.html)"
220.181.108.166 - - [13/Jan/2013:12:39:09 -0600] "GET / HTTP/1.1" 200 14117 "-" "Mozilla/5.0 (compatible; Baiduspider/2.0; +http://www.baidu.com/search/spider.html)"
180.76.6.28 - - [13/Jan/2013:13:25:18 -0600] "GET /robots.txt HTTP/1.1" 200 311 "-" "Mozilla/5.0 (Windows NT 5.1; rv:6.0.2) Gecko/20100101 Firefox/6.0.2"
178.154.163.29 - - [13/Jan/2013:13:28:12 -0600] "GET /sitemap.xml.gz HTTP/1.1" 404 2302 "-" "Mozilla/5.0 (compatible; YandexBot/3.0; +http://yandex.com/bots)"
123.125.71.74 - - [13/Jan/2013:13:37:37 -0600] "GET / HTTP/1.1" 200 14117 "-" "Mozilla/5.0 (compatible; Baiduspider/2.0; +http://www.baidu.com/search/spider.html)"
220.181.108.160 - - [13/Jan/2013:13:38:28 -0600] "GET / HTTP/1.1" 200 14117 "-" "Mozilla/5.0 (compatible; Baiduspider/2.0; +http://www.baidu.com/search/spider.html)"
65.55.213.245 - - [13/Jan/2013:13:54:50 -0600] "GET /robots.txt HTTP/1.1" 200 311 "-" "msnbot/2.0b (+http://search.msn.com/msnbot.htm)"
65.55.213.245 - - [13/Jan/2013:13:54:50 -0600] "GET /sitemap.xml.gz HTTP/1.1" 404 2265 "-" "msnbot/2.0b (+http://search.msn.com/msnbot.htm)"
65.52.111.220 - - [13/Jan/2013:14:07:56 -0600] "GET / HTTP/1.1" 200 5014 "-" "Mozilla/4.0 (compatible; MSIE 7.0; Windows NT 5.2;  SV1;  .NET CLR 1.1.4325;  .NET CLR 2.0.50727)"
65.52.111.220 - - [13/Jan/2013:14:07:58 -0600] "GET /wp-content/themes/thesis_182/style.css HTTP/1.1" 200 4189 "http://jasminedragontea.com/" "Mozilla/4.0 (compatible; MSIE 7.0; Windows NT 5.2;  SV1;  .NET CLR 1.1.4325;  .NET CLR 2.0.50727)"
65.52.111.220 - - [13/Jan/2013:14:07:59 -0600] "GET /wp-content/themes/thesis_182/lib/css/ie.css HTTP/1.1" 200 928 "http://jasminedragontea.com/" "Mozilla/4.0 (compatible; MSIE 7.0; Windows NT 5.2;  SV1;  .NET CLR 1.1.4325;  .NET CLR 2.0.50727)"
65.52.111.220 - - [13/Jan/2013:14:07:59 -0600] "GET /wp-content/themes/thesis_182/custom/layout.css HTTP/1.1" 200 4274 "http://jasminedragontea.com/" "Mozilla/4.0 (compatible; MSIE 7.0; Windows NT 5.2;  SV1;  .NET CLR 1.1.4325;  .NET CLR 2.0.50727)"
65.52.111.220 - - [13/Jan/2013:14:07:59 -0600] "GET /wp-content/themes/thesis_182/custom/custom.css HTTP/1.1" 200 456 "http://jasminedragontea.com/" "Mozilla/4.0 (compatible; MSIE 7.0; Windows NT 5.2;  SV1;  .NET CLR 1.1.4325;  .NET CLR 2.0.50727)"
65.52.111.220 - - [13/Jan/2013:14:07:59 -0600] "GET /wp-content/plugins/contact-form-7/includes/css/styles.css?ver=3.3.2 HTTP/1.1" 200 713 "http://jasminedragontea.com/" "Mozilla/4.0 (compatible; MSIE 7.0; Windows NT 5.2;  SV1;  .NET CLR 1.1.4325;  .NET CLR 2.0.50727)"
65.52.111.220 - - [13/Jan/2013:14:07:59 -0600] "GET /wp-includes/js/jquery/jquery.js?ver=1.8.3 HTTP/1.1" 200 33782 "http://jasminedragontea.com/" "Mozilla/4.0 (compatible; MSIE 7.0; Windows NT 5.2;  SV1;  .NET CLR 1.1.4325;  .NET CLR 2.0.50727)"
65.52.111.220 - - [13/Jan/2013:14:08:03 -0600] "GET /wp-content/plugins/contact-form-7/includes/js/jquery.form.min.js?ver=3.23 HTTP/1.1" 200 6143 "http://jasminedragontea.com/" "Mozilla/4.0 (compatible; MSIE 7.0; Windows NT 5.2;  SV1;  .NET CLR 1.1.4325;  .NET CLR 2.0.50727)"
65.52.111.220 - - [13/Jan/2013:14:08:07 -0600] "GET /wp-content/plugins/contact-form-7/includes/js/scripts.js?ver=3.3.2 HTTP/1.1" 200 2139 "http://jasminedragontea.com/" "Mozilla/4.0 (compatible; MSIE 7.0; Windows NT 5.2;  SV1;  .NET CLR 1.1.4325;  .NET CLR 2.0.50727)"
94.23.4.106 - - [13/Jan/2013:15:53:07 -0600] "POST /wp-login.php HTTP/1.0" 200 3612 "http://jasminedragontea.com/wp-login.php" "Opera/9.80 (Windows NT 6.1; U; ru) Presto/2.8.131 Version/11.10"
5.135.186.48 - - [13/Jan/2013:15:53:07 -0600] "POST /wp-login.php HTTP/1.0" 200 3612 "http://jasminedragontea.com/wp-login.php" "Opera/9.80 (Windows NT 6.1; U; ru) Presto/2.8.131 Version/11.10"
91.121.204.98 - - [13/Jan/2013:15:53:08 -0600] "POST /wp-login.php HTTP/1.0" 200 3612 "http://jasminedragontea.com/wp-login.php" "Opera/9.80 (Windows NT 6.1; U; ru) Presto/2.8.131 Version/11.10"
94.23.62.47 - - [13/Jan/2013:15:53:08 -0600] "POST /wp-login.php HTTP/1.0" 200 3612 "http://jasminedragontea.com/wp-login.php" "Opera/9.80 (Windows NT 6.1; U; ru) Presto/2.8.131 Version/11.10"
106.187.97.211 - - [13/Jan/2013:15:53:08 -0600] "POST /wp-cron.php?doing_wp_cron=1358113987.7164969444274902343750 HTTP/1.0" 200 203 "-" "WordPress/3.5; http://jasminedragontea.com"
5.135.186.47 - - [13/Jan/2013:15:53:07 -0600] "POST /wp-login.php HTTP/1.0" 200 3612 "http://jasminedragontea.com/wp-login.php" "Opera/9.80 (Windows NT 6.1; U; ru) Presto/2.8.131 Version/11.10"
91.121.198.168 - - [13/Jan/2013:15:53:08 -0600] "POST /wp-login.php HTTP/1.0" 200 3612 "http://jasminedragontea.com/wp-login.php" "Opera/9.80 (Windows NT 6.1; U; ru) Presto/2.8.131 Version/11.10"
94.23.14.147 - - [13/Jan/2013:15:53:07 -0600] "POST /wp-login.php HTTP/1.0" 200 3612 "http://jasminedragontea.com/wp-login.php" "Opera/9.80 (Windows NT 6.1; U; ru) Presto/2.8.131 Version/11.10"
106.187.97.211 - - [13/Jan/2013:15:53:08 -0600] "POST /wp-cron.php?doing_wp_cron=1358113987.8562600612640380859375 HTTP/1.0" 200 203 "-" "WordPress/3.5; http://jasminedragontea.com"
50.99.242.245 - - [13/Jan/2013:17:15:27 -0600] "GET /hello-nations/ HTTP/1.1" 200 2793 "http://www.google.ca/url?sa=t&rct=j&q=hellonations&source=web&cd=7&ved=0CEwQFjAG&url=http%3A%2F%2Fjasminedragontea.com%2Fhello-nations%2F&ei=3z_zUMq0DImJiwLs2oDQAQ&usg=AFQjCNFab4zTFjbNWTcCue9nW-sSXfdFXA&sig2=mDalYJ_G2O5qitp4HI1UvQ&bvm=bv.1357700187,d.cGE" "Mozilla/5.0 (Macintosh; U; Intel Mac OS X 10_5_8; en-us) AppleWebKit/533.21.1 (KHTML, like Gecko) Version/5.0.5 Safari/533.21.1"
50.99.242.245 - - [13/Jan/2013:17:15:31 -0600] "GET /wp-content/themes/thesis_182/style.css HTTP/1.1" 200 4189 "http://jasminedragontea.com/hello-nations/" "Mozilla/5.0 (Macintosh; U; Intel Mac OS X 10_5_8; en-us) AppleWebKit/533.21.1 (KHTML, like Gecko) Version/5.0.5 Safari/533.21.1"
50.99.242.245 - - [13/Jan/2013:17:15:31 -0600] "GET /wp-content/themes/thesis_182/custom/custom.css HTTP/1.1" 200 457 "http://jasminedragontea.com/hello-nations/" "Mozilla/5.0 (Macintosh; U; Intel Mac OS X 10_5_8; en-us) AppleWebKit/533.21.1 (KHTML, like Gecko) Version/5.0.5 Safari/533.21.1"
50.99.242.245 - - [13/Jan/2013:17:15:31 -0600] "GET /wp-content/themes/thesis_182/custom/layout.css HTTP/1.1" 200 4274 "http://jasminedragontea.com/hello-nations/" "Mozilla/5.0 (Macintosh; U; Intel Mac OS X 10_5_8; en-us) AppleWebKit/533.21.1 (KHTML, like Gecko) Version/5.0.5 Safari/533.21.1"
50.99.242.245 - - [13/Jan/2013:17:15:31 -0600] "GET /wp-content/plugins/contact-form-7/includes/css/styles.css?ver=3.3.2 HTTP/1.1" 200 714 "http://jasminedragontea.com/hello-nations/" "Mozilla/5.0 (Macintosh; U; Intel Mac OS X 10_5_8; en-us) AppleWebKit/533.21.1 (KHTML, like Gecko) Version/5.0.5 Safari/533.21.1"
50.99.242.245 - - [13/Jan/2013:17:15:31 -0600] "GET /wp-includes/js/comment-reply.min.js?ver=3.5 HTTP/1.1" 200 746 "http://jasminedragontea.com/hello-nations/" "Mozilla/5.0 (Macintosh; U; Intel Mac OS X 10_5_8; en-us) AppleWebKit/533.21.1 (KHTML, like Gecko) Version/5.0.5 Safari/533.21.1"
50.99.242.245 - - [13/Jan/2013:17:15:31 -0600] "GET /wp-includes/js/jquery/jquery.js?ver=1.8.3 HTTP/1.1" 200 33782 "http://jasminedragontea.com/hello-nations/" "Mozilla/5.0 (Macintosh; U; Intel Mac OS X 10_5_8; en-us) AppleWebKit/533.21.1 (KHTML, like Gecko) Version/5.0.5 Safari/533.21.1"
50.99.242.245 - - [13/Jan/2013:17:15:32 -0600] "GET /wp-content/plugins/contact-form-7/includes/js/scripts.js?ver=3.3.2 HTTP/1.1" 200 2139 "http://jasminedragontea.com/hello-nations/" "Mozilla/5.0 (Macintosh; U; Intel Mac OS X 10_5_8; en-us) AppleWebKit/533.21.1 (KHTML, like Gecko) Version/5.0.5 Safari/533.21.1"
50.99.242.245 - - [13/Jan/2013:17:15:32 -0600] "GET /wp-content/plugins/contact-form-7/includes/js/jquery.form.min.js?ver=3.23 HTTP/1.1" 200 6143 "http://jasminedragontea.com/hello-nations/" "Mozilla/5.0 (Macintosh; U; Intel Mac OS X 10_5_8; en-us) AppleWebKit/533.21.1 (KHTML, like Gecko) Version/5.0.5 Safari/533.21.1"
50.99.242.245 - - [13/Jan/2013:17:15:32 -0600] "GET /wp-content/themes/thesis_182/lib/images/icon-rss.gif HTTP/1.1" 200 1241 "http://jasminedragontea.com/hello-nations/" "Mozilla/5.0 (Macintosh; U; Intel Mac OS X 10_5_8; en-us) AppleWebKit/533.21.1 (KHTML, like Gecko) Version/5.0.5 Safari/533.21.1"
50.99.242.245 - - [13/Jan/2013:17:15:32 -0600] "GET /wp-content/uploads/2011/12/jdt51.png HTTP/1.1" 200 28465 "http://jasminedragontea.com/hello-nations/" "Mozilla/5.0 (Macintosh; U; Intel Mac OS X 10_5_8; en-us) AppleWebKit/533.21.1 (KHTML, like Gecko) Version/5.0.5 Safari/533.21.1"
50.99.242.245 - - [13/Jan/2013:17:15:36 -0600] "GET /wp-content/themes/thesis_182/lib/images/dot-ddd.gif HTTP/1.1" 200 321 "http://jasminedragontea.com/hello-nations/" "Mozilla/5.0 (Macintosh; U; Intel Mac OS X 10_5_8; en-us) AppleWebKit/533.21.1 (KHTML, like Gecko) Version/5.0.5 Safari/533.21.1"
50.99.242.245 - - [13/Jan/2013:17:15:36 -0600] "GET /wp-content/themes/thesis_182/custom/rotator/54676138_2a43bbdf2a.jpg HTTP/1.1" 200 178134 "http://jasminedragontea.com/hello-nations/" "Mozilla/5.0 (Macintosh; U; Intel Mac OS X 10_5_8; en-us) AppleWebKit/533.21.1 (KHTML, like Gecko) Version/5.0.5 Safari/533.21.1"
50.99.242.245 - - [13/Jan/2013:17:15:40 -0600] "GET /favicon.ico HTTP/1.1" 200 186 "http://jasminedragontea.com/hello-nations/" "Mozilla/5.0 (Macintosh; U; Intel Mac OS X 10_5_8; en-us) AppleWebKit/533.21.1 (KHTML, like Gecko) Version/5.0.5 Safari/533.21.1"
176.9.51.196 - - [13/Jan/2013:17:31:33 -0600] "GET /robots.txt HTTP/1.1" 200 325 "-" "Mozilla/5.0 (compatible; SISTRIX Crawler; http://crawler.sistrix.net/)"
176.9.51.196 - - [13/Jan/2013:17:31:34 -0600] "GET / HTTP/1.1" 200 14153 "-" "Mozilla/5.0 (compatible; SISTRIX Crawler; http://crawler.sistrix.net/)"
176.9.51.196 - - [13/Jan/2013:17:31:35 -0600] "GET /about/ HTTP/1.1" 200 5882 "-" "Mozilla/5.0 (compatible; SISTRIX Crawler; http://crawler.sistrix.net/)"
176.9.51.196 - - [13/Jan/2013:17:31:36 -0600] "GET /contact-us/ HTTP/1.1" 200 7077 "-" "Mozilla/5.0 (compatible; SISTRIX Crawler; http://crawler.sistrix.net/)"
176.9.51.196 - - [13/Jan/2013:17:31:37 -0600] "GET /feed/ HTTP/1.1" 200 11624 "-" "Mozilla/5.0 (compatible; SISTRIX Crawler; http://crawler.sistrix.net/)"
176.9.51.196 - - [13/Jan/2013:17:31:38 -0600] "GET /yerba-mate/ HTTP/1.1" 200 7443 "-" "Mozilla/5.0 (compatible; SISTRIX Crawler; http://crawler.sistrix.net/)"
176.9.51.196 - - [13/Jan/2013:17:31:39 -0600] "GET /yellow-tea/ HTTP/1.1" 200 7440 "-" "Mozilla/5.0 (compatible; SISTRIX Crawler; http://crawler.sistrix.net/)"
176.9.51.196 - - [13/Jan/2013:17:31:40 -0600] "GET /camellia-sinensis-the-tea-plant/ HTTP/1.1" 200 7674 "-" "Mozilla/5.0 (compatible; SISTRIX Crawler; http://crawler.sistrix.net/)"
176.9.51.196 - - [13/Jan/2013:17:31:41 -0600] "GET /the-book-of-tea/ HTTP/1.1" 200 6924 "-" "Mozilla/5.0 (compatible; SISTRIX Crawler; http://crawler.sistrix.net/)"
176.9.51.196 - - [13/Jan/2013:17:31:41 -0600] "GET /hello-nations/ HTTP/1.1" 200 7000 "-" "Mozilla/5.0 (compatible; SISTRIX Crawler; http://crawler.sistrix.net/)"
123.125.71.98 - - [13/Jan/2013:17:38:35 -0600] "GET / HTTP/1.1" 200 14117 "-" "Mozilla/5.0 (compatible; Baiduspider/2.0; +http://www.baidu.com/search/spider.html)"
220.181.108.155 - - [13/Jan/2013:17:39:26 -0600] "GET / HTTP/1.1" 200 14117 "-" "Mozilla/5.0 (compatible; Baiduspider/2.0; +http://www.baidu.com/search/spider.html)"
91.121.156.62 - - [13/Jan/2013:17:40:17 -0600] "POST /wp-login.php HTTP/1.0" 200 3612 "http://jasminedragontea.com/wp-login.php" "Opera/9.80 (Windows NT 6.1; U; ru) Presto/2.8.131 Version/11.10"
123.125.71.76 - - [13/Jan/2013:18:39:38 -0600] "GET / HTTP/1.1" 200 14117 "-" "Mozilla/5.0 (compatible; Baiduspider/2.0; +http://www.baidu.com/search/spider.html)"
220.181.108.171 - - [13/Jan/2013:18:40:33 -0600] "GET / HTTP/1.1" 200 14117 "-" "Mozilla/5.0 (compatible; Baiduspider/2.0; +http://www.baidu.com/search/spider.html)"
106.187.97.211 - - [14/Jan/2013:00:43:32 -0600] "POST /wp-cron.php?doing_wp_cron=1358145811.7402091026306152343750 HTTP/1.0" 200 203 "-" "WordPress/3.5; http://jasminedragontea.com"
180.76.6.36 - - [14/Jan/2013:00:43:29 -0600] "GET /camellia-sinensis-the-tea-plant/ HTTP/1.1" 200 3022 "-" "Mozilla/5.0 (compatible; Baiduspider/2.0; +http://www.baidu.com/search/spider.html)"
123.125.71.103 - - [14/Jan/2013:01:38:41 -0600] "GET / HTTP/1.1" 200 14117 "-" "Mozilla/5.0 (compatible; Baiduspider/2.0; +http://www.baidu.com/search/spider.html)"
220.181.108.149 - - [14/Jan/2013:01:39:35 -0600] "GET / HTTP/1.1" 200 14117 "-" "Mozilla/5.0 (compatible; Baiduspider/2.0; +http://www.baidu.com/search/spider.html)"
178.154.163.29 - - [14/Jan/2013:01:42:00 -0600] "GET /robots.txt HTTP/1.1" 200 325 "-" "Mozilla/5.0 (compatible; YandexBot/3.0; +http://yandex.com/bots)"
173.45.73.18 - - [14/Jan/2013:01:47:21 -0600] "GET / HTTP/1.1" 200 4958 "-" "Mozilla/5.0 (Windows NT 6.1; rv:16.0) Gecko/20100101 Firefox/16.0"
5.39.86.162 - - [14/Jan/2013:01:49:29 -0600] "POST /wp-login.php HTTP/1.0" 200 3612 "http://jasminedragontea.com/wp-login.php" "Opera/9.80 (Windows NT 6.1; U; ru) Presto/2.8.131 Version/11.10"
5.135.185.89 - - [14/Jan/2013:01:49:29 -0600] "POST /wp-login.php HTTP/1.0" 200 3612 "http://jasminedragontea.com/wp-login.php" "Opera/9.80 (Windows NT 6.1; U; ru) Presto/2.8.131 Version/11.10"
5.135.182.147 - - [14/Jan/2013:01:49:30 -0600] "POST /wp-login.php HTTP/1.0" 200 3612 "http://jasminedragontea.com/wp-login.php" "Opera/9.80 (Windows NT 6.1; U; ru) Presto/2.8.131 Version/11.10"
91.121.9.21 - - [14/Jan/2013:01:49:30 -0600] "POST /wp-login.php HTTP/1.0" 200 3612 "http://jasminedragontea.com/wp-login.php" "Opera/9.80 (Windows NT 6.1; U; ru) Presto/2.8.131 Version/11.10"
157.55.32.87 - - [14/Jan/2013:02:57:39 -0600] "GET /robots.txt HTTP/1.1" 200 325 "-" "Mozilla/5.0 (compatible; bingbot/2.0; +http://www.bing.com/bingbot.htm)"
157.55.32.87 - - [14/Jan/2013:03:07:29 -0600] "GET / HTTP/1.1" 200 5014 "-" "Mozilla/5.0 (compatible; bingbot/2.0; +http://www.bing.com/bingbot.htm)"
106.187.97.211 - - [14/Jan/2013:03:07:30 -0600] "POST /wp-cron.php?doing_wp_cron=1358154449.7349350452423095703125 HTTP/1.0" 200 203 "-" "WordPress/3.5; http://jasminedragontea.com"
157.55.32.87 - - [14/Jan/2013:03:42:01 -0600] "GET /robots.txt HTTP/1.1" 200 325 "-" "Mozilla/5.0 (compatible; bingbot/2.0; +http://www.bing.com/bingbot.htm)"
157.55.33.125 - - [14/Jan/2013:03:46:01 -0600] "GET /about/ HTTP/1.1" 200 2205 "-" "Mozilla/5.0 (compatible; bingbot/2.0; +http://www.bing.com/bingbot.htm)"
157.55.32.87 - - [14/Jan/2013:04:07:44 -0600] "GET / HTTP/1.1" 200 5015 "-" "Mozilla/5.0 (compatible; bingbot/2.0; +http://www.bing.com/bingbot.htm)"
157.55.32.87 - - [14/Jan/2013:04:08:24 -0600] "GET / HTTP/1.1" 200 5014 "-" "Mozilla/5.0 (compatible; bingbot/2.0; +http://www.bing.com/bingbot.htm)"
157.55.32.87 - - [14/Jan/2013:04:14:39 -0600] "GET / HTTP/1.1" 200 5014 "-" "Mozilla/5.0 (compatible; bingbot/2.0; +http://www.bing.com/bingbot.htm)"
157.55.32.87 - - [14/Jan/2013:04:14:47 -0600] "GET / HTTP/1.1" 200 5015 "-" "Mozilla/5.0 (compatible; bingbot/2.0; +http://www.bing.com/bingbot.htm)"
46.11.79.5 - - [14/Jan/2013:04:27:04 -0600] "GET / HTTP/1.1" 200 5015 "https://www.google.com.mt/" "Mozilla/5.0 (Windows NT 6.1) AppleWebKit/537.17 (KHTML, like Gecko) Chrome/24.0.1312.52 Safari/537.17"
46.11.79.5 - - [14/Jan/2013:04:27:05 -0600] "GET /wp-content/themes/thesis_182/style.css HTTP/1.1" 200 4189 "http://jasminedragontea.com/" "Mozilla/5.0 (Windows NT 6.1) AppleWebKit/537.17 (KHTML, like Gecko) Chrome/24.0.1312.52 Safari/537.17"
46.11.79.5 - - [14/Jan/2013:04:27:05 -0600] "GET /wp-content/themes/thesis_182/custom/layout.css HTTP/1.1" 200 4274 "http://jasminedragontea.com/" "Mozilla/5.0 (Windows NT 6.1) AppleWebKit/537.17 (KHTML, like Gecko) Chrome/24.0.1312.52 Safari/537.17"
46.11.79.5 - - [14/Jan/2013:04:27:06 -0600] "GET /wp-content/themes/thesis_182/custom/custom.css HTTP/1.1" 200 457 "http://jasminedragontea.com/" "Mozilla/5.0 (Windows NT 6.1) AppleWebKit/537.17 (KHTML, like Gecko) Chrome/24.0.1312.52 Safari/537.17"
46.11.79.5 - - [14/Jan/2013:04:27:06 -0600] "GET /wp-content/plugins/contact-form-7/includes/css/styles.css?ver=3.3.2 HTTP/1.1" 200 714 "http://jasminedragontea.com/" "Mozilla/5.0 (Windows NT 6.1) AppleWebKit/537.17 (KHTML, like Gecko) Chrome/24.0.1312.52 Safari/537.17"
46.11.79.5 - - [14/Jan/2013:04:27:06 -0600] "GET /wp-content/plugins/contact-form-7/includes/js/scripts.js?ver=3.3.2 HTTP/1.1" 200 2140 "http://jasminedragontea.com/" "Mozilla/5.0 (Windows NT 6.1) AppleWebKit/537.17 (KHTML, like Gecko) Chrome/24.0.1312.52 Safari/537.17"
46.11.79.5 - - [14/Jan/2013:04:27:06 -0600] "GET /wp-content/plugins/contact-form-7/includes/js/jquery.form.min.js?ver=3.23 HTTP/1.1" 200 6144 "http://jasminedragontea.com/" "Mozilla/5.0 (Windows NT 6.1) AppleWebKit/537.17 (KHTML, like Gecko) Chrome/24.0.1312.52 Safari/537.17"
46.11.79.5 - - [14/Jan/2013:04:27:06 -0600] "GET /wp-includes/js/jquery/jquery.js?ver=1.8.3 HTTP/1.1" 200 33782 "http://jasminedragontea.com/" "Mozilla/5.0 (Windows NT 6.1) AppleWebKit/537.17 (KHTML, like Gecko) Chrome/24.0.1312.52 Safari/537.17"
46.11.79.5 - - [14/Jan/2013:04:27:06 -0600] "GET /wp-content/themes/thesis_182/lib/images/icon-rss.gif HTTP/1.1" 200 1241 "http://jasminedragontea.com/" "Mozilla/5.0 (Windows NT 6.1) AppleWebKit/537.17 (KHTML, like Gecko) Chrome/24.0.1312.52 Safari/537.17"
46.11.79.5 - - [14/Jan/2013:04:27:07 -0600] "GET /wp-content/themes/thesis_182/lib/images/dot-ddd.gif HTTP/1.1" 200 321 "http://jasminedragontea.com/" "Mozilla/5.0 (Windows NT 6.1) AppleWebKit/537.17 (KHTML, like Gecko) Chrome/24.0.1312.52 Safari/537.17"
46.11.79.5 - - [14/Jan/2013:04:27:06 -0600] "GET /wp-content/uploads/2011/12/jdt51.png HTTP/1.1" 200 28465 "http://jasminedragontea.com/" "Mozilla/5.0 (Windows NT 6.1) AppleWebKit/537.17 (KHTML, like Gecko) Chrome/24.0.1312.52 Safari/537.17"
46.11.79.5 - - [14/Jan/2013:04:27:07 -0600] "GET /wp-includes/images/smilies/icon_wink.gif HTTP/1.1" 200 443 "http://jasminedragontea.com/" "Mozilla/5.0 (Windows NT 6.1) AppleWebKit/537.17 (KHTML, like Gecko) Chrome/24.0.1312.52 Safari/537.17"
46.11.79.5 - - [14/Jan/2013:04:27:07 -0600] "GET /wp-content/themes/thesis_182/custom/rotator/54810053_4787fa7f3a.jpg HTTP/1.1" 200 141407 "http://jasminedragontea.com/" "Mozilla/5.0 (Windows NT 6.1) AppleWebKit/537.17 (KHTML, like Gecko) Chrome/24.0.1312.52 Safari/537.17"
46.11.79.5 - - [14/Jan/2013:04:27:08 -0600] "GET /favicon.ico HTTP/1.1" 200 186 "-" "Mozilla/5.0 (Windows NT 6.1) AppleWebKit/537.17 (KHTML, like Gecko) Chrome/24.0.1312.52 Safari/537.17"
123.125.71.90 - - [14/Jan/2013:06:39:35 -0600] "GET / HTTP/1.1" 200 14117 "-" "Mozilla/5.0 (compatible; Baiduspider/2.0; +http://www.baidu.com/search/spider.html)"
220.181.108.181 - - [14/Jan/2013:06:40:30 -0600] "GET / HTTP/1.1" 200 14117 "-" "Mozilla/5.0 (compatible; Baiduspider/2.0; +http://www.baidu.com/search/spider.html)"
123.125.71.88 - - [14/Jan/2013:07:40:12 -0600] "GET / HTTP/1.1" 200 14117 "-" "Mozilla/5.0 (compatible; Baiduspider/2.0; +http://www.baidu.com/search/spider.html)"
220.181.108.141 - - [14/Jan/2013:07:41:07 -0600] "GET / HTTP/1.1" 200 14117 "-" "Mozilla/5.0 (compatible; Baiduspider/2.0; +http://www.baidu.com/search/spider.html)"
123.125.71.88 - - [14/Jan/2013:08:39:09 -0600] "GET / HTTP/1.1" 200 14117 "-" "Mozilla/5.0 (compatible; Baiduspider/2.0; +http://www.baidu.com/search/spider.html)"
220.181.108.171 - - [14/Jan/2013:08:40:01 -0600] "GET / HTTP/1.1" 200 14117 "-" "Mozilla/5.0 (compatible; Baiduspider/2.0; +http://www.baidu.com/search/spider.html)"
178.154.163.29 - - [14/Jan/2013:08:46:40 -0600] "GET / HTTP/1.1" 200 5015 "-" "Mozilla/5.0 (compatible; YandexBot/3.0; +http://yandex.com/bots)"
123.125.71.107 - - [14/Jan/2013:09:26:37 -0600] "GET /robots.txt HTTP/1.1" 200 311 "-" "Mozilla/5.0 (Windows NT 5.1; rv:6.0.2) Gecko/20100101 Firefox/6.0.2"
123.125.71.91 - - [14/Jan/2013:09:39:27 -0600] "GET / HTTP/1.1" 200 14117 "-" "Mozilla/5.0 (compatible; Baiduspider/2.0; +http://www.baidu.com/search/spider.html)"
220.181.108.183 - - [14/Jan/2013:09:40:21 -0600] "GET / HTTP/1.1" 200 14117 "-" "Mozilla/5.0 (compatible; Baiduspider/2.0; +http://www.baidu.com/search/spider.html)"
93.182.156.7 - - [14/Jan/2013:09:41:31 -0600] "GET /yerba-mate/ HTTP/1.0" 200 7406 "http://jasminedragontea.com/yerba-mate/" "Mozilla/4.0 (compatible; MSIE 7.0; Windows NT 5.1; .NET CLR 1.1.4322; .NET CLR 2.0.50727; .NET CLR 3.0.04506.30)"
123.125.71.89 - - [14/Jan/2013:11:47:56 -0600] "GET / HTTP/1.1" 200 14117 "-" "Mozilla/5.0 (compatible; Baiduspider/2.0; +http://www.baidu.com/search/spider.html)"
220.181.108.171 - - [14/Jan/2013:11:48:48 -0600] "GET / HTTP/1.1" 200 14117 "-" "Mozilla/5.0 (compatible; Baiduspider/2.0; +http://www.baidu.com/search/spider.html)"
123.125.71.78 - - [14/Jan/2013:12:41:17 -0600] "GET / HTTP/1.1" 200 14117 "-" "Mozilla/5.0 (compatible; Baiduspider/2.0; +http://www.baidu.com/search/spider.html)"
220.181.108.166 - - [14/Jan/2013:12:42:10 -0600] "GET / HTTP/1.1" 200 14117 "-" "Mozilla/5.0 (compatible; Baiduspider/2.0; +http://www.baidu.com/search/spider.html)"
123.125.71.72 - - [14/Jan/2013:13:39:48 -0600] "GET / HTTP/1.1" 200 14117 "-" "Mozilla/5.0 (compatible; Baiduspider/2.0; +http://www.baidu.com/search/spider.html)"
220.181.108.176 - - [14/Jan/2013:13:40:42 -0600] "GET / HTTP/1.1" 200 14117 "-" "Mozilla/5.0 (compatible; Baiduspider/2.0; +http://www.baidu.com/search/spider.html)"
180.76.5.103 - - [14/Jan/2013:13:41:09 -0600] "GET /contact-us/ HTTP/1.1" 200 2449 "-" "Mozilla/5.0 (compatible; Baiduspider/2.0; +http://www.baidu.com/search/spider.html)"
178.154.163.29 - - [14/Jan/2013:13:51:56 -0600] "GET /robots.txt HTTP/1.1" 200 325 "-" "Mozilla/5.0 (compatible; YandexBot/3.0; +http://yandex.com/bots)"
123.125.71.76 - - [14/Jan/2013:15:39:00 -0600] "GET / HTTP/1.1" 200 14117 "-" "Mozilla/5.0 (compatible; Baiduspider/2.0; +http://www.baidu.com/search/spider.html)"
106.187.97.211 - - [14/Jan/2013:15:39:01 -0600] "POST /wp-cron.php?doing_wp_cron=1358199540.7391729354858398437500 HTTP/1.0" 200 203 "-" "WordPress/3.5; http://jasminedragontea.com"
220.181.108.147 - - [14/Jan/2013:15:39:52 -0600] "GET / HTTP/1.1" 200 14117 "-" "Mozilla/5.0 (compatible; Baiduspider/2.0; +http://www.baidu.com/search/spider.html)"
157.55.33.125 - - [14/Jan/2013:16:43:13 -0600] "GET /robots.txt HTTP/1.1" 200 325 "-" "Mozilla/5.0 (compatible; bingbot/2.0; +http://www.bing.com/bingbot.htm)"
157.55.33.125 - - [14/Jan/2013:16:45:16 -0600] "GET /yellow-tea/ HTTP/1.1" 200 2910 "-" "Mozilla/5.0 (compatible; bingbot/2.0; +http://www.bing.com/bingbot.htm)"
157.55.32.87 - - [14/Jan/2013:17:09:38 -0600] "GET / HTTP/1.1" 200 5014 "-" "Mozilla/5.0 (compatible; bingbot/2.0; +http://www.bing.com/bingbot.htm)"
91.121.97.145 - - [14/Jan/2013:17:50:21 -0600] "POST /wp-login.php HTTP/1.0" 200 3612 "http://jasminedragontea.com/wp-login.php" "Opera/9.80 (Windows NT 6.1; U; ru) Presto/2.8.131 Version/11.10"
91.121.26.97 - - [14/Jan/2013:17:50:21 -0600] "POST /wp-login.php HTTP/1.0" 200 3612 "http://jasminedragontea.com/wp-login.php" "Opera/9.80 (Windows NT 6.1; U; ru) Presto/2.8.131 Version/11.10"
92.66.127.86 - - [14/Jan/2013:18:24:53 -0600] "HEAD / HTTP/1.1" 200 135 "-" "curl/7.21.4 (universal-apple-darwin11.0) libcurl/7.21.4 OpenSSL/0.9.8r zlib/1.2.5"
92.66.127.86 - - [14/Jan/2013:18:24:57 -0600] "GET / HTTP/1.1" 200 14098 "-" "curl/7.21.4 (universal-apple-darwin11.0) libcurl/7.21.4 OpenSSL/0.9.8r zlib/1.2.5"
92.66.127.86 - - [14/Jan/2013:18:27:27 -0600] "GET / HTTP/1.1" 200 14098 "-" "curl/7.21.4 (universal-apple-darwin11.0) libcurl/7.21.4 OpenSSL/0.9.8r zlib/1.2.5"
92.66.127.86 - - [14/Jan/2013:18:45:53 -0600] "GET / HTTP/1.1" 200 14098 "-" "curl/7.21.4 (universal-apple-darwin11.0) libcurl/7.21.4 OpenSSL/0.9.8r zlib/1.2.5"
123.125.71.73 - - [14/Jan/2013:19:41:47 -0600] "GET / HTTP/1.1" 200 14117 "-" "Mozilla/5.0 (compatible; Baiduspider/2.0; +http://www.baidu.com/search/spider.html)"
220.181.108.170 - - [14/Jan/2013:19:42:40 -0600] "GET / HTTP/1.1" 200 14117 "-" "Mozilla/5.0 (compatible; Baiduspider/2.0; +http://www.baidu.com/search/spider.html)"
178.154.163.29 - - [14/Jan/2013:21:18:13 -0600] "GET /sitemap.xml.gz HTTP/1.1" 404 2302 "-" "Mozilla/5.0 (compatible; YandexBot/3.0; +http://yandex.com/bots)"
123.125.71.110 - - [14/Jan/2013:21:38:22 -0600] "GET / HTTP/1.1" 200 14117 "-" "Mozilla/5.0 (compatible; Baiduspider/2.0; +http://www.baidu.com/search/spider.html)"
220.181.108.139 - - [14/Jan/2013:21:39:13 -0600] "GET / HTTP/1.1" 200 14117 "-" "Mozilla/5.0 (compatible; Baiduspider/2.0; +http://www.baidu.com/search/spider.html)"
178.154.163.29 - - [14/Jan/2013:22:12:37 -0600] "GET /camellia-sinensis-the-tea-plant/ HTTP/1.1" 200 3031 "-" "Mozilla/5.0 (compatible; YandexBot/3.0; +http://yandex.com/bots)"
157.55.33.125 - - [14/Jan/2013:22:50:57 -0600] "GET /robots.txt HTTP/1.1" 200 325 "-" "Mozilla/5.0 (compatible; bingbot/2.0; +http://www.bing.com/bingbot.htm)"
157.55.33.125 - - [14/Jan/2013:22:53:00 -0600] "GET /about/ HTTP/1.1" 200 2205 "-" "Mozilla/5.0 (compatible; bingbot/2.0; +http://www.bing.com/bingbot.htm)"
106.187.97.211 - - [15/Jan/2013:00:39:59 -0600] "POST /wp-cron.php?doing_wp_cron=1358231998.7468340396881103515625 HTTP/1.0" 200 203 "-" "WordPress/3.5; http://jasminedragontea.com"
123.125.71.94 - - [15/Jan/2013:00:39:58 -0600] "GET / HTTP/1.1" 200 14117 "-" "Mozilla/5.0 (compatible; Baiduspider/2.0; +http://www.baidu.com/search/spider.html)"
220.181.108.178 - - [15/Jan/2013:00:40:51 -0600] "GET / HTTP/1.1" 200 14117 "-" "Mozilla/5.0 (compatible; Baiduspider/2.0; +http://www.baidu.com/search/spider.html)"
123.125.71.69 - - [15/Jan/2013:01:39:21 -0600] "GET / HTTP/1.1" 200 14117 "-" "Mozilla/5.0 (compatible; Baiduspider/2.0; +http://www.baidu.com/search/spider.html)"
220.181.108.145 - - [15/Jan/2013:01:40:15 -0600] "GET / HTTP/1.1" 200 14117 "-" "Mozilla/5.0 (compatible; Baiduspider/2.0; +http://www.baidu.com/search/spider.html)"
65.55.213.246 - - [15/Jan/2013:01:48:59 -0600] "GET /robots.txt HTTP/1.1" 200 311 "-" "msnbot/2.0b (+http://search.msn.com/msnbot.htm)"
65.55.213.246 - - [15/Jan/2013:01:49:00 -0600] "GET /sitemap.xml.gz HTTP/1.1" 404 2265 "-" "msnbot/2.0b (+http://search.msn.com/msnbot.htm)"
123.125.71.111 - - [15/Jan/2013:02:31:11 -0600] "GET /robots.txt HTTP/1.1" 200 311 "-" "Mozilla/5.0 (Windows NT 5.1; rv:6.0.2) Gecko/20100101 Firefox/6.0.2"
123.125.71.89 - - [15/Jan/2013:02:39:50 -0600] "GET / HTTP/1.1" 200 14117 "-" "Mozilla/5.0 (compatible; Baiduspider/2.0; +http://www.baidu.com/search/spider.html)"
220.181.108.151 - - [15/Jan/2013:02:40:44 -0600] "GET / HTTP/1.1" 200 14117 "-" "Mozilla/5.0 (compatible; Baiduspider/2.0; +http://www.baidu.com/search/spider.html)"
92.66.127.86 - - [15/Jan/2013:04:32:45 -0600] "GET / HTTP/1.1" 200 14098 "-" "curl/7.21.4 (universal-apple-darwin11.0) libcurl/7.21.4 OpenSSL/0.9.8r zlib/1.2.5"
106.187.97.211 - - [15/Jan/2013:04:32:47 -0600] "POST /wp-cron.php?doing_wp_cron=1358245967.3032538890838623046875 HTTP/1.0" 200 203 "-" "WordPress/3.5; http://jasminedragontea.com"
92.66.127.86 - - [15/Jan/2013:04:37:16 -0600] "GET / HTTP/1.1" 200 5014 "-" "Mozilla/5.0 (Macintosh; Intel Mac OS X 10.7; rv:18.0) Gecko/20100101 Firefox/18.0"
92.66.127.86 - - [15/Jan/2013:04:37:17 -0600] "GET /wp-content/themes/thesis_182/style.css HTTP/1.1" 200 4189 "http://jasminedragontea.com/" "Mozilla/5.0 (Macintosh; Intel Mac OS X 10.7; rv:18.0) Gecko/20100101 Firefox/18.0"
92.66.127.86 - - [15/Jan/2013:04:37:17 -0600] "GET /wp-content/themes/thesis_182/custom/layout.css HTTP/1.1" 200 4274 "http://jasminedragontea.com/" "Mozilla/5.0 (Macintosh; Intel Mac OS X 10.7; rv:18.0) Gecko/20100101 Firefox/18.0"
92.66.127.86 - - [15/Jan/2013:04:37:17 -0600] "GET /wp-content/themes/thesis_182/custom/custom.css HTTP/1.1" 200 456 "http://jasminedragontea.com/" "Mozilla/5.0 (Macintosh; Intel Mac OS X 10.7; rv:18.0) Gecko/20100101 Firefox/18.0"
92.66.127.86 - - [15/Jan/2013:04:37:17 -0600] "GET /wp-content/plugins/contact-form-7/includes/css/styles.css?ver=3.3.2 HTTP/1.1" 200 714 "http://jasminedragontea.com/" "Mozilla/5.0 (Macintosh; Intel Mac OS X 10.7; rv:18.0) Gecko/20100101 Firefox/18.0"
92.66.127.86 - - [15/Jan/2013:04:37:17 -0600] "GET /wp-includes/images/smilies/icon_wink.gif HTTP/1.1" 200 444 "http://jasminedragontea.com/" "Mozilla/5.0 (Macintosh; Intel Mac OS X 10.7; rv:18.0) Gecko/20100101 Firefox/18.0"
92.66.127.86 - - [15/Jan/2013:04:37:17 -0600] "GET /wp-content/plugins/contact-form-7/includes/js/scripts.js?ver=3.3.2 HTTP/1.1" 200 2139 "http://jasminedragontea.com/" "Mozilla/5.0 (Macintosh; Intel Mac OS X 10.7; rv:18.0) Gecko/20100101 Firefox/18.0"
92.66.127.86 - - [15/Jan/2013:04:37:17 -0600] "GET /wp-content/plugins/contact-form-7/includes/js/jquery.form.min.js?ver=3.23 HTTP/1.1" 200 6144 "http://jasminedragontea.com/" "Mozilla/5.0 (Macintosh; Intel Mac OS X 10.7; rv:18.0) Gecko/20100101 Firefox/18.0"
92.66.127.86 - - [15/Jan/2013:04:37:17 -0600] "GET /wp-includes/js/jquery/jquery.js?ver=1.8.3 HTTP/1.1" 200 33783 "http://jasminedragontea.com/" "Mozilla/5.0 (Macintosh; Intel Mac OS X 10.7; rv:18.0) Gecko/20100101 Firefox/18.0"
92.66.127.86 - - [15/Jan/2013:04:37:17 -0600] "GET /wp-content/themes/thesis_182/custom/rotator/54676138_2a43bbdf2a.jpg HTTP/1.1" 200 178135 "http://jasminedragontea.com/" "Mozilla/5.0 (Macintosh; Intel Mac OS X 10.7; rv:18.0) Gecko/20100101 Firefox/18.0"
92.66.127.86 - - [15/Jan/2013:04:37:19 -0600] "GET /wp-content/themes/thesis_182/lib/images/dot-ddd.gif HTTP/1.1" 200 321 "http://jasminedragontea.com/wp-content/themes/thesis_182/custom/layout.css" "Mozilla/5.0 (Macintosh; Intel Mac OS X 10.7; rv:18.0) Gecko/20100101 Firefox/18.0"
92.66.127.86 - - [15/Jan/2013:04:37:19 -0600] "GET /wp-content/themes/thesis_182/lib/images/icon-rss.gif HTTP/1.1" 200 1241 "http://jasminedragontea.com/wp-content/themes/thesis_182/style.css" "Mozilla/5.0 (Macintosh; Intel Mac OS X 10.7; rv:18.0) Gecko/20100101 Firefox/18.0"
92.66.127.86 - - [15/Jan/2013:04:37:19 -0600] "GET /wp-content/uploads/2011/12/jdt51.png HTTP/1.1" 200 28465 "http://jasminedragontea.com/wp-content/themes/thesis_182/custom/layout.css" "Mozilla/5.0 (Macintosh; Intel Mac OS X 10.7; rv:18.0) Gecko/20100101 Firefox/18.0"
92.66.127.86 - - [15/Jan/2013:04:37:19 -0600] "GET /favicon.ico HTTP/1.1" 200 186 "-" "Mozilla/5.0 (Macintosh; Intel Mac OS X 10.7; rv:18.0) Gecko/20100101 Firefox/18.0"
92.66.127.86 - - [15/Jan/2013:04:37:25 -0600] "GET /wp-admin HTTP/1.1" 301 508 "-" "Mozilla/5.0 (Macintosh; Intel Mac OS X 10.7; rv:18.0) Gecko/20100101 Firefox/18.0"
92.66.127.86 - - [15/Jan/2013:04:37:26 -0600] "GET /wp-admin/ HTTP/1.1" 302 474 "-" "Mozilla/5.0 (Macintosh; Intel Mac OS X 10.7; rv:18.0) Gecko/20100101 Firefox/18.0"
92.66.127.86 - - [15/Jan/2013:04:37:27 -0600] "GET /wp-login.php?redirect_to=http%3A%2F%2Fjasminedragontea.com%2Fwp-admin%2F&reauth=1 HTTP/1.1" 200 2974 "-" "Mozilla/5.0 (Macintosh; Intel Mac OS X 10.7; rv:18.0) Gecko/20100101 Firefox/18.0"
92.66.127.86 - - [15/Jan/2013:04:37:27 -0600] "GET /wp-admin/css/wp-admin.min.css?ver=3.5 HTTP/1.1" 200 24175 "http://jasminedragontea.com/wp-login.php?redirect_to=http%3A%2F%2Fjasminedragontea.com%2Fwp-admin%2F&reauth=1" "Mozilla/5.0 (Macintosh; Intel Mac OS X 10.7; rv:18.0) Gecko/20100101 Firefox/18.0"
92.66.127.86 - - [15/Jan/2013:04:37:27 -0600] "GET /wp-includes/css/buttons.min.css?ver=3.5 HTTP/1.1" 200 1610 "http://jasminedragontea.com/wp-login.php?redirect_to=http%3A%2F%2Fjasminedragontea.com%2Fwp-admin%2F&reauth=1" "Mozilla/5.0 (Macintosh; Intel Mac OS X 10.7; rv:18.0) Gecko/20100101 Firefox/18.0"
92.66.127.86 - - [15/Jan/2013:04:37:28 -0600] "GET /wp-admin/css/colors-fresh.min.css?ver=3.5 HTTP/1.1" 200 6950 "http://jasminedragontea.com/wp-login.php?redirect_to=http%3A%2F%2Fjasminedragontea.com%2Fwp-admin%2F&reauth=1" "Mozilla/5.0 (Macintosh; Intel Mac OS X 10.7; rv:18.0) Gecko/20100101 Firefox/18.0"
92.66.127.86 - - [15/Jan/2013:04:37:28 -0600] "GET /wp-admin/images/wordpress-logo.png?ver=20120216 HTTP/1.1" 200 2755 "http://jasminedragontea.com/wp-admin/css/wp-admin.min.css?ver=3.5" "Mozilla/5.0 (Macintosh; Intel Mac OS X 10.7; rv:18.0) Gecko/20100101 Firefox/18.0"
92.66.127.86 - - [15/Jan/2013:04:37:34 -0600] "POST /wp-login.php HTTP/1.1" 302 1040 "http://jasminedragontea.com/wp-login.php?redirect_to=http%3A%2F%2Fjasminedragontea.com%2Fwp-admin%2F&reauth=1" "Mozilla/5.0 (Macintosh; Intel Mac OS X 10.7; rv:18.0) Gecko/20100101 Firefox/18.0"
92.66.127.86 - - [15/Jan/2013:04:37:34 -0600] "GET /wp-admin/ HTTP/1.1" 200 13941 "http://jasminedragontea.com/wp-login.php?redirect_to=http%3A%2F%2Fjasminedragontea.com%2Fwp-admin%2F&reauth=1" "Mozilla/5.0 (Macintosh; Intel Mac OS X 10.7; rv:18.0) Gecko/20100101 Firefox/18.0"
92.66.127.86 - - [15/Jan/2013:04:37:38 -0600] "GET /wp-content/themes/thesis_182/lib/css/options.css?ver=3.5 HTTP/1.1" 200 4372 "http://jasminedragontea.com/wp-admin/" "Mozilla/5.0 (Macintosh; Intel Mac OS X 10.7; rv:18.0) Gecko/20100101 Firefox/18.0"
92.66.127.86 - - [15/Jan/2013:04:37:38 -0600] "GET /wp-admin/load-styles.php?c=0&dir=ltr&load=admin-bar,wp-admin,buttons&ver=3.5 HTTP/1.1" 200 27125 "http://jasminedragontea.com/wp-admin/" "Mozilla/5.0 (Macintosh; Intel Mac OS X 10.7; rv:18.0) Gecko/20100101 Firefox/18.0"
92.66.127.86 - - [15/Jan/2013:04:37:38 -0600] "GET /wp-admin/css/colors-fresh.min.css?ver=3.5 HTTP/1.1" 304 195 "http://jasminedragontea.com/wp-admin/" "Mozilla/5.0 (Macintosh; Intel Mac OS X 10.7; rv:18.0) Gecko/20100101 Firefox/18.0"
92.66.127.86 - - [15/Jan/2013:04:37:38 -0600] "GET /wp-admin/load-scripts.php?c=0&load[]=jquery,utils,json2&ver=3.5 HTTP/1.1" 200 35654 "http://jasminedragontea.com/wp-admin/" "Mozilla/5.0 (Macintosh; Intel Mac OS X 10.7; rv:18.0) Gecko/20100101 Firefox/18.0"
92.66.127.86 - - [15/Jan/2013:04:37:38 -0600] "GET /wp-content/themes/thesis_182/lib/scripts/thesis.js?ver=3.5 HTTP/1.1" 200 2253 "http://jasminedragontea.com/wp-admin/" "Mozilla/5.0 (Macintosh; Intel Mac OS X 10.7; rv:18.0) Gecko/20100101 Firefox/18.0"
92.66.127.86 - - [15/Jan/2013:04:37:38 -0600] "GET /wp-includes/js/thickbox/thickbox.css?ver=20121105 HTTP/1.1" 200 1489 "http://jasminedragontea.com/wp-admin/" "Mozilla/5.0 (Macintosh; Intel Mac OS X 10.7; rv:18.0) Gecko/20100101 Firefox/18.0"
92.66.127.86 - - [15/Jan/2013:04:37:38 -0600] "GET /wp-admin/load-styles.php?c=0&dir=ltr&load=media-views&ver=3.5 HTTP/1.1" 200 5059 "http://jasminedragontea.com/wp-admin/" "Mozilla/5.0 (Macintosh; Intel Mac OS X 10.7; rv:18.0) Gecko/20100101 Firefox/18.0"
92.66.127.86 - - [15/Jan/2013:04:37:39 -0600] "GET /wp-content/plugins/contact-form-7/admin/images/menu-icon.png HTTP/1.1" 200 881 "http://jasminedragontea.com/wp-admin/" "Mozilla/5.0 (Macintosh; Intel Mac OS X 10.7; rv:18.0) Gecko/20100101 Firefox/18.0"
92.66.127.86 - - [15/Jan/2013:04:37:39 -0600] "GET /wp-content/themes/thesis_182/lib/images/icon-swatch.png HTTP/1.1" 200 3171 "http://jasminedragontea.com/wp-admin/" "Mozilla/5.0 (Macintosh; Intel Mac OS X 10.7; rv:18.0) Gecko/20100101 Firefox/18.0"
92.66.127.86 - - [15/Jan/2013:04:37:39 -0600] "GET /wp-admin/load-scripts.php?c=0&load[]=admin-bar,jquery-ui-core,jquery-ui-widget,jquery-ui-mouse,jquery-ui-sortable,jquery-ui-tabs,hoverIntent,common,wp-ajax-response,&load[]=jquery-color,wp-lists,quicktags,jquery-query,admin-comments,postbox,dashboard,customize-base,customize-loader,thickbox,plugin-in&load[]=stall,underscore,shortcode,media-upload,backbone,media-models,plupload,plupload-html5,plupload-flash,plupload-silverlight,pluplo&load[]=ad-html4,wp-plupload,media-views,media-editor&ver=3.5 HTTP/1.1" 200 91216 "http://jasminedragontea.com/wp-admin/" "Mozilla/5.0 (Macintosh; Intel Mac OS X 10.7; rv:18.0) Gecko/20100101 Firefox/18.0"
92.66.127.86 - - [15/Jan/2013:04:37:40 -0600] "GET /wp-admin/images/menu-shadow.png HTTP/1.1" 200 361 "http://jasminedragontea.com/wp-admin/css/colors-fresh.min.css?ver=3.5" "Mozilla/5.0 (Macintosh; Intel Mac OS X 10.7; rv:18.0) Gecko/20100101 Firefox/18.0"
92.66.127.86 - - [15/Jan/2013:04:37:40 -0600] "GET /wp-admin/images/arrows.png HTTP/1.1" 200 516 "http://jasminedragontea.com/wp-admin/css/colors-fresh.min.css?ver=3.5" "Mozilla/5.0 (Macintosh; Intel Mac OS X 10.7; rv:18.0) Gecko/20100101 Firefox/18.0"
92.66.127.86 - - [15/Jan/2013:04:37:40 -0600] "GET /wp-admin/images/menu.png?ver=20121105 HTTP/1.1" 200 9441 "http://jasminedragontea.com/wp-admin/css/colors-fresh.min.css?ver=3.5" "Mozilla/5.0 (Macintosh; Intel Mac OS X 10.7; rv:18.0) Gecko/20100101 Firefox/18.0"
92.66.127.86 - - [15/Jan/2013:04:37:40 -0600] "GET /wp-includes/images/admin-bar-sprite.png?d=20120830 HTTP/1.1" 200 2745 "http://jasminedragontea.com/wp-admin/load-styles.php?c=0&dir=ltr&load=admin-bar,wp-admin,buttons&ver=3.5" "Mozilla/5.0 (Macintosh; Intel Mac OS X 10.7; rv:18.0) Gecko/20100101 Firefox/18.0"
92.66.127.86 - - [15/Jan/2013:04:37:40 -0600] "GET /wp-admin/images/icons32.png?ver=20121105 HTTP/1.1" 200 13266 "http://jasminedragontea.com/wp-admin/css/colors-fresh.min.css?ver=3.5" "Mozilla/5.0 (Macintosh; Intel Mac OS X 10.7; rv:18.0) Gecko/20100101 Firefox/18.0"
92.66.127.86 - - [15/Jan/2013:04:37:40 -0600] "GET /wp-includes/js/thickbox/loadingAnimation.gif HTTP/1.1" 200 15515 "http://jasminedragontea.com/wp-admin/" "Mozilla/5.0 (Macintosh; Intel Mac OS X 10.7; rv:18.0) Gecko/20100101 Firefox/18.0"
92.66.127.86 - - [15/Jan/2013:04:37:40 -0600] "GET /wp-admin/admin-ajax.php?action=dashboard-widgets&widget=dashboard_incoming_links HTTP/1.1" 200 708 "http://jasminedragontea.com/wp-admin/" "Mozilla/5.0 (Macintosh; Intel Mac OS X 10.7; rv:18.0) Gecko/20100101 Firefox/18.0"
92.66.127.86 - - [15/Jan/2013:04:37:49 -0600] "GET /wp-admin/themes.php HTTP/1.1" 200 8456 "http://jasminedragontea.com/wp-admin/" "Mozilla/5.0 (Macintosh; Intel Mac OS X 10.7; rv:18.0) Gecko/20100101 Firefox/18.0"
92.66.127.86 - - [15/Jan/2013:04:37:50 -0600] "GET /wp-content/themes/thesis_182/lib/css/options.css?ver=3.5 HTTP/1.1" 304 195 "http://jasminedragontea.com/wp-admin/themes.php" "Mozilla/5.0 (Macintosh; Intel Mac OS X 10.7; rv:18.0) Gecko/20100101 Firefox/18.0"
92.66.127.86 - - [15/Jan/2013:04:37:50 -0600] "GET /wp-admin/load-styles.php?c=0&dir=ltr&load=admin-bar,wp-admin,buttons,wp-pointer&ver=3.5 HTTP/1.1" 200 27720 "http://jasminedragontea.com/wp-admin/themes.php" "Mozilla/5.0 (Macintosh; Intel Mac OS X 10.7; rv:18.0) Gecko/20100101 Firefox/18.0"
92.66.127.86 - - [15/Jan/2013:04:37:50 -0600] "GET /wp-includes/js/thickbox/thickbox.css?ver=20121105 HTTP/1.1" 304 195 "http://jasminedragontea.com/wp-admin/themes.php" "Mozilla/5.0 (Macintosh; Intel Mac OS X 10.7; rv:18.0) Gecko/20100101 Firefox/18.0"
92.66.127.86 - - [15/Jan/2013:04:37:50 -0600] "GET /wp-admin/css/colors-fresh.min.css?ver=3.5 HTTP/1.1" 304 194 "http://jasminedragontea.com/wp-admin/themes.php" "Mozilla/5.0 (Macintosh; Intel Mac OS X 10.7; rv:18.0) Gecko/20100101 Firefox/18.0"
92.66.127.86 - - [15/Jan/2013:04:37:50 -0600] "GET /wp-content/themes/thesis_182/lib/scripts/thesis.js?ver=3.5 HTTP/1.1" 304 195 "http://jasminedragontea.com/wp-admin/themes.php" "Mozilla/5.0 (Macintosh; Intel Mac OS X 10.7; rv:18.0) Gecko/20100101 Firefox/18.0"
92.66.127.86 - - [15/Jan/2013:04:37:50 -0600] "GET /wp-content/themes/thesis_182/screenshot.png HTTP/1.1" 200 78293 "http://jasminedragontea.com/wp-admin/themes.php" "Mozilla/5.0 (Macintosh; Intel Mac OS X 10.7; rv:18.0) Gecko/20100101 Firefox/18.0"
92.66.127.86 - - [15/Jan/2013:04:37:50 -0600] "GET /wp-admin/load-scripts.php?c=0&load[]=admin-bar,jquery-ui-core,jquery-ui-widget,jquery-ui-mouse,jquery-ui-sortable,jquery-ui-tabs,hoverIntent,common,thickbox,theme,cu&load[]=stomize-base,customize-loader,jquery-ui-position,wp-pointer&ver=3.5 HTTP/1.1" 200 31023 "http://jasminedragontea.com/wp-admin/themes.php" "Mozilla/5.0 (Macintosh; Intel Mac OS X 10.7; rv:18.0) Gecko/20100101 Firefox/18.0"
92.66.127.86 - - [15/Jan/2013:04:37:50 -0600] "GET /wp-content/themes/thesis/screenshot.png HTTP/1.1" 200 59858 "http://jasminedragontea.com/wp-admin/themes.php" "Mozilla/5.0 (Macintosh; Intel Mac OS X 10.7; rv:18.0) Gecko/20100101 Firefox/18.0"
92.66.127.86 - - [15/Jan/2013:04:37:56 -0600] "GET /wp-admin/admin.php?page=thesis-options HTTP/1.1" 200 9008 "http://jasminedragontea.com/wp-admin/themes.php" "Mozilla/5.0 (Macintosh; Intel Mac OS X 10.7; rv:18.0) Gecko/20100101 Firefox/18.0"
92.66.127.86 - - [15/Jan/2013:04:37:57 -0600] "GET /wp-content/themes/thesis_182/lib/css/options.css?ver=3.5 HTTP/1.1" 304 194 "http://jasminedragontea.com/wp-admin/admin.php?page=thesis-options" "Mozilla/5.0 (Macintosh; Intel Mac OS X 10.7; rv:18.0) Gecko/20100101 Firefox/18.0"
92.66.127.86 - - [15/Jan/2013:04:37:57 -0600] "GET /wp-admin/css/colors-fresh.min.css?ver=3.5 HTTP/1.1" 304 195 "http://jasminedragontea.com/wp-admin/admin.php?page=thesis-options" "Mozilla/5.0 (Macintosh; Intel Mac OS X 10.7; rv:18.0) Gecko/20100101 Firefox/18.0"
92.66.127.86 - - [15/Jan/2013:04:37:57 -0600] "GET /wp-content/themes/thesis_182/lib/scripts/thesis.js?ver=3.5 HTTP/1.1" 304 194 "http://jasminedragontea.com/wp-admin/admin.php?page=thesis-options" "Mozilla/5.0 (Macintosh; Intel Mac OS X 10.7; rv:18.0) Gecko/20100101 Firefox/18.0"
92.66.127.86 - - [15/Jan/2013:04:37:57 -0600] "GET /wp-admin/load-scripts.php?c=0&load[]=jquery,utils&ver=3.5 HTTP/1.1" 200 34470 "http://jasminedragontea.com/wp-admin/admin.php?page=thesis-options" "Mozilla/5.0 (Macintosh; Intel Mac OS X 10.7; rv:18.0) Gecko/20100101 Firefox/18.0"
92.66.127.86 - - [15/Jan/2013:04:37:57 -0600] "GET /wp-admin/load-scripts.php?c=0&load[]=admin-bar,jquery-ui-core,jquery-ui-widget,jquery-ui-mouse,jquery-ui-sortable,jquery-ui-tabs,hoverIntent,common&ver=3.5 HTTP/1.1" 200 20327 "http://jasminedragontea.com/wp-admin/admin.php?page=thesis-options" "Mozilla/5.0 (Macintosh; Intel Mac OS X 10.7; rv:18.0) Gecko/20100101 Firefox/18.0"
92.66.127.86 - - [15/Jan/2013:04:38:16 -0600] "POST /wp-admin/admin-post.php?action=thesis_options HTTP/1.1" 302 474 "http://jasminedragontea.com/wp-admin/admin.php?page=thesis-options" "Mozilla/5.0 (Macintosh; Intel Mac OS X 10.7; rv:18.0) Gecko/20100101 Firefox/18.0"
92.66.127.86 - - [15/Jan/2013:04:38:16 -0600] "GET /wp-admin/admin.php?page=thesis-options&updated=true HTTP/1.1" 200 8791 "http://jasminedragontea.com/wp-admin/admin.php?page=thesis-options" "Mozilla/5.0 (Macintosh; Intel Mac OS X 10.7; rv:18.0) Gecko/20100101 Firefox/18.0"
92.66.127.86 - - [15/Jan/2013:04:38:17 -0600] "GET /wp-admin/css/colors-fresh.min.css?ver=3.5 HTTP/1.1" 304 195 "http://jasminedragontea.com/wp-admin/admin.php?page=thesis-options&updated=true" "Mozilla/5.0 (Macintosh; Intel Mac OS X 10.7; rv:18.0) Gecko/20100101 Firefox/18.0"
92.66.127.86 - - [15/Jan/2013:04:38:17 -0600] "GET /wp-content/themes/thesis_182/lib/css/options.css?ver=3.5 HTTP/1.1" 304 194 "http://jasminedragontea.com/wp-admin/admin.php?page=thesis-options&updated=true" "Mozilla/5.0 (Macintosh; Intel Mac OS X 10.7; rv:18.0) Gecko/20100101 Firefox/18.0"
92.66.127.86 - - [15/Jan/2013:04:38:17 -0600] "GET /wp-content/themes/thesis_182/lib/scripts/thesis.js?ver=3.5 HTTP/1.1" 304 194 "http://jasminedragontea.com/wp-admin/admin.php?page=thesis-options&updated=true" "Mozilla/5.0 (Macintosh; Intel Mac OS X 10.7; rv:18.0) Gecko/20100101 Firefox/18.0"
92.66.127.86 - - [15/Jan/2013:04:38:37 -0600] "GET / HTTP/1.1" 200 13509 "-" "curl/7.21.4 (universal-apple-darwin11.0) libcurl/7.21.4 OpenSSL/0.9.8r zlib/1.2.5"
92.66.127.86 - - [15/Jan/2013:04:38:51 -0600] "GET / HTTP/1.1" 200 13509 "-" "curl/7.21.4 (universal-apple-darwin11.0) libcurl/7.21.4 OpenSSL/0.9.8r zlib/1.2.5"
92.66.127.86 - - [15/Jan/2013:04:38:58 -0600] "GET / HTTP/1.1" 200 13509 "-" "curl/7.21.4 (universal-apple-darwin11.0) libcurl/7.21.4 OpenSSL/0.9.8r zlib/1.2.5"
123.125.71.74 - - [15/Jan/2013:04:41:18 -0600] "GET / HTTP/1.1" 200 13528 "-" "Mozilla/5.0 (compatible; Baiduspider/2.0; +http://www.baidu.com/search/spider.html)"
220.181.108.155 - - [15/Jan/2013:04:42:11 -0600] "GET / HTTP/1.1" 200 13528 "-" "Mozilla/5.0 (compatible; Baiduspider/2.0; +http://www.baidu.com/search/spider.html)"
