91.224.160.35 - - [23/Dec/2012:02:11:35 -0600] "HEAD /wp-admin/ HTTP/1.0" 302 460 "-" "Mozilla/5.0 (Windows NT 6.1; WOW64) AppleWebKit/535.19 (KHTML, like Gecko) Chrome/18.0.1025.162 Safari/535.19"
91.224.160.35 - - [23/Dec/2012:02:11:41 -0600] "POST /wp-login.php HTTP/1.0" 200 3455 "http://ninjavegan.com/" "Mozilla/5.0 (Windows NT 6.1; WOW64) AppleWebKit/535.19 (KHTML, like Gecko) Chrome/18.0.1025.162 Safari/535.19"
91.224.160.35 - - [23/Dec/2012:02:11:42 -0600] "POST /wp-login.php HTTP/1.0" 200 3455 "http://ninjavegan.com/" "Mozilla/5.0 (Windows NT 6.1; WOW64) AppleWebKit/535.19 (KHTML, like Gecko) Chrome/18.0.1025.162 Safari/535.19"
91.224.160.35 - - [23/Dec/2012:02:11:43 -0600] "POST /wp-login.php HTTP/1.0" 200 3455 "http://ninjavegan.com/" "Mozilla/5.0 (Windows NT 6.1; WOW64) AppleWebKit/535.19 (KHTML, like Gecko) Chrome/18.0.1025.162 Safari/535.19"
91.224.160.35 - - [23/Dec/2012:02:11:43 -0600] "POST /wp-login.php HTTP/1.0" 200 3455 "http://ninjavegan.com/" "Mozilla/5.0 (Windows NT 6.1; WOW64) AppleWebKit/535.19 (KHTML, like Gecko) Chrome/18.0.1025.162 Safari/535.19"
91.224.160.35 - - [23/Dec/2012:02:11:44 -0600] "POST /wp-login.php HTTP/1.0" 200 3455 "http://ninjavegan.com/" "Mozilla/5.0 (Windows NT 6.1; WOW64) AppleWebKit/535.19 (KHTML, like Gecko) Chrome/18.0.1025.162 Safari/535.19"
91.224.160.35 - - [23/Dec/2012:02:11:45 -0600] "POST /wp-login.php HTTP/1.0" 200 3455 "http://ninjavegan.com/" "Mozilla/5.0 (Windows NT 6.1; WOW64) AppleWebKit/535.19 (KHTML, like Gecko) Chrome/18.0.1025.162 Safari/535.19"
91.224.160.35 - - [23/Dec/2012:02:11:46 -0600] "POST /wp-login.php HTTP/1.0" 200 3455 "http://ninjavegan.com/" "Mozilla/5.0 (Windows NT 6.1; WOW64) AppleWebKit/535.19 (KHTML, like Gecko) Chrome/18.0.1025.162 Safari/535.19"
91.224.160.35 - - [23/Dec/2012:02:11:46 -0600] "POST /wp-login.php HTTP/1.0" 200 3455 "http://ninjavegan.com/" "Mozilla/5.0 (Windows NT 6.1; WOW64) AppleWebKit/535.19 (KHTML, like Gecko) Chrome/18.0.1025.162 Safari/535.19"
91.224.160.35 - - [23/Dec/2012:02:11:47 -0600] "POST /wp-login.php HTTP/1.0" 200 3455 "http://ninjavegan.com/" "Mozilla/5.0 (Windows NT 6.1; WOW64) AppleWebKit/535.19 (KHTML, like Gecko) Chrome/18.0.1025.162 Safari/535.19"
91.224.160.35 - - [23/Dec/2012:02:11:48 -0600] "POST /wp-login.php HTTP/1.0" 200 3455 "http://ninjavegan.com/" "Mozilla/5.0 (Windows NT 6.1; WOW64) AppleWebKit/535.19 (KHTML, like Gecko) Chrome/18.0.1025.162 Safari/535.19"
91.224.160.35 - - [23/Dec/2012:02:11:49 -0600] "POST /wp-login.php HTTP/1.0" 200 3455 "http://ninjavegan.com/" "Mozilla/5.0 (Windows NT 6.1; WOW64) AppleWebKit/535.19 (KHTML, like Gecko) Chrome/18.0.1025.162 Safari/535.19"
91.224.160.35 - - [23/Dec/2012:02:11:49 -0600] "POST /wp-login.php HTTP/1.0" 200 3455 "http://ninjavegan.com/" "Mozilla/5.0 (Windows NT 6.1; WOW64) AppleWebKit/535.19 (KHTML, like Gecko) Chrome/18.0.1025.162 Safari/535.19"
91.224.160.35 - - [23/Dec/2012:02:11:50 -0600] "POST /wp-login.php HTTP/1.0" 200 3455 "http://ninjavegan.com/" "Mozilla/5.0 (Windows NT 6.1; WOW64) AppleWebKit/535.19 (KHTML, like Gecko) Chrome/18.0.1025.162 Safari/535.19"
91.224.160.35 - - [23/Dec/2012:02:11:51 -0600] "POST /wp-login.php HTTP/1.0" 200 3455 "http://ninjavegan.com/" "Mozilla/5.0 (Windows NT 6.1; WOW64) AppleWebKit/535.19 (KHTML, like Gecko) Chrome/18.0.1025.162 Safari/535.19"
91.224.160.35 - - [23/Dec/2012:02:11:52 -0600] "POST /wp-login.php HTTP/1.0" 200 3455 "http://ninjavegan.com/" "Mozilla/5.0 (Windows NT 6.1; WOW64) AppleWebKit/535.19 (KHTML, like Gecko) Chrome/18.0.1025.162 Safari/535.19"
91.224.160.35 - - [23/Dec/2012:02:11:52 -0600] "POST /wp-login.php HTTP/1.0" 200 3455 "http://ninjavegan.com/" "Mozilla/5.0 (Windows NT 6.1; WOW64) AppleWebKit/535.19 (KHTML, like Gecko) Chrome/18.0.1025.162 Safari/535.19"
91.224.160.35 - - [23/Dec/2012:02:11:53 -0600] "POST /wp-login.php HTTP/1.0" 200 3455 "http://ninjavegan.com/" "Mozilla/5.0 (Windows NT 6.1; WOW64) AppleWebKit/535.19 (KHTML, like Gecko) Chrome/18.0.1025.162 Safari/535.19"
91.224.160.35 - - [23/Dec/2012:02:11:54 -0600] "POST /wp-login.php HTTP/1.0" 200 3455 "http://ninjavegan.com/" "Mozilla/5.0 (Windows NT 6.1; WOW64) AppleWebKit/535.19 (KHTML, like Gecko) Chrome/18.0.1025.162 Safari/535.19"
91.224.160.35 - - [23/Dec/2012:02:11:55 -0600] "POST /wp-login.php HTTP/1.0" 200 3455 "http://ninjavegan.com/" "Mozilla/5.0 (Windows NT 6.1; WOW64) AppleWebKit/535.19 (KHTML, like Gecko) Chrome/18.0.1025.162 Safari/535.19"
91.224.160.35 - - [23/Dec/2012:02:11:55 -0600] "POST /wp-login.php HTTP/1.0" 200 3455 "http://ninjavegan.com/" "Mozilla/5.0 (Windows NT 6.1; WOW64) AppleWebKit/535.19 (KHTML, like Gecko) Chrome/18.0.1025.162 Safari/535.19"
91.224.160.35 - - [23/Dec/2012:02:11:56 -0600] "POST /wp-login.php HTTP/1.0" 200 3455 "http://ninjavegan.com/" "Mozilla/5.0 (Windows NT 6.1; WOW64) AppleWebKit/535.19 (KHTML, like Gecko) Chrome/18.0.1025.162 Safari/535.19"
91.224.160.35 - - [23/Dec/2012:02:11:57 -0600] "POST /wp-login.php HTTP/1.0" 200 3455 "http://ninjavegan.com/" "Mozilla/5.0 (Windows NT 6.1; WOW64) AppleWebKit/535.19 (KHTML, like Gecko) Chrome/18.0.1025.162 Safari/535.19"
91.224.160.35 - - [23/Dec/2012:02:11:58 -0600] "POST /wp-login.php HTTP/1.0" 200 3455 "http://ninjavegan.com/" "Mozilla/5.0 (Windows NT 6.1; WOW64) AppleWebKit/535.19 (KHTML, like Gecko) Chrome/18.0.1025.162 Safari/535.19"
91.224.160.35 - - [23/Dec/2012:02:11:58 -0600] "POST /wp-login.php HTTP/1.0" 200 3455 "http://ninjavegan.com/" "Mozilla/5.0 (Windows NT 6.1; WOW64) AppleWebKit/535.19 (KHTML, like Gecko) Chrome/18.0.1025.162 Safari/535.19"
91.224.160.35 - - [23/Dec/2012:02:11:59 -0600] "POST /wp-login.php HTTP/1.0" 200 3455 "http://ninjavegan.com/" "Mozilla/5.0 (Windows NT 6.1; WOW64) AppleWebKit/535.19 (KHTML, like Gecko) Chrome/18.0.1025.162 Safari/535.19"
91.224.160.35 - - [23/Dec/2012:02:12:00 -0600] "POST /wp-login.php HTTP/1.0" 200 3455 "http://ninjavegan.com/" "Mozilla/5.0 (Windows NT 6.1; WOW64) AppleWebKit/535.19 (KHTML, like Gecko) Chrome/18.0.1025.162 Safari/535.19"
91.224.160.35 - - [23/Dec/2012:02:12:01 -0600] "POST /wp-login.php HTTP/1.0" 200 3455 "http://ninjavegan.com/" "Mozilla/5.0 (Windows NT 6.1; WOW64) AppleWebKit/535.19 (KHTML, like Gecko) Chrome/18.0.1025.162 Safari/535.19"
91.224.160.35 - - [23/Dec/2012:02:12:01 -0600] "POST /wp-login.php HTTP/1.0" 200 3455 "http://ninjavegan.com/" "Mozilla/5.0 (Windows NT 6.1; WOW64) AppleWebKit/535.19 (KHTML, like Gecko) Chrome/18.0.1025.162 Safari/535.19"
91.224.160.35 - - [23/Dec/2012:02:12:02 -0600] "POST /wp-login.php HTTP/1.0" 200 3455 "http://ninjavegan.com/" "Mozilla/5.0 (Windows NT 6.1; WOW64) AppleWebKit/535.19 (KHTML, like Gecko) Chrome/18.0.1025.162 Safari/535.19"
91.224.160.35 - - [23/Dec/2012:02:12:03 -0600] "POST /wp-login.php HTTP/1.0" 200 3455 "http://ninjavegan.com/" "Mozilla/5.0 (Windows NT 6.1; WOW64) AppleWebKit/535.19 (KHTML, like Gecko) Chrome/18.0.1025.162 Safari/535.19"
91.224.160.35 - - [23/Dec/2012:02:12:04 -0600] "POST /wp-login.php HTTP/1.0" 200 3455 "http://ninjavegan.com/" "Mozilla/5.0 (Windows NT 6.1; WOW64) AppleWebKit/535.19 (KHTML, like Gecko) Chrome/18.0.1025.162 Safari/535.19"
91.224.160.35 - - [23/Dec/2012:02:12:05 -0600] "POST /wp-login.php HTTP/1.0" 200 3455 "http://ninjavegan.com/" "Mozilla/5.0 (Windows NT 6.1; WOW64) AppleWebKit/535.19 (KHTML, like Gecko) Chrome/18.0.1025.162 Safari/535.19"
80.36.14.23 - - [23/Dec/2012:03:40:31 -0600] "POST /wp-login.php HTTP/1.1" 200 3631 "http://ninjavegan.com/wp-login.php" "Mozilla/5.0 (Windows NT 6.1; WOW64; rv:8.0.1) Gecko/20100101 Firefox/8.0.1"
80.36.14.23 - - [23/Dec/2012:03:40:32 -0600] "POST /wp-login.php HTTP/1.1" 200 3575 "http://ninjavegan.com/wp-login.php" "Mozilla/5.0 (Windows NT 6.1; WOW64; rv:8.0.1) Gecko/20100101 Firefox/8.0.1"
80.36.14.23 - - [23/Dec/2012:03:40:33 -0600] "POST /wp-login.php HTTP/1.1" 200 3575 "http://ninjavegan.com/wp-login.php" "Mozilla/5.0 (Windows NT 6.1; WOW64; rv:8.0.1) Gecko/20100101 Firefox/8.0.1"
80.36.14.23 - - [23/Dec/2012:03:40:34 -0600] "POST /wp-login.php HTTP/1.1" 200 3575 "http://ninjavegan.com/wp-login.php" "Mozilla/5.0 (Windows NT 6.1; WOW64; rv:8.0.1) Gecko/20100101 Firefox/8.0.1"
80.36.14.23 - - [23/Dec/2012:03:40:35 -0600] "POST /wp-login.php HTTP/1.1" 200 3575 "http://ninjavegan.com/wp-login.php" "Mozilla/5.0 (Windows NT 6.1; WOW64; rv:8.0.1) Gecko/20100101 Firefox/8.0.1"
85.195.101.146 - - [23/Dec/2012:09:55:19 -0600] "GET /wp-content/themes/thesis_17/custom/layout.css?101510-24330 HTTP/1.1" 200 3711 "http://domains.checkparams.com/index.php?q=ninjavegan.com" "Mozilla/5.0 (compatible; DCPbot/1.2; +http://domains.checkparams.com/)"
106.187.97.211 - - [23/Dec/2012:09:56:46 -0600] "GET /wp-content/uploads/2010/10/cimg0460.jpg HTTP/1.0" 200 99208 "-" "-"
106.187.97.211 - - [23/Dec/2012:09:56:46 -0600] "GET /wp-content/uploads/2010/10/cimg0460.jpg HTTP/1.0" 200 99208 "-" "-"
85.195.101.146 - - [23/Dec/2012:09:56:45 -0600] "GET /feed/ HTTP/1.1" 200 2009 "http://domains.checkparams.com/index.php?q=ninjavegan.com" "Mozilla/5.0 (compatible; DCPbot/1.2; +http://domains.checkparams.com/)"
85.195.101.146 - - [23/Dec/2012:09:58:03 -0600] "GET /about/ HTTP/1.1" 200 1884 "http://domains.checkparams.com/index.php?q=ninjavegan.com" "Mozilla/5.0 (compatible; DCPbot/1.2; +http://domains.checkparams.com/)"
85.195.101.146 - - [23/Dec/2012:09:59:06 -0600] "GET /wp-content/themes/thesis_17/style.css?033010-145204 HTTP/1.1" 200 3827 "http://domains.checkparams.com/index.php?q=ninjavegan.com" "Mozilla/5.0 (compatible; DCPbot/1.2; +http://domains.checkparams.com/)"
85.195.101.146 - - [23/Dec/2012:10:00:29 -0600] "GET /wp-content/plugins/contact-form-7/scripts.js?ver=2.2.1 HTTP/1.1" 200 1716 "http://domains.checkparams.com/index.php?q=ninjavegan.com" "Mozilla/5.0 (compatible; DCPbot/1.2; +http://domains.checkparams.com/)"
85.195.101.146 - - [23/Dec/2012:10:01:25 -0600] "GET /wp-content/themes/thesis_17/lib/css/ie.css?090809-235006 HTTP/1.1" 200 615 "http://domains.checkparams.com/index.php?q=ninjavegan.com" "Mozilla/5.0 (compatible; DCPbot/1.2; +http://domains.checkparams.com/)"
85.195.101.146 - - [23/Dec/2012:10:02:11 -0600] "GET /xmlrpc.php HTTP/1.1" 200 296 "http://domains.checkparams.com/index.php?q=ninjavegan.com" "Mozilla/5.0 (compatible; DCPbot/1.2; +http://domains.checkparams.com/)"
106.187.97.211 - - [23/Dec/2012:10:02:53 -0600] "GET /wp-content/uploads/2010/10/cimg0460.jpg HTTP/1.0" 200 99208 "-" "-"
85.195.101.146 - - [23/Dec/2012:10:02:53 -0600] "GET /wild-vegan-hoppin-john/ HTTP/1.1" 200 3309 "http://domains.checkparams.com/index.php?q=ninjavegan.com" "Mozilla/5.0 (compatible; DCPbot/1.2; +http://domains.checkparams.com/)"
85.195.101.146 - - [23/Dec/2012:10:03:37 -0600] "GET /wp-content/uploads/2010/10/cimg0460.jpg HTTP/1.1" 200 97820 "http://domains.checkparams.com/index.php?q=ninjavegan.com" "Mozilla/5.0 (compatible; DCPbot/1.2; +http://domains.checkparams.com/)"
85.195.101.146 - - [23/Dec/2012:10:04:33 -0600] "GET /wp-includes/js/jquery/jquery.js?ver=1.4.2 HTTP/1.1" 200 24936 "http://domains.checkparams.com/index.php?q=ninjavegan.com" "Mozilla/5.0 (compatible; DCPbot/1.2; +http://domains.checkparams.com/)"
85.195.101.146 - - [23/Dec/2012:10:05:15 -0600] "GET /wp-includes/wlwmanifest.xml HTTP/1.1" 200 1314 "http://domains.checkparams.com/index.php?q=ninjavegan.com" "Mozilla/5.0 (compatible; DCPbot/1.2; +http://domains.checkparams.com/)"
85.195.101.146 - - [23/Dec/2012:10:05:56 -0600] "GET /xmlrpc.php?rsd HTTP/1.1" 200 554 "http://domains.checkparams.com/index.php?q=ninjavegan.com" "Mozilla/5.0 (compatible; DCPbot/1.2; +http://domains.checkparams.com/)"
85.195.101.146 - - [23/Dec/2012:10:06:36 -0600] "GET /wp-content/themes/thesis_17/custom/custom.css?091710-221101 HTTP/1.1" 200 494 "http://domains.checkparams.com/index.php?q=ninjavegan.com" "Mozilla/5.0 (compatible; DCPbot/1.2; +http://domains.checkparams.com/)"
85.195.101.146 - - [23/Dec/2012:10:08:26 -0600] "GET /wp-content/plugins/contact-form-7/styles.css?ver=2.2.1 HTTP/1.1" 200 679 "http://domains.checkparams.com/index.php?q=ninjavegan.com" "Mozilla/5.0 (compatible; DCPbot/1.2; +http://domains.checkparams.com/)"
178.154.163.29 - - [23/Dec/2012:12:12:28 -0600] "GET /robots.txt HTTP/1.1" 200 336 "-" "Mozilla/5.0 (compatible; YandexBot/3.0; +http://yandex.com/bots)"
65.55.24.219 - - [23/Dec/2012:12:53:17 -0600] "GET /robots.txt HTTP/1.1" 200 336 "-" "Mozilla/5.0 (compatible; bingbot/2.0; +http://www.bing.com/bingbot.htm)"
46.22.211.11 - - [24/Dec/2012:09:08:25 -0600] "POST /wp-login.php HTTP/1.0" 200 3455 "http://ninjavegan.com/wp-login.php" "Opera/9.80 (Windows NT 6.1; U; ru) Presto/2.8.131 Version/11.10"
180.76.5.113 - - [24/Dec/2012:18:30:52 -0600] "GET /robots.txt HTTP/1.1" 200 343 "-" "Mozilla/5.0 (Windows NT 5.1; rv:6.0.2) Gecko/20100101 Firefox/6.0.2"
178.154.163.29 - - [24/Dec/2012:18:37:46 -0600] "GET /robots.txt HTTP/1.1" 200 336 "-" "Mozilla/5.0 (compatible; YandexBot/3.0; +http://yandex.com/bots)"
178.154.163.29 - - [25/Dec/2012:12:20:31 -0600] "GET /robots.txt HTTP/1.1" 500 761 "-" "Mozilla/5.0 (compatible; YandexBot/3.0; +http://yandex.com/bots)"
176.9.111.204 - - [25/Dec/2012:13:23:20 -0600] "GET / HTTP/1.1" 500 761 "-" "Mozilla/4.0 (compatible; MSIE 7.0; Windows NT 5.1)"
178.154.163.29 - - [25/Dec/2012:14:28:27 -0600] "GET / HTTP/1.1" 500 690 "-" "Mozilla/5.0 (compatible; YandexBot/3.0; +http://yandex.com/bots)"
178.154.163.29 - - [25/Dec/2012:16:48:14 -0600] "GET / HTTP/1.1" 500 690 "-" "Mozilla/5.0 (compatible; YandexBot/3.0; +http://yandex.com/bots)"
178.154.163.29 - - [26/Dec/2012:02:03:39 -0600] "GET /robots.txt HTTP/1.1" 200 336 "-" "Mozilla/5.0 (compatible; YandexBot/3.0; +http://yandex.com/bots)"
180.76.5.176 - - [26/Dec/2012:09:32:05 -0600] "GET /robots.txt HTTP/1.1" 200 343 "-" "Mozilla/5.0 (Windows NT 5.1; rv:6.0.2) Gecko/20100101 Firefox/6.0.2"
178.154.163.29 - - [26/Dec/2012:20:13:30 -0600] "GET /robots.txt HTTP/1.1" 200 336 "-" "Mozilla/5.0 (compatible; YandexBot/3.0; +http://yandex.com/bots)"
106.187.97.211 - - [27/Dec/2012:03:55:12 -0600] "GET /wp-content/uploads/2010/10/cimg0460.jpg HTTP/1.0" 200 99208 "-" "-"
64.246.161.190 - - [27/Dec/2012:03:55:10 -0600] "GET / HTTP/1.1" 200 2940 "http://whois.domaintools.com/ninjavegan.com" "Mozilla/5.0 (Windows; U; Windows NT 5.1; en; rv:1.9.0.13) Gecko/2009073022 Firefox/3.5.2 (.NET CLR 3.5.30729) SurveyBot/2.3 (DomainTools)"
66.249.74.103 - - [27/Dec/2012:09:12:07 -0600] "GET /robots.txt HTTP/1.1" 200 380 "-" "Mozilla/5.0 (compatible; Googlebot/2.1; +http://www.google.com/bot.html)"
180.76.5.197 - - [27/Dec/2012:14:20:30 -0600] "GET /robots.txt HTTP/1.1" 200 343 "-" "Mozilla/5.0 (Windows NT 5.1; rv:6.0.2) Gecko/20100101 Firefox/6.0.2"
46.22.211.11 - - [27/Dec/2012:17:27:36 -0600] "POST /wp-login.php HTTP/1.0" 200 3455 "http://ninjavegan.com/wp-login.php" "Opera/9.80 (Windows NT 6.1; U; ru) Presto/2.8.131 Version/11.10"
178.154.163.29 - - [28/Dec/2012:02:24:04 -0600] "GET /robots.txt HTTP/1.1" 200 336 "-" "Mozilla/5.0 (compatible; YandexBot/3.0; +http://yandex.com/bots)"
106.187.97.211 - - [28/Dec/2012:03:31:51 -0600] "GET /wp-content/uploads/2010/10/cimg0460.jpg HTTP/1.0" 200 99208 "-" "-"
46.21.144.53 - - [28/Dec/2012:03:31:50 -0600] "HEAD / HTTP/1.1" 200 307 "http://mawords.com/ninjavegan.com" "Mozilla/4.0 (compatible; MSIE 8.0; Windows NT 5.1; SV1; .NET CLR 2.0.50727)"
106.187.97.211 - - [28/Dec/2012:06:37:20 -0600] "GET /wp-content/uploads/2010/10/cimg0460.jpg HTTP/1.0" 200 99208 "-" "-"
87.98.254.80 - - [28/Dec/2012:06:37:20 -0600] "HEAD / HTTP/1.0" 200 294 "-" "Mozilla/5.0 (compatible; 4SeoHuntBot; +http://4seohunt.com/bot.html)"
106.187.97.211 - - [28/Dec/2012:06:37:21 -0600] "GET /wp-content/uploads/2010/10/cimg0460.jpg HTTP/1.0" 200 99208 "-" "-"
87.98.254.80 - - [28/Dec/2012:06:37:21 -0600] "GET / HTTP/1.0" 200 7072 "-" "Mozilla/5.0 (compatible; 4SeoHuntBot; +http://4seohunt.com/bot.html)"
180.76.5.64 - - [28/Dec/2012:10:07:23 -0600] "GET /robots.txt HTTP/1.1" 200 343 "-" "Mozilla/5.0 (Windows NT 5.1; rv:6.0.2) Gecko/20100101 Firefox/6.0.2"
106.187.97.211 - - [28/Dec/2012:14:18:58 -0600] "GET /wp-content/uploads/2010/10/cimg0460.jpg HTTP/1.0" 200 99208 "-" "-"
178.32.77.82 - - [28/Dec/2012:14:18:58 -0600] "HEAD / HTTP/1.0" 200 294 "-" "Mozilla/5.0 (compatible; 4SeoHuntBot; +http://4seohunt.com/bot.html)"
106.187.97.211 - - [28/Dec/2012:14:18:59 -0600] "GET /wp-content/uploads/2010/10/cimg0460.jpg HTTP/1.0" 200 99208 "-" "-"
178.32.77.82 - - [28/Dec/2012:14:18:59 -0600] "GET / HTTP/1.0" 200 7072 "-" "Mozilla/5.0 (compatible; 4SeoHuntBot; +http://4seohunt.com/bot.html)"
106.187.97.211 - - [28/Dec/2012:19:29:25 -0600] "GET /wp-content/uploads/2010/10/cimg0460.jpg HTTP/1.0" 200 99208 "-" "-"
216.96.86.26 - - [28/Dec/2012:19:29:24 -0600] "GET / HTTP/1.1" 200 2977 "-" "Mozilla/5.0 (Macintosh; Intel Mac OS X 10.7; rv:17.0) Gecko/20100101 Firefox/17.0"
216.96.86.26 - - [28/Dec/2012:19:29:25 -0600] "GET /wp-content/themes/thesis_17/style.css?033010-145204 HTTP/1.1" 200 3863 "http://ninjavegan.com/" "Mozilla/5.0 (Macintosh; Intel Mac OS X 10.7; rv:17.0) Gecko/20100101 Firefox/17.0"
216.96.86.26 - - [28/Dec/2012:19:29:26 -0600] "GET /wp-content/themes/thesis_17/custom/custom.css?091710-221101 HTTP/1.1" 200 531 "http://ninjavegan.com/" "Mozilla/5.0 (Macintosh; Intel Mac OS X 10.7; rv:17.0) Gecko/20100101 Firefox/17.0"
216.96.86.26 - - [28/Dec/2012:19:29:26 -0600] "GET /wp-content/themes/thesis_17/custom/layout.css?101510-24330 HTTP/1.1" 200 3748 "http://ninjavegan.com/" "Mozilla/5.0 (Macintosh; Intel Mac OS X 10.7; rv:17.0) Gecko/20100101 Firefox/17.0"
216.96.86.26 - - [28/Dec/2012:19:29:26 -0600] "GET /wp-content/plugins/contact-form-7/styles.css?ver=2.2.1 HTTP/1.1" 200 716 "http://ninjavegan.com/" "Mozilla/5.0 (Macintosh; Intel Mac OS X 10.7; rv:17.0) Gecko/20100101 Firefox/17.0"
216.96.86.26 - - [28/Dec/2012:19:29:26 -0600] "GET /wp-includes/js/jquery/jquery.form.js?ver=2.02m HTTP/1.1" 200 3303 "http://ninjavegan.com/" "Mozilla/5.0 (Macintosh; Intel Mac OS X 10.7; rv:17.0) Gecko/20100101 Firefox/17.0"
216.96.86.26 - - [28/Dec/2012:19:29:26 -0600] "GET /wp-includes/js/jquery/jquery.js?ver=1.4.2 HTTP/1.1" 200 24973 "http://ninjavegan.com/" "Mozilla/5.0 (Macintosh; Intel Mac OS X 10.7; rv:17.0) Gecko/20100101 Firefox/17.0"
216.96.86.26 - - [28/Dec/2012:19:29:26 -0600] "GET /wp-content/plugins/contact-form-7/scripts.js?ver=2.2.1 HTTP/1.1" 200 1752 "http://ninjavegan.com/" "Mozilla/5.0 (Macintosh; Intel Mac OS X 10.7; rv:17.0) Gecko/20100101 Firefox/17.0"
216.96.86.26 - - [28/Dec/2012:19:29:26 -0600] "GET /wp-content/themes/thesis_17/lib/images/dot-ddd.gif HTTP/1.1" 200 337 "http://ninjavegan.com/wp-content/themes/thesis_17/custom/layout.css?101510-24330" "Mozilla/5.0 (Macintosh; Intel Mac OS X 10.7; rv:17.0) Gecko/20100101 Firefox/17.0"
216.96.86.26 - - [28/Dec/2012:19:29:26 -0600] "GET /wp-content/themes/thesis_17/lib/images/icon-rss.gif HTTP/1.1" 200 1257 "http://ninjavegan.com/wp-content/themes/thesis_17/style.css?033010-145204" "Mozilla/5.0 (Macintosh; Intel Mac OS X 10.7; rv:17.0) Gecko/20100101 Firefox/17.0"
216.96.86.26 - - [28/Dec/2012:19:29:26 -0600] "GET /wp-content/uploads/2010/10/cimg0460.jpg HTTP/1.1" 200 99219 "http://ninjavegan.com/" "Mozilla/5.0 (Macintosh; Intel Mac OS X 10.7; rv:17.0) Gecko/20100101 Firefox/17.0"
216.96.86.26 - - [28/Dec/2012:19:29:29 -0600] "GET /wp-admin HTTP/1.1" 301 564 "-" "Mozilla/5.0 (Macintosh; Intel Mac OS X 10.7; rv:17.0) Gecko/20100101 Firefox/17.0"
216.96.86.26 - - [28/Dec/2012:19:29:29 -0600] "GET /favicon.ico HTTP/1.1" 200 238 "-" "Mozilla/5.0 (Macintosh; Intel Mac OS X 10.7; rv:17.0) Gecko/20100101 Firefox/17.0"
216.96.86.26 - - [28/Dec/2012:19:29:29 -0600] "GET /wp-admin/ HTTP/1.1" 302 560 "-" "Mozilla/5.0 (Macintosh; Intel Mac OS X 10.7; rv:17.0) Gecko/20100101 Firefox/17.0"
216.96.86.26 - - [28/Dec/2012:19:29:32 -0600] "GET /wp-login.php?redirect_to=http%3A%2F%2Fninjavegan.com%2Fwp-admin%2F&reauth=1 HTTP/1.1" 200 3051 "-" "Mozilla/5.0 (Macintosh; Intel Mac OS X 10.7; rv:17.0) Gecko/20100101 Firefox/17.0"
216.96.86.26 - - [28/Dec/2012:19:29:32 -0600] "GET /wp-admin/css/login.css?ver=20100601 HTTP/1.1" 200 1156 "http://ninjavegan.com/wp-login.php?redirect_to=http%3A%2F%2Fninjavegan.com%2Fwp-admin%2F&reauth=1" "Mozilla/5.0 (Macintosh; Intel Mac OS X 10.7; rv:17.0) Gecko/20100101 Firefox/17.0"
216.96.86.26 - - [28/Dec/2012:19:29:32 -0600] "GET /wp-admin/css/colors-fresh.css?ver=20100610 HTTP/1.1" 200 6332 "http://ninjavegan.com/wp-login.php?redirect_to=http%3A%2F%2Fninjavegan.com%2Fwp-admin%2F&reauth=1" "Mozilla/5.0 (Macintosh; Intel Mac OS X 10.7; rv:17.0) Gecko/20100101 Firefox/17.0"
216.96.86.26 - - [28/Dec/2012:19:29:33 -0600] "GET /wp-admin/images/button-grad.png HTTP/1.1" 200 532 "http://ninjavegan.com/wp-admin/css/colors-fresh.css?ver=20100610" "Mozilla/5.0 (Macintosh; Intel Mac OS X 10.7; rv:17.0) Gecko/20100101 Firefox/17.0"
216.96.86.26 - - [28/Dec/2012:19:29:33 -0600] "GET /wp-admin/images/logo-login.gif HTTP/1.1" 200 5108 "http://ninjavegan.com/wp-admin/css/login.css?ver=20100601" "Mozilla/5.0 (Macintosh; Intel Mac OS X 10.7; rv:17.0) Gecko/20100101 Firefox/17.0"
